Archive member included because of file (symbol)

C:/Freescale/CW MCU v10.5/MCU/ARM_GCC_Support/ewl/lib/armv6-m\libc.a(sscanf.o)
                              ./sources/TFC/TFC_Terminal.o (sscanf)
C:/Freescale/CW MCU v10.5/MCU/ARM_GCC_Support/ewl/lib/armv6-m\libc.a(vsprintf.o)
                              ./sources/TFC/TFC_Queue.o (vsprintf)
C:/Freescale/CW MCU v10.5/MCU/ARM_GCC_Support/ewl/lib/armv6-m\libc.a(vsscanf.o)
                              C:/Freescale/CW MCU v10.5/MCU/ARM_GCC_Support/ewl/lib/armv6-m\libc.a(sscanf.o) (vsscanf)
C:/Freescale/CW MCU v10.5/MCU/ARM_GCC_Support/ewl/lib/armv6-m\libc.a(exit.o)
                              ./Project_Settings/Startup_Code/__arm_start.o (exit)
C:/Freescale/CW MCU v10.5/MCU/ARM_GCC_Support/ewl/lib/armv6-m\libc.a(memset.o)
                              ./Project_Settings/Startup_Code/__arm_start.o (memset)
C:/Freescale/CW MCU v10.5/MCU/ARM_GCC_Support/ewl/lib/armv6-m\libc.a(strcmp.o)
                              ./sources/TFC/TFC_Terminal.o (strcmp)
C:/Freescale/CW MCU v10.5/MCU/ARM_GCC_Support/ewl/lib/armv6-m\libc.a(strcpy.o)
                              ./sources/TFC/TFC_Terminal.o (strcpy)
C:/Freescale/CW MCU v10.5/MCU/ARM_GCC_Support/ewl/lib/armv6-m\libc.a(strlen.o)
                              ./sources/TFC/TFC_Queue.o (strlen)
C:/Freescale/CW MCU v10.5/MCU/ARM_GCC_Support/ewl/lib/armv6-m\libc.a(printformat_.o)
                              (__pformatter_)
C:/Freescale/CW MCU v10.5/MCU/ARM_GCC_Support/ewl/lib/armv6-m\libc.a(scanformat_.o)
                              (__sformatter)
C:/Freescale/CW MCU v10.5/MCU/ARM_GCC_Support/ewl/lib/armv6-m\libc.a(ctype_aeabi.o)
                              C:/Freescale/CW MCU v10.5/MCU/ARM_GCC_Support/ewl/lib/armv6-m\libc.a(scanformat_.o) (isspace)
C:/Freescale/CW MCU v10.5/MCU/ARM_GCC_Support/ewl/lib/armv6-m\libc.a(vsnprintf.o)
                              C:/Freescale/CW MCU v10.5/MCU/ARM_GCC_Support/ewl/lib/armv6-m\libc.a(vsprintf.o) (vsnprintf)
C:/Freescale/CW MCU v10.5/MCU/ARM_GCC_Support/ewl/lib/armv6-m\libc.a(__strtoul.o)
                              C:/Freescale/CW MCU v10.5/MCU/ARM_GCC_Support/ewl/lib/armv6-m\libc.a(scanformat_.o) (__strtoul)
C:/Freescale/CW MCU v10.5/MCU/ARM_GCC_Support/ewl/lib/armv6-m\libc.a(__filll_mem.o)
                              C:/Freescale/CW MCU v10.5/MCU/ARM_GCC_Support/ewl/lib/armv6-m\libc.a(memset.o) (__fill_mem)
C:/Freescale/CW MCU v10.5/MCU/ARM_GCC_Support/ewl/lib/armv6-m\libc.a(memchr.o)
                              C:/Freescale/CW MCU v10.5/MCU/ARM_GCC_Support/ewl/lib/armv6-m\libc.a(printformat_.o) (memchr)
C:/Freescale/CW MCU v10.5/MCU/ARM_GCC_Support/ewl/lib/armv6-m\libc.a(memcpy.o)
                              C:/Freescale/CW MCU v10.5/MCU/ARM_GCC_Support/ewl/lib/armv6-m\libc.a(scanformat_.o) (memcpy)
C:/Freescale/CW MCU v10.5/MCU/ARM_GCC_Support/ewl/lib/armv6-m\libc.a(strchr.o)
                              C:/Freescale/CW MCU v10.5/MCU/ARM_GCC_Support/ewl/lib/armv6-m\libc.a(printformat_.o) (strchr)
c:/freescale/cw mcu v10.5/cross_tools/arm-none-eabi-gcc-4_7_3/bin/../lib/gcc/arm-none-eabi/4.7.3/armv6-m\libgcc.a(_thumb1_case_sqi.o)
                              C:/Freescale/CW MCU v10.5/MCU/ARM_GCC_Support/ewl/lib/armv6-m\libc.a(__strtoul.o) (__gnu_thumb1_case_sqi)
c:/freescale/cw mcu v10.5/cross_tools/arm-none-eabi-gcc-4_7_3/bin/../lib/gcc/arm-none-eabi/4.7.3/armv6-m\libgcc.a(_thumb1_case_uqi.o)
                              C:/Freescale/CW MCU v10.5/MCU/ARM_GCC_Support/ewl/lib/armv6-m\libc.a(scanformat_.o) (__gnu_thumb1_case_uqi)
c:/freescale/cw mcu v10.5/cross_tools/arm-none-eabi-gcc-4_7_3/bin/../lib/gcc/arm-none-eabi/4.7.3/armv6-m\libgcc.a(_udivsi3.o)
                              ./sources/TFC/TFC_UART.o (__aeabi_uidiv)
c:/freescale/cw mcu v10.5/cross_tools/arm-none-eabi-gcc-4_7_3/bin/../lib/gcc/arm-none-eabi/4.7.3/armv6-m\libgcc.a(_divsi3.o)
                              ./sources/TFC/TFC_CrystalClock.o (__aeabi_idiv)
c:/freescale/cw mcu v10.5/cross_tools/arm-none-eabi-gcc-4_7_3/bin/../lib/gcc/arm-none-eabi/4.7.3/armv6-m\libgcc.a(_dvmd_tls.o)
                              c:/freescale/cw mcu v10.5/cross_tools/arm-none-eabi-gcc-4_7_3/bin/../lib/gcc/arm-none-eabi/4.7.3/armv6-m\libgcc.a(_udivsi3.o) (__aeabi_idiv0)
c:/freescale/cw mcu v10.5/cross_tools/arm-none-eabi-gcc-4_7_3/bin/../lib/gcc/arm-none-eabi/4.7.3/armv6-m\libgcc.a(_arm_cmpdf2.o)
                              ./sources/TFC/TFC_Motor.o (__aeabi_dcmplt)
c:/freescale/cw mcu v10.5/cross_tools/arm-none-eabi-gcc-4_7_3/bin/../lib/gcc/arm-none-eabi/4.7.3/armv6-m\libgcc.a(_arm_cmpsf2.o)
                              ./sources/TFC/TFC_Servo.o (__aeabi_fcmple)
c:/freescale/cw mcu v10.5/cross_tools/arm-none-eabi-gcc-4_7_3/bin/../lib/gcc/arm-none-eabi/4.7.3/armv6-m\libgcc.a(_fixunssfsi.o)
                              ./sources/TFC/TFC_Servo.o (__aeabi_f2uiz)
c:/freescale/cw mcu v10.5/cross_tools/arm-none-eabi-gcc-4_7_3/bin/../lib/gcc/arm-none-eabi/4.7.3/armv6-m\libgcc.a(addsf3.o)
[...]
Memory Configuration

Name             Origin             Length             Attributes
m_interrupts     0x00000000         0x000000c0         xr
m_cfmprotrom     0x00000400         0x00000010         xr
m_text           0x00000800         0x0001f800         xr
m_data           0x1ffff000         0x00004000         xrw
*default*        0x00000000         0xffffffff

Linker script and memory map

LOAD ./.metadata/.plugins/org.eclipse.cdt.make.core/specs.o
LOAD ./Project_Settings/Startup_Code/kinetis_sysinit.o
LOAD ./Project_Settings/Startup_Code/__arm_start.o
LOAD ./Project_Settings/Startup_Code/__arm_end.o
LOAD ./sources/TFC/TFC_arm_cm0.o
LOAD ./sources/TFC/TFC_UART.o
LOAD ./sources/TFC/TFC_Terminal.o
LOAD ./sources/TFC/TFC_Servo.o
LOAD ./sources/TFC/TFC_Queue.o
LOAD ./sources/TFC/TFC_Motor.o
LOAD ./sources/TFC/TFC_LineScanCamera.o
LOAD ./sources/TFC/TFC_CrystalClock.o
LOAD ./sources/TFC/TFC_BoardSupport.o
LOAD ./sources/TFC/TFC_ARM_SysTick.o
LOAD ./sources/TFC/TFC_ADC.o
LOAD ./sources/TFC/TFC.o
LOAD ./sources/sa_mtb.o
LOAD ./sources/main.o
                0x000056a8                __pformatter = __pformatter_
                [0x00005ad0]                __sformatter = __sformatter
START GROUP
LOAD C:/Freescale/CW MCU v10.5/MCU/ARM_GCC_Support/ewl/lib/armv6-m\libc.a
LOAD C:/Freescale/CW MCU v10.5/MCU/ARM_GCC_Support/ewl/lib/armv6-m\libm.a
LOAD c:/freescale/cw mcu v10.5/cross_tools/arm-none-eabi-gcc-4_7_3/bin/../lib/gcc/arm-none-eabi/4.7.3/armv6-m\libgcc.a
LOAD C:/Freescale/CW MCU v10.5/MCU/ARM_GCC_Support/ewl/lib/armv6-m\librt.a
LOAD C:/Freescale/CW MCU v10.5/MCU/ARM_GCC_Support/ewl/lib/armv6-m\libuart.a
END GROUP
                0x20003000                _estack = 0x20003000
                0x20003000                __SP_INIT = _estack
                0x00000400                __heap_size = 0x400
                0x00000400                __stack_size = 0x400

.interrupts     0x00000000       0xc0
                0x00000000                __vector_table = .
                0x00000000                . = ALIGN (0x4)
 *(.vectortable)
 .vectortable   0x00000000       0xc0 ./Project_Settings/Startup_Code/kinetis_sysinit.o
                0x00000000                InterruptVector
                0x000000c0                . = ALIGN (0x4)

.cfmprotect     0x00000400        0x0
                0x00000400                . = ALIGN (0x4)
 *(.cfmconfig)
                0x00000400                . = ALIGN (0x4)

.text           0x00000800     0x6678
                0x00000800                . = ALIGN (0x4)
 *(.text)
 .text          0x00000800       0x14 c:/freescale/cw mcu v10.5/cross_tools/arm-none-eabi-gcc-4_7_3/bin/../lib/gcc/arm-none-eabi/4.7.3/armv6-m\libgcc.a(_thumb1_case_sqi.o)
                0x00000800                __gnu_thumb1_case_sqi
 .text          0x00000814       0x14 c:/freescale/cw mcu v10.5/cross_tools/arm-none-eabi-gcc-4_7_3/bin/../lib/gcc/arm-none-eabi/4.7.3/armv6-m\libgcc.a(_thumb1_case_uqi.o)
                0x00000814                __gnu_thumb1_case_uqi
 .text          0x00000828       0x9c c:/freescale/cw mcu v10.5/cross_tools/arm-none-eabi-gcc-4_7_3/bin/../lib/gcc/arm-none-eabi/4.7.3/armv6-m\libgcc.a(_udivsi3.o)
                0x00000828                __aeabi_uidiv
                0x00000828                __udivsi3
                0x000008b0                __aeabi_uidivmod
 .text          0x000008c4       0xc0 c:/freescale/cw mcu v10.5/cross_tools/arm-none-eabi-gcc-4_7_3/bin/../lib/gcc/arm-none-eabi/4.7.3/armv6-m\libgcc.a(_divsi3.o)
                0x000008c4                __divsi3
                0x000008c4                __aeabi_idiv
                0x00000970                __aeabi_idivmod
 .text          0x00000984        0x4 c:/freescale/cw mcu v10.5/cross_tools/arm-none-eabi-gcc-4_7_3/bin/../lib/gcc/arm-none-eabi/4.7.3/armv6-m\libgcc.a(_dvmd_tls.o)
                0x00000984                __aeabi_idiv0
                0x00000984                __aeabi_ldiv0
 .text          0x00000988       0x7c c:/freescale/cw mcu v10.5/cross_tools/arm-none-eabi-gcc-4_7_3/bin/../lib/gcc/arm-none-eabi/4.7.3/armv6-m\libgcc.a(_arm_cmpdf2.o)
                0x00000988                __aeabi_cdrcmple
                0x00000998                __aeabi_cdcmple
                0x00000998                __aeabi_cdcmpeq
                0x000009a8                __aeabi_dcmpeq
                0x000009b4                __aeabi_dcmplt
                0x000009c8                __aeabi_dcmple
                0x000009dc                __aeabi_dcmpgt
                0x000009f0                __aeabi_dcmpge
 .text          0x00000a04       0x74 c:/freescale/cw mcu v10.5/cross_tools/arm-none-eabi-gcc-4_7_3/bin/../lib/gcc/arm-none-eabi/4.7.3/armv6-m\libgcc.a(_arm_cmpsf2.o)
                0x00000a04                __aeabi_cfrcmple
                0x00000a0c                __aeabi_cfcmpeq
                0x00000a0c                __aeabi_cfcmple
                0x00000a1c                __aeabi_fcmpeq
                0x00000a28                __aeabi_fcmplt
                0x00000a3c                __aeabi_fcmple
                0x00000a50                __aeabi_fcmpgt
                0x00000a64                __aeabi_fcmpge
 .text          0x00000a78       0x30 c:/freescale/cw mcu v10.5/cross_tools/arm-none-eabi-gcc-4_7_3/bin/../lib/gcc/arm-none-eabi/4.7.3/armv6-m\libgcc.a(_fixunssfsi.o)
                0x00000a78                __fixunssfsi
                0x00000a78                __aeabi_f2uiz
 .text          0x00000aa8      0x274 c:/freescale/cw mcu v10.5/cross_tools/arm-none-eabi-gcc-4_7_3/bin/../lib/gcc/arm-none-eabi/4.7.3/armv6-m\libgcc.a(divsf3.o)
                0x00000aa8                __aeabi_fdiv
 .text          0x00000d1c       0x50 c:/freescale/cw mcu v10.5/cross_tools/arm-none-eabi-gcc-4_7_3/bin/../lib/gcc/arm-none-eabi/4.7.3/armv6-m\libgcc.a(eqsf2.o)
                0x00000d1c                __eqsf2
                0x00000d1c                __nesf2
 .text          0x00000d6c       0x90 c:/freescale/cw mcu v10.5/cross_tools/arm-none-eabi-gcc-4_7_3/bin/../lib/gcc/arm-none-eabi/4.7.3/armv6-m\libgcc.a(gesf2.o)
                0x00000d6c                __gesf2
                0x00000d6c                __gtsf2
 .text          0x00000dfc       0x90 c:/freescale/cw mcu v10.5/cross_tools/arm-none-eabi-gcc-4_7_3/bin/../lib/gcc/arm-none-eabi/4.7.3/armv6-m\libgcc.a(lesf2.o)
                0x00000dfc                __ltsf2
                0x00000dfc                __lesf2
 .text          0x00000e8c      0x260 c:/freescale/cw mcu v10.5/cross_tools/arm-none-eabi-gcc-4_7_3/bin/../lib/gcc/arm-none-eabi/4.7.3/armv6-m\libgcc.a(mulsf3.o)
                0x00000e8c                __aeabi_fmul
 .text          0x000010ec      0x3ac c:/freescale/cw mcu v10.5/cross_tools/arm-none-eabi-gcc-4_7_3/bin/../lib/gcc/arm-none-eabi/4.7.3/armv6-m\libgcc.a(subsf3.o)
                0x000010ec                __aeabi_fsub
 .text          0x00001498       0x40 c:/freescale/cw mcu v10.5/cross_tools/arm-none-eabi-gcc-4_7_3/bin/../lib/gcc/arm-none-eabi/4.7.3/armv6-m\libgcc.a(fixsfsi.o)
                0x00001498                __aeabi_f2iz
 .text          0x000014d8       0xa8 c:/freescale/cw mcu v10.5/cross_tools/arm-none-eabi-gcc-4_7_3/bin/../lib/gcc/arm-none-eabi/4.7.3/armv6-m\libgcc.a(floatsisf.o)
                0x000014d8                __aeabi_i2f
 .text          0x00001580       0xa8 c:/freescale/cw mcu v10.5/cross_tools/arm-none-eabi-gcc-4_7_3/bin/../lib/gcc/arm-none-eabi/4.7.3/armv6-m\libgcc.a(floatunsisf.o)
                0x00001580                __aeabi_ui2f
 .text          0x00001628      0x758 c:/freescale/cw mcu v10.5/cross_tools/arm-none-eabi-gcc-4_7_3/bin/../lib/gcc/arm-none-eabi/4.7.3/armv6-m\libgcc.a(adddf3.o)
                0x00001628                __aeabi_dadd
 .text          0x00001d80      0x5b8 c:/freescale/cw mcu v10.5/cross_tools/arm-none-eabi-gcc-4_7_3/bin/../lib/gcc/arm-none-eabi/4.7.3/armv6-m\libgcc.a(divdf3.o)
                0x00001d80                __aeabi_ddiv
 .text          0x00002338       0x7c c:/freescale/cw mcu v10.5/cross_tools/arm-none-eabi-gcc-4_7_3/bin/../lib/gcc/arm-none-eabi/4.7.3/armv6-m\libgcc.a(eqdf2.o)
                0x00002338                __nedf2
                0x00002338                __eqdf2
 .text          0x000023b4       0xe8 c:/freescale/cw mcu v10.5/cross_tools/arm-none-eabi-gcc-4_7_3/bin/../lib/gcc/arm-none-eabi/4.7.3/armv6-m\libgcc.a(gedf2.o)
                0x000023b4                __gedf2
                0x000023b4                __gtdf2
 .text          0x0000249c       0xd8 c:/freescale/cw mcu v10.5/cross_tools/arm-none-eabi-gcc-4_7_3/bin/../lib/gcc/arm-none-eabi/4.7.3/armv6-m\libgcc.a(ledf2.o)
                0x0000249c                __ledf2
                0x0000249c                __ltdf2
 .text          0x00002574      0x4e4 c:/freescale/cw mcu v10.5/cross_tools/arm-none-eabi-gcc-4_7_3/bin/../lib/gcc/arm-none-eabi/4.7.3/armv6-m\libgcc.a(muldf3.o)
                0x00002574                __aeabi_dmul
 .text          0x00002a58       0x74 c:/freescale/cw mcu v10.5/cross_tools/arm-none-eabi-gcc-4_7_3/bin/../lib/gcc/arm-none-eabi/4.7.3/armv6-m\libgcc.a(floatsidf.o)
                0x00002a58                __aeabi_i2d
 .text          0x00002acc       0x64 c:/freescale/cw mcu v10.5/cross_tools/arm-none-eabi-gcc-4_7_3/bin/../lib/gcc/arm-none-eabi/4.7.3/armv6-m\libgcc.a(floatunsidf.o)
                0x00002acc                __aeabi_ui2d
 .text          0x00002b30       0xa8 c:/freescale/cw mcu v10.5/cross_tools/arm-none-eabi-gcc-4_7_3/bin/../lib/gcc/arm-none-eabi/4.7.3/armv6-m\libgcc.a(extendsfdf2.o)
                0x00002b30                __aeabi_f2d
 .text          0x00002bd8      0x134 c:/freescale/cw mcu v10.5/cross_tools/arm-none-eabi-gcc-4_7_3/bin/../lib/gcc/arm-none-eabi/4.7.3/armv6-m\libgcc.a(truncdfsf2.o)
                0x00002bd8                __aeabi_d2f
 .text          0x00002d0c       0x3c c:/freescale/cw mcu v10.5/cross_tools/arm-none-eabi-gcc-4_7_3/bin/../lib/gcc/arm-none-eabi/4.7.3/armv6-m\libgcc.a(_clzsi2.o)
                0x00002d0c                __clzsi2
 *(.text*)
 .text.Default_Handler
                0x00002d48        0xc ./Project_Settings/Startup_Code/kinetis_sysinit.o
                0x00002d48                RTC_Alarm_IRQHandler
                0x00002d48                I2C0_IRQHandler
                0x00002d48                HardFault_Handler
                0x00002d48                PendSV_Handler
                0x00002d48                NMI_Handler
                0x00002d48                I2C1_IRQHandler
                0x00002d48                UART1_IRQHandler
                0x00002d48                DMA2_IRQHandler
                0x00002d48                TSI0_IRQHandler
                0x00002d48                SPI1_IRQHandler
                0x00002d48                PORTD_IRQHandler
                0x00002d48                LPTimer_IRQHandler
                0x00002d48                RTC_Seconds_IRQHandler
                0x00002d48                MCG_IRQHandler
                0x00002d48                UART2_IRQHandler
                0x00002d48                Default_Handler
                0x00002d48                LLW_IRQHandler
                0x00002d48                SVC_Handler
                0x00002d48                USBOTG_IRQHandler
                0x00002d48                DMA3_IRQHandler
                0x00002d48                DMA0_IRQHandler
                0x00002d48                DAC0_IRQHandler
                0x00002d48                PMC_IRQHandler
                0x00002d48                SPI0_IRQHandler
                0x00002d48                FTM0_IRQHandler
                0x00002d48                PORTA_IRQHandler
                0x00002d48                MCM_IRQHandler
                0x00002d48                FTFL_IRQHandler
                0x00002d48                FTM2_IRQHandler
                0x00002d48                CMP0_IRQHandler
                0x00002d48                DMA1_IRQHandler
 .text.__init_hardware
                0x00002d54       0x2c ./Project_Settings/Startup_Code/kinetis_sysinit.o
                0x00002d54                __init_hardware
 .text.zero_fill_bss
                0x00002d80       0x24 ./Project_Settings/Startup_Code/__arm_start.o
 .text.__thumb_startup
                0x00002da4       0x30 ./Project_Settings/Startup_Code/__arm_start.o
                0x00002da4                __thumb_startup
 .text._ExitProcess
                0x00002dd4        0xc ./Project_Settings/Startup_Code/__arm_end.o
                0x00002dd4                _ExitProcess
 .text.enable_irq
                0x00002de0       0x6c ./sources/TFC/TFC_arm_cm0.o
                0x00002de0                enable_irq
 .text.disable_irq
                0x00002e4c       0x40 ./sources/TFC/TFC_arm_cm0.o
                0x00002e4c                disable_irq
 .text.TFC_InitUARTs
                0x00002e8c       0xd0 ./sources/TFC/TFC_UART.o
                0x00002e8c                TFC_InitUARTs
 .text.TFC_UART_Process
                0x00002f5c       0x40 ./sources/TFC/TFC_UART.o
                0x00002f5c                TFC_UART_Process
 .text.UART0_IRQHandler
                0x00002f9c       0x78 ./sources/TFC/TFC_UART.o
                0x00002f9c                UART0_IRQHandler
 .text.uart0_init
                0x00003014      0x22c ./sources/TFC/TFC_UART.o
                0x00003014                uart0_init
 .text.TerminalBootMsg
                0x00003240       0x6c ./sources/TFC/TFC_Terminal.o
                0x00003240                TerminalBootMsg
 .text.TFC_InitTerminal
                0x000032ac       0x20 ./sources/TFC/TFC_Terminal.o
                0x000032ac                TFC_InitTerminal
 .text.TerminalCmd_Help
                0x000032cc       0xa4 ./sources/TFC/TFC_Terminal.o
                0x000032cc                TerminalCmd_Help
 .text.TerminalCmd_E
                0x00003370       0x30 ./sources/TFC/TFC_Terminal.o
                0x00003370                TerminalCmd_E
 .text.TerminalCmd_D
                0x000033a0       0x38 ./sources/TFC/TFC_Terminal.o
                0x000033a0                TerminalCmd_D
 .text.TerminalCmd_GetLineScan
                0x000033d8      0x118 ./sources/TFC/TFC_Terminal.o
                0x000033d8                TerminalCmd_GetLineScan
 .text.TerminalCmd_S
                0x000034f0       0xa8 ./sources/TFC/TFC_Terminal.o
                0x000034f0                TerminalCmd_S
 .text.TerminalCmd_H
                0x00003598       0xb4 ./sources/TFC/TFC_Terminal.o
                0x00003598                TerminalCmd_H
 .text.TFC_ProcessTerminal
                0x0000364c      0x2c0 ./sources/TFC/TFC_Terminal.o
                0x0000364c                TFC_ProcessTerminal
 *fill*         0x0000390c        0x4 00
 .text.TFC_SetServo
                0x00003910       0x88 ./sources/TFC/TFC_Servo.o
                0x00003910                TFC_SetServo
 .text.TFC_SetServoDutyCycle
                0x00003998       0x34 ./sources/TFC/TFC_Servo.o
                0x00003998                TFC_SetServoDutyCycle
 .text.FTM1_IRQHandler
                0x000039cc       0x40 ./sources/TFC/TFC_Servo.o
                0x000039cc                FTM1_IRQHandler
 .text.TFC_SetServoLookup
                0x00003a0c       0x50 ./sources/TFC/TFC_Servo.o
                0x00003a0c                TFC_SetServoLookup
 .text.TFC_InitServos
                0x00003a5c       0xb8 ./sources/TFC/TFC_Servo.o
                0x00003a5c                TFC_InitServos
 .text.InitByteQueue
                0x00003b14       0x6c ./sources/TFC/TFC_Queue.o
                0x00003b14                InitByteQueue
 .text.BytesInQueue
                0x00003b80       0x50 ./sources/TFC/TFC_Queue.o
                0x00003b80                BytesInQueue
 .text.ByteEnqueue
                0x00003bd0       0x64 ./sources/TFC/TFC_Queue.o
                0x00003bd0                ByteEnqueue
 .text.ByteArrayEnqueue
                0x00003c34       0x58 ./sources/TFC/TFC_Queue.o
                0x00003c34                ByteArrayEnqueue
 .text.Qprintf  0x00003c8c       0x50 ./sources/TFC/TFC_Queue.o
                0x00003c8c                Qprintf
 .text.ByteDequeue
                0x00003cdc       0x5c ./sources/TFC/TFC_Queue.o
                0x00003cdc                ByteDequeue
 .text.ForcedByteDequeue
                0x00003d38       0x58 ./sources/TFC/TFC_Queue.o
                0x00003d38                ForcedByteDequeue
 .text.TFC_SetPWMLookup
                0x00003d90      0x120 ./sources/TFC/TFC_Motor.o
                0x00003d90                TFC_SetPWMLookup
 .text.TFC_InitMotorPWM
                0x00003eb0       0xd0 ./sources/TFC/TFC_Motor.o
                0x00003eb0                TFC_InitMotorPWM
 .text.TFC_InitLineScanCamera
                0x00003f80       0xb4 ./sources/TFC/TFC_LineScanCamera.o
                0x00003f80                TFC_InitLineScanCamera
 *fill*         0x00004034        0x4 00
 .text.TFC_SetLineScanExposureTime
                0x00004038       0x70 ./sources/TFC/TFC_LineScanCamera.o
                0x00004038                TFC_SetLineScanExposureTime
 .text.TFC_InitClock
                0x000040a8       0x24 ./sources/TFC/TFC_CrystalClock.o
                0x000040a8                TFC_InitClock
 .text.pll_init
                0x000040cc      0x548 ./sources/TFC/TFC_CrystalClock.o
                0x000040cc                pll_init
 .text.TFC_InitGPIO
                0x00004614       0xb4 ./sources/TFC/TFC_BoardSupport.o
                0x00004614                TFC_InitGPIO
 .text.TFC_SetBatteryLED_Level
                0x000046c8       0x78 ./sources/TFC/TFC_BoardSupport.o
                0x000046c8                TFC_SetBatteryLED_Level
 .text.TFC_GetDIP_Switch
                0x00004740       0x2c ./sources/TFC/TFC_BoardSupport.o
                0x00004740                TFC_GetDIP_Switch
 .text.TFC_InitSysTick
                0x0000476c       0x4c ./sources/TFC/TFC_ARM_SysTick.o
                0x0000476c                TFC_InitSysTick
 .text.SysTick_Handler
                0x000047b8       0x60 ./sources/TFC/TFC_ARM_SysTick.o
                0x000047b8                SysTick_Handler
 .text.TFC_Delay_mS
                0x00004818       0x24 ./sources/TFC/TFC_ARM_SysTick.o
                0x00004818                TFC_Delay_mS
 .text.ADC_Cal  0x0000483c      0x1b4 ./sources/TFC/TFC_ADC.o
                0x0000483c                ADC_Cal
 .text.ADC_Config_Alt
                0x000049f0       0x60 ./sources/TFC/TFC_ADC.o
                0x000049f0                ADC_Config_Alt
 .text.InitADC0
                0x00004a50       0x90 ./sources/TFC/TFC_ADC.o
                0x00004a50                InitADC0
 .text.TFC_InitADCs
                0x00004ae0       0x70 ./sources/TFC/TFC_ADC.o
                0x00004ae0                TFC_InitADCs
 .text.PIT_IRQHandler
                0x00004b50       0x40 ./sources/TFC/TFC_ADC.o
                0x00004b50                PIT_IRQHandler
 .text.ADC0_IRQHandler
                0x00004b90      0x224 ./sources/TFC/TFC_ADC.o
                0x00004b90                ADC0_IRQHandler
 .text.TFC_Init
                0x00004db4       0x38 ./sources/TFC/TFC.o
                0x00004db4                TFC_Init
 .text.TFC_Task
                0x00004dec       0x10 ./sources/TFC/TFC.o
                0x00004dec                TFC_Task
 .text.main     0x00004dfc      0x5f8 ./sources/main.o
                0x00004dfc                main
 .text.sscanf   0x000053f4       0x18 C:/Freescale/CW MCU v10.5/MCU/ARM_GCC_Support/ewl/lib/armv6-m\libc.a(sscanf.o)
                0x000053f4                sscanf
 .text.vsprintf
                0x0000540c       0x12 C:/Freescale/CW MCU v10.5/MCU/ARM_GCC_Support/ewl/lib/armv6-m\libc.a(vsprintf.o)
                0x0000540c                vsprintf
 .text.__StringRead
                0x0000541e       0x3c C:/Freescale/CW MCU v10.5/MCU/ARM_GCC_Support/ewl/lib/armv6-m\libc.a(vsscanf.o)
                0x0000541e                __StringRead
 *fill*         0x0000545a        0x2 00
 .text.vsscanf  0x0000545c       0x30 C:/Freescale/CW MCU v10.5/MCU/ARM_GCC_Support/ewl/lib/armv6-m\libc.a(vsscanf.o)
                0x0000545c                vsscanf
 .text.exit     0x0000548c       0x38 C:/Freescale/CW MCU v10.5/MCU/ARM_GCC_Support/ewl/lib/armv6-m\libc.a(exit.o)
                0x0000548c                exit
 .text.memset   0x000054c4        0xc C:/Freescale/CW MCU v10.5/MCU/ARM_GCC_Support/ewl/lib/armv6-m\libc.a(memset.o)
                0x000054c4                memset
 .text.strcmp   0x000054d0       0x1c C:/Freescale/CW MCU v10.5/MCU/ARM_GCC_Support/ewl/lib/armv6-m\libc.a(strcmp.o)
                0x000054d0                strcmp
 .text.strcpy   0x000054ec       0x10 C:/Freescale/CW MCU v10.5/MCU/ARM_GCC_Support/ewl/lib/armv6-m\libc.a(strcpy.o)
                0x000054ec                strcpy
 .text.strlen   0x000054fc       0x10 C:/Freescale/CW MCU v10.5/MCU/ARM_GCC_Support/ewl/lib/armv6-m\libc.a(strlen.o)
                0x000054fc                strlen
 .text.long2str.isra.0
                0x0000550c      0x19c C:/Freescale/CW MCU v10.5/MCU/ARM_GCC_Support/ewl/lib/armv6-m\libc.a(printformat_.o)
 .text.__pformatter_
                0x000056a8      0x428 C:/Freescale/CW MCU v10.5/MCU/ARM_GCC_Support/ewl/lib/armv6-m\libc.a(printformat_.o)
                0x000056a8                __pformatter_
 .text.__sformatter
                0x00005ad0      0x698 C:/Freescale/CW MCU v10.5/MCU/ARM_GCC_Support/ewl/lib/armv6-m\libc.a(scanformat_.o)
                0x00005ad0                __sformatter
 .text.isalpha  0x00006168       0x20 C:/Freescale/CW MCU v10.5/MCU/ARM_GCC_Support/ewl/lib/armv6-m\libc.a(ctype_aeabi.o)
                0x00006168                isalpha
 .text.isspace  0x00006188       0x20 C:/Freescale/CW MCU v10.5/MCU/ARM_GCC_Support/ewl/lib/armv6-m\libc.a(ctype_aeabi.o)
                0x00006188                isspace
 .text.toupper  0x000061a8        0xe C:/Freescale/CW MCU v10.5/MCU/ARM_GCC_Support/ewl/lib/armv6-m\libc.a(ctype_aeabi.o)
                0x000061a8                toupper
 .text.__StringWrite
                0x000061b6       0x26 C:/Freescale/CW MCU v10.5/MCU/ARM_GCC_Support/ewl/lib/armv6-m\libc.a(vsnprintf.o)
                0x000061b6                __StringWrite
 .text.vsnprintf
                0x000061dc       0x38 C:/Freescale/CW MCU v10.5/MCU/ARM_GCC_Support/ewl/lib/armv6-m\libc.a(vsnprintf.o)
                0x000061dc                vsnprintf
 .text.__strtoul
                0x00006214      0x1ce C:/Freescale/CW MCU v10.5/MCU/ARM_GCC_Support/ewl/lib/armv6-m\libc.a(__strtoul.o)
                0x00006214                __strtoul
 .text.__fill_mem
                0x000063e2       0x7e C:/Freescale/CW MCU v10.5/MCU/ARM_GCC_Support/ewl/lib/armv6-m\libc.a(__filll_mem.o)
                0x000063e2                __fill_mem
 .text.memchr   0x00006460       0x1a C:/Freescale/CW MCU v10.5/MCU/ARM_GCC_Support/ewl/lib/armv6-m\libc.a(memchr.o)
                0x00006460                memchr
 .text.memcpy   0x0000647a       0x12 C:/Freescale/CW MCU v10.5/MCU/ARM_GCC_Support/ewl/lib/armv6-m\libc.a(memcpy.o)
                0x0000647a                memcpy
 .text.strchr   0x0000648c       0x1e C:/Freescale/CW MCU v10.5/MCU/ARM_GCC_Support/ewl/lib/armv6-m\libc.a(strchr.o)
                0x0000648c                strchr
 *fill*         0x000064aa        0x2 00
 .text.__init_cpp
                0x000064ac       0x48 C:/Freescale/CW MCU v10.5/MCU/ARM_GCC_Support/ewl/lib/armv6-m\librt.a(gcc_ctor_dtor.o)
                0x000064ac                __init_cpp
 .text.__fini_cpp
                0x000064f4       0x34 C:/Freescale/CW MCU v10.5/MCU/ARM_GCC_Support/ewl/lib/armv6-m\librt.a(gcc_ctor_dtor.o)
                0x000064f4                __fini_cpp
 .text.__copy_rom_section
                0x00006528       0x48 C:/Freescale/CW MCU v10.5/MCU/ARM_GCC_Support/ewl/lib/armv6-m\librt.a(ROMCopy.o)
                0x00006528                __copy_rom_section
 .text.__copy_rom_sections_to_ram
                0x00006570       0x34 C:/Freescale/CW MCU v10.5/MCU/ARM_GCC_Support/ewl/lib/armv6-m\librt.a(ROMCopy.o)
                0x00006570                __copy_rom_sections_to_ram
 .text.__destroy_global_chain
                0x000065a4       0x1c C:/Freescale/CW MCU v10.5/MCU/ARM_GCC_Support/ewl/lib/armv6-m\librt.a(__arm_eabi_init.o)
                0x000065a4                __destroy_global_chain
 .text.__init_registers
                0x000065c0       0x1c C:/Freescale/CW MCU v10.5/MCU/ARM_GCC_Support/ewl/lib/armv6-m\librt.a(__arm_eabi_init.o)
                0x000065c0                __init_registers
 .text.__init_user
                0x000065dc        0x4 C:/Freescale/CW MCU v10.5/MCU/ARM_GCC_Support/ewl/lib/armv6-m\librt.a(__arm_eabi_init.o)
                0x000065dc                __init_user
 *(.rodata)
 .rodata        0x000065e0      0x364 ./sources/TFC/TFC_Terminal.o
 .rodata        0x00006944       0x40 c:/freescale/cw mcu v10.5/cross_tools/arm-none-eabi-gcc-4_7_3/bin/../lib/gcc/arm-none-eabi/4.7.3/armv6-m\libgcc.a(divsf3.o)
 .rodata        0x00006984       0x40 c:/freescale/cw mcu v10.5/cross_tools/arm-none-eabi-gcc-4_7_3/bin/../lib/gcc/arm-none-eabi/4.7.3/armv6-m\libgcc.a(mulsf3.o)
 .rodata        0x000069c4       0x40 c:/freescale/cw mcu v10.5/cross_tools/arm-none-eabi-gcc-4_7_3/bin/../lib/gcc/arm-none-eabi/4.7.3/armv6-m\libgcc.a(divdf3.o)
 .rodata        0x00006a04       0x40 c:/freescale/cw mcu v10.5/cross_tools/arm-none-eabi-gcc-4_7_3/bin/../lib/gcc/arm-none-eabi/4.7.3/armv6-m\libgcc.a(muldf3.o)
 *(.rodata*)
 .rodata.lookupDC
                0x00006a44      0x194 ./sources/TFC/TFC_Servo.o
 .rodata.PWMtable
                0x00006bd8      0x194 ./sources/TFC/TFC_Motor.o
 .rodata.str1.1
                0x00006d6c        0x1 C:/Freescale/CW MCU v10.5/MCU/ARM_GCC_Support/ewl/lib/armv6-m\libc.a(printformat_.o)
 .rodata.CSWTCH.20
                0x00006d6d        0x5 C:/Freescale/CW MCU v10.5/MCU/ARM_GCC_Support/ewl/lib/armv6-m\libc.a(printformat_.o)
 .rodata.CSWTCH.21
                0x00006d72        0x5 C:/Freescale/CW MCU v10.5/MCU/ARM_GCC_Support/ewl/lib/armv6-m\libc.a(printformat_.o)
 .rodata.__aeabi_ctype_table_C
                0x00006d77      0x101 C:/Freescale/CW MCU v10.5/MCU/ARM_GCC_Support/ewl/lib/armv6-m\libc.a(ctype_aeabi.o)
                0x00006d77                __aeabi_ctype_table_C
 *(.glue_7)
 .glue_7        0x00000000        0x0 linker stubs
 *(.glue_7t)
 .glue_7t       0x00000000        0x0 linker stubs
 *(.eh_frame)
 *(.init)
 *(.fini)
                0x00006e78                . = ALIGN (0x4)
                0x00006e78                _etext = .

.vfp11_veneer   0x00006e78        0x0
 .vfp11_veneer  0x00000000        0x0 linker stubs

.v4_bx          0x00006e78        0x0
 .v4_bx         0x00000000        0x0 linker stubs

.iplt           0x00006e78        0x0
 .iplt          0x00000000        0x0 ./.metadata/.plugins/org.eclipse.cdt.make.core/specs.o

.rel.dyn        0x00006e78        0x0
 .rel.iplt      0x00000000        0x0 ./.metadata/.plugins/org.eclipse.cdt.make.core/specs.o

.ARM.extab
 *(.ARM.extab* .gnu.linkonce.armextab.*)

.ARM            0x00006e78        0x0
                0x00006e78                __exidx_start = .
 *(.ARM.exidx*)
                0x00006e78                __exidx_end = .

.ctors          0x00006e78        0x0
                0x00006e78                __CTOR_LIST__ = .
 *crtbegin.o(.ctors)
 *(EXCLUDE_FILE(*crtend.o) .ctors)
 *(SORT(.ctors.*))
 *(.ctors)
                0x00006e78                __CTOR_END__ = .

.dtors          0x00006e78        0x0
                0x00006e78                __DTOR_LIST__ = .
 *crtbegin.o(.dtors)
 *(EXCLUDE_FILE(*crtend.o) .dtors)
 *(SORT(.dtors.*))
 *(.dtors)
                0x00006e78                __DTOR_END__ = .

.preinit_array  0x00006e78        0x0
                0x00006e78                PROVIDE (__preinit_array_start, .)
 *(.preinit_array*)
                0x00006e78                PROVIDE (__preinit_array_end, .)

.init_array     0x00006e78        0x0
                0x00006e78                PROVIDE (__init_array_start, .)
 *(SORT(.init_array.*))
 *(.init_array*)
                0x00006e78                PROVIDE (__init_array_end, .)

.fini_array     0x00006e78        0x0
                0x00006e78                PROVIDE (__fini_array_start, .)
 *(SORT(.fini_array.*))
 *(.fini_array*)
                0x00006e78                PROVIDE (__fini_array_end, .)
                0x00006e78                ___ROM_AT = .

.mtb            0x1ffff000        0x0
                0x1ffff000                . = ALIGN (0x8)
                0x1ffff000                _mtb_start = .
 *(.mtb_buf)
                0x1ffff000                . = ALIGN (0x8)
                0x1ffff000                _mtb_end = .

.data           0x1ffff000       0x48 load address 0x00006e78
                0x1ffff000                . = ALIGN (0x4)
                0x1ffff000                _sdata = .
 *(.data)
 *(.data*)
 .data.MyTerminalCallbackRecords
                0x1ffff000       0x48 ./sources/TFC/TFC_Terminal.o
                0x1ffff000                MyTerminalCallbackRecords
                0x1ffff048                . = ALIGN (0x4)
                0x1ffff048                _edata = .
                0x00000048                ___data_size = (_edata - _sdata)

.igot.plt       0x1ffff048        0x0 load address 0x00006ec0
 .igot.plt      0x00000000        0x0 ./.metadata/.plugins/org.eclipse.cdt.make.core/specs.o
                0x1ffff048                . = ALIGN (0x4)

.bss            0x1ffff048      0xe7c load address 0x00006ec0
                0x1ffff048                __START_BSS = .
                0x1ffff048                PROVIDE (__bss_start__, __START_BSS)
 *(.bss)
 *(.bss*)
 .bss.argv      0x1ffff048        0x4 ./Project_Settings/Startup_Code/__arm_start.o
 .bss.StringBuffer
                0x1ffff04c      0x100 ./sources/TFC/TFC_Queue.o
 .bss.LineScanImageReady
                0x1ffff14c        0x1 ./sources/TFC/TFC_LineScanCamera.o
                0x1ffff14c                LineScanImageReady
 *fill*         0x1ffff14d        0x3 00
 .bss.DelayTimerTick
                0x1ffff150        0x4 ./sources/TFC/TFC_ARM_SysTick.o
 .bss.CurrentADC_State
                0x1ffff154        0x1 ./sources/TFC/TFC_ADC.o
 .bss.CurrentLineScanPixel
                0x1ffff155        0x1 ./sources/TFC/TFC_ADC.o
                0x1ffff155                CurrentLineScanPixel
 .bss.CurrentLineScanChannel
                0x1ffff156        0x1 ./sources/TFC/TFC_ADC.o
                0x1ffff156                CurrentLineScanChannel
 *fill*         0x1ffff157        0x1 00
 .bss.__stdio_exit
                0x1ffff158        0x4 C:/Freescale/CW MCU v10.5/MCU/ARM_GCC_Support/ewl/lib/armv6-m\libc.a(exit.o)
                0x1ffff158                __stdio_exit
 .bss.__console_exit
                0x1ffff15c        0x4 C:/Freescale/CW MCU v10.5/MCU/ARM_GCC_Support/ewl/lib/armv6-m\libc.a(exit.o)
                0x1ffff15c                __console_exit
 .bss.__S_romp  0x1ffff160        0xc C:/Freescale/CW MCU v10.5/MCU/ARM_GCC_Support/ewl/lib/armv6-m\librt.a(ROMCopy.o)
 .bss.__global_destructor_chain
                0x1ffff16c        0x4 C:/Freescale/CW MCU v10.5/MCU/ARM_GCC_Support/ewl/lib/armv6-m\librt.a(__arm_eabi_init.o)
                0x1ffff16c                __global_destructor_chain
 *(COMMON)
 COMMON         0x1ffff170      0x898 ./sources/TFC/TFC_UART.o
                0x1ffff170                SDA_SERIAL_INCOMING_QUEUE
                0x1ffff17c                SDA_SERIAL_OUTGOING_QUEUE
                0x1ffff188                SDA_SERIAL_INCOMING_QUEUE_Storage
                0x1ffff208                SDA_SERIAL_OUTGOING_QUEUE_Storage
 COMMON         0x1ffffa08       0x86 ./sources/TFC/TFC_Terminal.o
                0x1ffffa08                CmdFound
                0x1ffffa09                NextCharIn
                0x1ffffa0c                TerminalLineBuf
                0x1ffffa4c                TerminalArgs
                0x1ffffa6c                TerminalCmdBuf
                0x1ffffa8d                TerminalPos
 *fill*         0x1ffffa8e        0x2 00
 COMMON         0x1ffffa90        0x5 ./sources/TFC/TFC_Servo.o
                0x1ffffa90                current
                0x1ffffa94                ServoTickVar
 *fill*         0x1ffffa95        0x3 00
 COMMON         0x1ffffa98      0x414 ./sources/TFC/TFC_LineScanCamera.o
                0x1ffffa98                LineScanWorkingBuffer
                0x1ffffa9c                LineScanImage1
                0x1ffffaa0                LineScanImage0Buffer
                0x1ffffca0                LineScanImage0WorkingBuffer
                0x1ffffca4                LineScanImage1Buffer
                0x1ffffea4                LineScanImage0
                0x1ffffea8                LineScanImage1WorkingBuffer
 COMMON         0x1ffffeac       0x10 ./sources/TFC/TFC_ARM_SysTick.o
                0x1ffffeac                TFC_Ticker
 COMMON         0x1ffffebc        0x6 ./sources/TFC/TFC_ADC.o
                0x1ffffebc                PotADC_Value
                0x1ffffec0                BatSenseADC_Value
                0x1ffffec4                . = ALIGN (0x4)
 *fill*         0x1ffffec2        0x2 00
                0x1ffffec4                __END_BSS = .
                0x1ffffec4                PROVIDE (__bss_end__, __END_BSS)
                0x00006ec0                _romp_at = (___ROM_AT + SIZEOF (.data))

.romp           0x1ffffec4       0x18 load address 0x00006ec0
                0x00006ec0                __S_romp = _romp_at
                0x1ffffec4        0x4 LONG 0x6e78 ___ROM_AT
                0x1ffffec8        0x4 LONG 0x1ffff000 _sdata
                0x1ffffecc        0x4 LONG 0x48 ___data_size
                0x1ffffed0        0x4 LONG 0x0
                0x1ffffed4        0x4 LONG 0x0
                0x1ffffed8        0x4 LONG 0x0

._user_heap_stack
                0x1ffffedc      0x800 load address 0x00006ed8
                0x1ffffedc                . = ALIGN (0x4)
                0x1ffffedc                PROVIDE (end, .)
                0x1ffffedc                PROVIDE (_end, .)
                0x1ffffedc                __heap_addr = .
                0x200002dc                . = (. + __heap_size)
 *fill*         0x1ffffedc      0x400 00
                0x200006dc                . = (. + __stack_size)
 *fill*         0x200002dc      0x400 00
                0x200006dc                . = ALIGN (0x4)

.ARM.attributes
                0x00000000       0x31
 *(.ARM.attributes)
 .ARM.attributes
                0x00000000       0x31 ./Project_Settings/Startup_Code/kinetis_sysinit.o
 .ARM.attributes
                0x00000031       0x31 ./Project_Settings/Startup_Code/__arm_start.o
 .ARM.attributes
                0x00000062       0x31 ./Project_Settings/Startup_Code/__arm_end.o
 .ARM.attributes
                0x00000093       0x31 ./sources/TFC/TFC_arm_cm0.o
 .ARM.attributes
                0x000000c4       0x31 ./sources/TFC/TFC_UART.o
 .ARM.attributes
                0x000000f5       0x31 ./sources/TFC/TFC_Terminal.o
 .ARM.attributes
                0x00000126       0x31 ./sources/TFC/TFC_Servo.o
 .ARM.attributes
                0x00000157       0x31 ./sources/TFC/TFC_Queue.o
 .ARM.attributes
                0x00000188       0x31 ./sources/TFC/TFC_Motor.o
 .ARM.attributes
                0x000001b9       0x31 ./sources/TFC/TFC_LineScanCamera.o
 .ARM.attributes
                0x000001ea       0x31 ./sources/TFC/TFC_CrystalClock.o
 .ARM.attributes
                0x0000021b       0x31 ./sources/TFC/TFC_BoardSupport.o
 .ARM.attributes
                0x0000024c       0x31 ./sources/TFC/TFC_ARM_SysTick.o
 .ARM.attributes
                0x0000027d       0x31 ./sources/TFC/TFC_ADC.o
 .ARM.attributes
                0x000002ae       0x31 ./sources/TFC/TFC.o
 .ARM.attributes
                0x000002df       0x31 ./sources/main.o
 .ARM.attributes
                0x00000310       0x31 C:/Freescale/CW MCU v10.5/MCU/ARM_GCC_Support/ewl/lib/armv6-m\libc.a(sscanf.o)
 .ARM.attributes
                0x00000341       0x31 C:/Freescale/CW MCU v10.5/MCU/ARM_GCC_Support/ewl/lib/armv6-m\libc.a(vsprintf.o)
 .ARM.attributes
                0x00000372       0x31 C:/Freescale/CW MCU v10.5/MCU/ARM_GCC_Support/ewl/lib/armv6-m\libc.a(vsscanf.o)
 .ARM.attributes
                0x000003a3       0x31 C:/Freescale/CW MCU v10.5/MCU/ARM_GCC_Support/ewl/lib/armv6-m\libc.a(exit.o)
 .ARM.attributes
                0x000003d4       0x31 C:/Freescale/CW MCU v10.5/MCU/ARM_GCC_Support/ewl/lib/armv6-m\libc.a(memset.o)
 .ARM.attributes
                0x00000405       0x31 C:/Freescale/CW MCU v10.5/MCU/ARM_GCC_Support/ewl/lib/armv6-m\libc.a(strcmp.o)
 .ARM.attributes
                0x00000436       0x31 C:/Freescale/CW MCU v10.5/MCU/ARM_GCC_Support/ewl/lib/armv6-m\libc.a(strcpy.o)
 .ARM.attributes
                0x00000467       0x31 C:/Freescale/CW MCU v10.5/MCU/ARM_GCC_Support/ewl/lib/armv6-m\libc.a(strlen.o)
 .ARM.attributes
                0x00000498       0x31 C:/Freescale/CW MCU v10.5/MCU/ARM_GCC_Support/ewl/lib/armv6-m\libc.a(printformat_.o)
 .ARM.attributes
                0x000004c9       0x31 C:/Freescale/CW MCU v10.5/MCU/ARM_GCC_Support/ewl/lib/armv6-m\libc.a(scanformat_.o)
 .ARM.attributes
                0x000004fa       0x31 C:/Freescale/CW MCU v10.5/MCU/ARM_GCC_Support/ewl/lib/armv6-m\libc.a(ctype_aeabi.o)
 .ARM.attributes
                0x0000052b       0x31 C:/Freescale/CW MCU v10.5/MCU/ARM_GCC_Support/ewl/lib/armv6-m\libc.a(vsnprintf.o)
 .ARM.attributes
                0x0000055c       0x31 C:/Freescale/CW MCU v10.5/MCU/ARM_GCC_Support/ewl/lib/armv6-m\libc.a(__strtoul.o)
 .ARM.attributes
                0x0000058d       0x31 C:/Freescale/CW MCU v10.5/MCU/ARM_GCC_Support/ewl/lib/armv6-m\libc.a(__filll_mem.o)
 .ARM.attributes
                0x000005be       0x31 C:/Freescale/CW MCU v10.5/MCU/ARM_GCC_Support/ewl/lib/armv6-m\libc.a(memchr.o)
 .ARM.attributes
                0x000005ef       0x31 C:/Freescale/CW MCU v10.5/MCU/ARM_GCC_Support/ewl/lib/armv6-m\libc.a(memcpy.o)
 .ARM.attributes
                0x00000620       0x31 C:/Freescale/CW MCU v10.5/MCU/ARM_GCC_Support/ewl/lib/armv6-m\libc.a(strchr.o)
 .ARM.attributes
                0x00000651       0x1e c:/freescale/cw mcu v10.5/cross_tools/arm-none-eabi-gcc-4_7_3/bin/../lib/gcc/arm-none-eabi/4.7.3/armv6-m\libgcc.a(_thumb1_case_sqi.o)
 .ARM.attributes
                0x0000066f       0x1e c:/freescale/cw mcu v10.5/cross_tools/arm-none-eabi-gcc-4_7_3/bin/../lib/gcc/arm-none-eabi/4.7.3/armv6-m\libgcc.a(_thumb1_case_uqi.o)
 .ARM.attributes
                0x0000068d       0x1e c:/freescale/cw mcu v10.5/cross_tools/arm-none-eabi-gcc-4_7_3/bin/../lib/gcc/arm-none-eabi/4.7.3/armv6-m\libgcc.a(_udivsi3.o)
 .ARM.attributes
                0x000006ab       0x1e c:/freescale/cw mcu v10.5/cross_tools/arm-none-eabi-gcc-4_7_3/bin/../lib/gcc/arm-none-eabi/4.7.3/armv6-m\libgcc.a(_divsi3.o)
 .ARM.attributes
                0x000006c9       0x1e c:/freescale/cw mcu v10.5/cross_tools/arm-none-eabi-gcc-4_7_3/bin/../lib/gcc/arm-none-eabi/4.7.3/armv6-m\libgcc.a(_dvmd_tls.o)
 .ARM.attributes
                0x000006e7       0x1e c:/freescale/cw mcu v10.5/cross_tools/arm-none-eabi-gcc-4_7_3/bin/../lib/gcc/arm-none-eabi/4.7.3/armv6-m\libgcc.a(_arm_cmpdf2.o)
 .ARM.attributes
                0x00000705       0x1e c:/freescale/cw mcu v10.5/cross_tools/arm-none-eabi-gcc-4_7_3/bin/../lib/gcc/arm-none-eabi/4.7.3/armv6-m\libgcc.a(_arm_cmpsf2.o)
 .ARM.attributes
                0x00000723       0x2c c:/freescale/cw mcu v10.5/cross_tools/arm-none-eabi-gcc-4_7_3/bin/../lib/gcc/arm-none-eabi/4.7.3/armv6-m\libgcc.a(_fixunssfsi.o)
 .ARM.attributes
                0x0000074f       0x2c c:/freescale/cw mcu v10.5/cross_tools/arm-none-eabi-gcc-4_7_3/bin/../lib/gcc/arm-none-eabi/4.7.3/armv6-m\libgcc.a(divsf3.o)
 .ARM.attributes
                0x0000077b       0x2c c:/freescale/cw mcu v10.5/cross_tools/arm-none-eabi-gcc-4_7_3/bin/../lib/gcc/arm-none-eabi/4.7.3/armv6-m\libgcc.a(eqsf2.o)
 .ARM.attributes
                0x000007a7       0x2c c:/freescale/cw mcu v10.5/cross_tools/arm-none-eabi-gcc-4_7_3/bin/../lib/gcc/arm-none-eabi/4.7.3/armv6-m\libgcc.a(gesf2.o)
 .ARM.attributes
                0x000007d3       0x2c c:/freescale/cw mcu v10.5/cross_tools/arm-none-eabi-gcc-4_7_3/bin/../lib/gcc/arm-none-eabi/4.7.3/armv6-m\libgcc.a(lesf2.o)
 .ARM.attributes
                0x000007ff       0x2c c:/freescale/cw mcu v10.5/cross_tools/arm-none-eabi-gcc-4_7_3/bin/../lib/gcc/arm-none-eabi/4.7.3/armv6-m\libgcc.a(mulsf3.o)
 .ARM.attributes
                0x0000082b       0x2c c:/freescale/cw mcu v10.5/cross_tools/arm-none-eabi-gcc-4_7_3/bin/../lib/gcc/arm-none-eabi/4.7.3/armv6-m\libgcc.a(subsf3.o)
 .ARM.attributes
                0x00000857       0x2c c:/freescale/cw mcu v10.5/cross_tools/arm-none-eabi-gcc-4_7_3/bin/../lib/gcc/arm-none-eabi/4.7.3/armv6-m\libgcc.a(fixsfsi.o)
 .ARM.attributes
                0x00000883       0x2c c:/freescale/cw mcu v10.5/cross_tools/arm-none-eabi-gcc-4_7_3/bin/../lib/gcc/arm-none-eabi/4.7.3/armv6-m\libgcc.a(floatsisf.o)
 .ARM.attributes
                0x000008af       0x2c c:/freescale/cw mcu v10.5/cross_tools/arm-none-eabi-gcc-4_7_3/bin/../lib/gcc/arm-none-eabi/4.7.3/armv6-m\libgcc.a(floatunsisf.o)
 .ARM.attributes
                0x000008db       0x2c c:/freescale/cw mcu v10.5/cross_tools/arm-none-eabi-gcc-4_7_3/bin/../lib/gcc/arm-none-eabi/4.7.3/armv6-m\libgcc.a(adddf3.o)
 .ARM.attributes
                0x00000907       0x2c c:/freescale/cw mcu v10.5/cross_tools/arm-none-eabi-gcc-4_7_3/bin/../lib/gcc/arm-none-eabi/4.7.3/armv6-m\libgcc.a(divdf3.o)
 .ARM.attributes
                0x00000933       0x2c c:/freescale/cw mcu v10.5/cross_tools/arm-none-eabi-gcc-4_7_3/bin/../lib/gcc/arm-none-eabi/4.7.3/armv6-m\libgcc.a(eqdf2.o)
 .ARM.attributes
                0x0000095f       0x2c c:/freescale/cw mcu v10.5/cross_tools/arm-none-eabi-gcc-4_7_3/bin/../lib/gcc/arm-none-eabi/4.7.3/armv6-m\libgcc.a(gedf2.o)
 .ARM.attributes
                0x0000098b       0x2c c:/freescale/cw mcu v10.5/cross_tools/arm-none-eabi-gcc-4_7_3/bin/../lib/gcc/arm-none-eabi/4.7.3/armv6-m\libgcc.a(ledf2.o)
 .ARM.attributes
                0x000009b7       0x2c c:/freescale/cw mcu v10.5/cross_tools/arm-none-eabi-gcc-4_7_3/bin/../lib/gcc/arm-none-eabi/4.7.3/armv6-m\libgcc.a(muldf3.o)
 .ARM.attributes
                0x000009e3       0x2c c:/freescale/cw mcu v10.5/cross_tools/arm-none-eabi-gcc-4_7_3/bin/../lib/gcc/arm-none-eabi/4.7.3/armv6-m\libgcc.a(floatsidf.o)
 .ARM.attributes
                0x00000a0f       0x2c c:/freescale/cw mcu v10.5/cross_tools/arm-none-eabi-gcc-4_7_3/bin/../lib/gcc/arm-none-eabi/4.7.3/armv6-m\libgcc.a(floatunsidf.o)
 .ARM.attributes
                0x00000a3b       0x2c c:/freescale/cw mcu v10.5/cross_tools/arm-none-eabi-gcc-4_7_3/bin/../lib/gcc/arm-none-eabi/4.7.3/armv6-m\libgcc.a(extendsfdf2.o)
 .ARM.attributes
                0x00000a67       0x2c c:/freescale/cw mcu v10.5/cross_tools/arm-none-eabi-gcc-4_7_3/bin/../lib/gcc/arm-none-eabi/4.7.3/armv6-m\libgcc.a(truncdfsf2.o)
 .ARM.attributes
                0x00000a93       0x1e c:/freescale/cw mcu v10.5/cross_tools/arm-none-eabi-gcc-4_7_3/bin/../lib/gcc/arm-none-eabi/4.7.3/armv6-m\libgcc.a(_clzsi2.o)
 .ARM.attributes
                0x00000ab1       0x31 C:/Freescale/CW MCU v10.5/MCU/ARM_GCC_Support/ewl/lib/armv6-m\librt.a(gcc_ctor_dtor.o)
 .ARM.attributes
                0x00000ae2       0x31 C:/Freescale/CW MCU v10.5/MCU/ARM_GCC_Support/ewl/lib/armv6-m\librt.a(ROMCopy.o)
 .ARM.attributes
                0x00000b13       0x31 C:/Freescale/CW MCU v10.5/MCU/ARM_GCC_Support/ewl/lib/armv6-m\librt.a(__arm_eabi_init.o)
OUTPUT(FRDM-TRC.elf elf32-littlearm)

.debug_info     0x00000000     0x71e1
 .debug_info    0x00000000      0x447 ./Project_Settings/Startup_Code/kinetis_sysinit.o
 .debug_info    0x00000447      0x12a ./Project_Settings/Startup_Code/__arm_start.o
 .debug_info    0x00000571       0x54 ./Project_Settings/Startup_Code/__arm_end.o
 .debug_info    0x000005c5      0x3cb ./sources/TFC/TFC_arm_cm0.o
 .debug_info    0x00000990      0x84b ./sources/TFC/TFC_UART.o
 .debug_info    0x000011db      0x494 ./sources/TFC/TFC_Terminal.o
 .debug_info    0x0000166f      0x6f7 ./sources/TFC/TFC_Servo.o
 .debug_info    0x00001d66      0x302 ./sources/TFC/TFC_Queue.o
 .debug_info    0x00002068      0x4b0 ./sources/TFC/TFC_Motor.o
 .debug_info    0x00002518      0x5c7 ./sources/TFC/TFC_LineScanCamera.o
 .debug_info    0x00002adf      0xda8 ./sources/TFC/TFC_CrystalClock.o
 .debug_info    0x00003887      0x426 ./sources/TFC/TFC_BoardSupport.o
 .debug_info    0x00003cad      0x19c ./sources/TFC/TFC_ARM_SysTick.o
 .debug_info    0x00003e49      0xb37 ./sources/TFC/TFC_ADC.o
 .debug_info    0x00004980      0x128 ./sources/TFC/TFC.o
 .debug_info    0x00004aa8      0x26a ./sources/main.o
 .debug_info    0x00004d12      0x118 C:/Freescale/CW MCU v10.5/MCU/ARM_GCC_Support/ewl/lib/armv6-m\libc.a(sscanf.o)
 .debug_info    0x00004e2a      0x12a C:/Freescale/CW MCU v10.5/MCU/ARM_GCC_Support/ewl/lib/armv6-m\libc.a(vsprintf.o)
 .debug_info    0x00004f54      0x253 C:/Freescale/CW MCU v10.5/MCU/ARM_GCC_Support/ewl/lib/armv6-m\libc.a(vsscanf.o)
 .debug_info    0x000051a7       0xe8 C:/Freescale/CW MCU v10.5/MCU/ARM_GCC_Support/ewl/lib/armv6-m\libc.a(exit.o)
 .debug_info    0x0000528f       0xec C:/Freescale/CW MCU v10.5/MCU/ARM_GCC_Support/ewl/lib/armv6-m\libc.a(memset.o)
 .debug_info    0x0000537b      0x114 C:/Freescale/CW MCU v10.5/MCU/ARM_GCC_Support/ewl/lib/armv6-m\libc.a(strcmp.o)
 .debug_info    0x0000548f      0x109 C:/Freescale/CW MCU v10.5/MCU/ARM_GCC_Support/ewl/lib/armv6-m\libc.a(strcpy.o)
 .debug_info    0x00005598       0xea C:/Freescale/CW MCU v10.5/MCU/ARM_GCC_Support/ewl/lib/armv6-m\libc.a(strlen.o)
 .debug_info    0x00005682      0x50d C:/Freescale/CW MCU v10.5/MCU/ARM_GCC_Support/ewl/lib/armv6-m\libc.a(printformat_.o)
 .debug_info    0x00005b8f      0x568 C:/Freescale/CW MCU v10.5/MCU/ARM_GCC_Support/ewl/lib/armv6-m\libc.a(scanformat_.o)
 .debug_info    0x000060f7      0x313 C:/Freescale/CW MCU v10.5/MCU/ARM_GCC_Support/ewl/lib/armv6-m\libc.a(ctype_aeabi.o)
 .debug_info    0x0000640a      0x205 C:/Freescale/CW MCU v10.5/MCU/ARM_GCC_Support/ewl/lib/armv6-m\libc.a(vsnprintf.o)
 .debug_info    0x0000660f      0x1d6 C:/Freescale/CW MCU v10.5/MCU/ARM_GCC_Support/ewl/lib/armv6-m\libc.a(__strtoul.o)
 .debug_info    0x000067e5      0x137 C:/Freescale/CW MCU v10.5/MCU/ARM_GCC_Support/ewl/lib/armv6-m\libc.a(__filll_mem.o)
 .debug_info    0x0000691c      0x121 C:/Freescale/CW MCU v10.5/MCU/ARM_GCC_Support/ewl/lib/armv6-m\libc.a(memchr.o)
 .debug_info    0x00006a3d      0x10f C:/Freescale/CW MCU v10.5/MCU/ARM_GCC_Support/ewl/lib/armv6-m\libc.a(memcpy.o)
 .debug_info    0x00006b4c      0x10b C:/Freescale/CW MCU v10.5/MCU/ARM_GCC_Support/ewl/lib/armv6-m\libc.a(strchr.o)
 .debug_info    0x00006c57      0x136 C:/Freescale/CW MCU v10.5/MCU/ARM_GCC_Support/ewl/lib/armv6-m\librt.a(gcc_ctor_dtor.o)
 .debug_info    0x00006d8d      0x19b C:/Freescale/CW MCU v10.5/MCU/ARM_GCC_Support/ewl/lib/armv6-m\librt.a(ROMCopy.o)
 .debug_info    0x00006f28      0x2b9 C:/Freescale/CW MCU v10.5/MCU/ARM_GCC_Support/ewl/lib/armv6-m\librt.a(__arm_eabi_init.o)

.debug_abbrev   0x00000000     0x2169
 .debug_abbrev  0x00000000       0xe7 ./Project_Settings/Startup_Code/kinetis_sysinit.o
 .debug_abbrev  0x000000e7       0x92 ./Project_Settings/Startup_Code/__arm_start.o
 .debug_abbrev  0x00000179       0x4c ./Project_Settings/Startup_Code/__arm_end.o
 .debug_abbrev  0x000001c5      0x102 ./sources/TFC/TFC_arm_cm0.o
 .debug_abbrev  0x000002c7      0x180 ./sources/TFC/TFC_UART.o
 .debug_abbrev  0x00000447      0x143 ./sources/TFC/TFC_Terminal.o
 .debug_abbrev  0x0000058a      0x12c ./sources/TFC/TFC_Servo.o
 .debug_abbrev  0x000006b6      0x107 ./sources/TFC/TFC_Queue.o
 .debug_abbrev  0x000007bd      0x105 ./sources/TFC/TFC_Motor.o
 .debug_abbrev  0x000008c2      0x10f ./sources/TFC/TFC_LineScanCamera.o
 .debug_abbrev  0x000009d1      0x1a0 ./sources/TFC/TFC_CrystalClock.o
 .debug_abbrev  0x00000b71      0x106 ./sources/TFC/TFC_BoardSupport.o
 .debug_abbrev  0x00000c77       0xfb ./sources/TFC/TFC_ARM_SysTick.o
 .debug_abbrev  0x00000d72      0x1d5 ./sources/TFC/TFC_ADC.o
 .debug_abbrev  0x00000f47       0x83 ./sources/TFC/TFC.o
 .debug_abbrev  0x00000fca       0xd3 ./sources/main.o
 .debug_abbrev  0x0000109d       0xb1 C:/Freescale/CW MCU v10.5/MCU/ARM_GCC_Support/ewl/lib/armv6-m\libc.a(sscanf.o)
 .debug_abbrev  0x0000114e       0x9d C:/Freescale/CW MCU v10.5/MCU/ARM_GCC_Support/ewl/lib/armv6-m\libc.a(vsprintf.o)
 .debug_abbrev  0x000011eb      0x15f C:/Freescale/CW MCU v10.5/MCU/ARM_GCC_Support/ewl/lib/armv6-m\libc.a(vsscanf.o)
 .debug_abbrev  0x0000134a       0x7a C:/Freescale/CW MCU v10.5/MCU/ARM_GCC_Support/ewl/lib/armv6-m\libc.a(exit.o)
 .debug_abbrev  0x000013c4       0x62 C:/Freescale/CW MCU v10.5/MCU/ARM_GCC_Support/ewl/lib/armv6-m\libc.a(memset.o)
 .debug_abbrev  0x00001426       0x89 C:/Freescale/CW MCU v10.5/MCU/ARM_GCC_Support/ewl/lib/armv6-m\libc.a(strcmp.o)
 .debug_abbrev  0x000014af       0x78 C:/Freescale/CW MCU v10.5/MCU/ARM_GCC_Support/ewl/lib/armv6-m\libc.a(strcpy.o)
 .debug_abbrev  0x00001527       0x7a C:/Freescale/CW MCU v10.5/MCU/ARM_GCC_Support/ewl/lib/armv6-m\libc.a(strlen.o)
 .debug_abbrev  0x000015a1      0x200 C:/Freescale/CW MCU v10.5/MCU/ARM_GCC_Support/ewl/lib/armv6-m\libc.a(printformat_.o)
 .debug_abbrev  0x000017a1      0x1f0 C:/Freescale/CW MCU v10.5/MCU/ARM_GCC_Support/ewl/lib/armv6-m\libc.a(scanformat_.o)
 .debug_abbrev  0x00001991       0x9e C:/Freescale/CW MCU v10.5/MCU/ARM_GCC_Support/ewl/lib/armv6-m\libc.a(ctype_aeabi.o)
 .debug_abbrev  0x00001a2f       0xf0 C:/Freescale/CW MCU v10.5/MCU/ARM_GCC_Support/ewl/lib/armv6-m\libc.a(vsnprintf.o)
 .debug_abbrev  0x00001b1f       0xc2 C:/Freescale/CW MCU v10.5/MCU/ARM_GCC_Support/ewl/lib/armv6-m\libc.a(__strtoul.o)
 .debug_abbrev  0x00001be1       0x78 C:/Freescale/CW MCU v10.5/MCU/ARM_GCC_Support/ewl/lib/armv6-m\libc.a(__filll_mem.o)
 .debug_abbrev  0x00001c59       0x95 C:/Freescale/CW MCU v10.5/MCU/ARM_GCC_Support/ewl/lib/armv6-m\libc.a(memchr.o)
 .debug_abbrev  0x00001cee       0x95 C:/Freescale/CW MCU v10.5/MCU/ARM_GCC_Support/ewl/lib/armv6-m\libc.a(memcpy.o)
 .debug_abbrev  0x00001d83       0x7a C:/Freescale/CW MCU v10.5/MCU/ARM_GCC_Support/ewl/lib/armv6-m\libc.a(strchr.o)
 .debug_abbrev  0x00001dfd       0x99 C:/Freescale/CW MCU v10.5/MCU/ARM_GCC_Support/ewl/lib/armv6-m\librt.a(gcc_ctor_dtor.o)
 .debug_abbrev  0x00001e96      0x120 C:/Freescale/CW MCU v10.5/MCU/ARM_GCC_Support/ewl/lib/armv6-m\librt.a(ROMCopy.o)
 .debug_abbrev  0x00001fb6      0x1b3 C:/Freescale/CW MCU v10.5/MCU/ARM_GCC_Support/ewl/lib/armv6-m\librt.a(__arm_eabi_init.o)

.debug_loc      0x00000000     0x3dc1
 .debug_loc     0x00000000       0x58 ./Project_Settings/Startup_Code/kinetis_sysinit.o
 .debug_loc     0x00000058       0x2c ./Project_Settings/Startup_Code/__arm_start.o
 .debug_loc     0x00000084       0x38 ./Project_Settings/Startup_Code/__arm_end.o
 .debug_loc     0x000000bc      0x138 ./sources/TFC/TFC_arm_cm0.o
 .debug_loc     0x000001f4      0x170 ./sources/TFC/TFC_UART.o
 .debug_loc     0x00000364      0x218 ./sources/TFC/TFC_Terminal.o
 .debug_loc     0x0000057c      0x1a8 ./sources/TFC/TFC_Servo.o
 .debug_loc     0x00000724      0x194 ./sources/TFC/TFC_Queue.o
 .debug_loc     0x000008b8       0x64 ./sources/TFC/TFC_Motor.o
 .debug_loc     0x0000091c       0x64 ./sources/TFC/TFC_LineScanCamera.o
 .debug_loc     0x00000980      0x614 ./sources/TFC/TFC_CrystalClock.o
 .debug_loc     0x00000f94       0x9c ./sources/TFC/TFC_BoardSupport.o
 .debug_loc     0x00001030       0xa8 ./sources/TFC/TFC_ARM_SysTick.o
 .debug_loc     0x000010d8      0x1d4 ./sources/TFC/TFC_ADC.o
 .debug_loc     0x000012ac       0x58 ./sources/TFC/TFC.o
 .debug_loc     0x00001304       0x3a ./sources/main.o
 .debug_loc     0x0000133e       0x3f C:/Freescale/CW MCU v10.5/MCU/ARM_GCC_Support/ewl/lib/armv6-m\libc.a(sscanf.o)
 .debug_loc     0x0000137d       0x64 C:/Freescale/CW MCU v10.5/MCU/ARM_GCC_Support/ewl/lib/armv6-m\libc.a(vsprintf.o)
 .debug_loc     0x000013e1      0x16c C:/Freescale/CW MCU v10.5/MCU/ARM_GCC_Support/ewl/lib/armv6-m\libc.a(vsscanf.o)
 .debug_loc     0x0000154d       0x3e C:/Freescale/CW MCU v10.5/MCU/ARM_GCC_Support/ewl/lib/armv6-m\libc.a(exit.o)
 .debug_loc     0x0000158b       0x6f C:/Freescale/CW MCU v10.5/MCU/ARM_GCC_Support/ewl/lib/armv6-m\libc.a(memset.o)
 .debug_loc     0x000015fa       0x64 C:/Freescale/CW MCU v10.5/MCU/ARM_GCC_Support/ewl/lib/armv6-m\libc.a(strcmp.o)
 .debug_loc     0x0000165e       0x20 C:/Freescale/CW MCU v10.5/MCU/ARM_GCC_Support/ewl/lib/armv6-m\libc.a(strcpy.o)
 .debug_loc     0x0000167e       0x33 C:/Freescale/CW MCU v10.5/MCU/ARM_GCC_Support/ewl/lib/armv6-m\libc.a(strlen.o)
 .debug_loc     0x000016b1     0x104b C:/Freescale/CW MCU v10.5/MCU/ARM_GCC_Support/ewl/lib/armv6-m\libc.a(printformat_.o)
 .debug_loc     0x000026fc      0x9d8 C:/Freescale/CW MCU v10.5/MCU/ARM_GCC_Support/ewl/lib/armv6-m\libc.a(scanformat_.o)
 .debug_loc     0x000030d4      0x30d C:/Freescale/CW MCU v10.5/MCU/ARM_GCC_Support/ewl/lib/armv6-m\libc.a(ctype_aeabi.o)
 .debug_loc     0x000033e1      0x105 C:/Freescale/CW MCU v10.5/MCU/ARM_GCC_Support/ewl/lib/armv6-m\libc.a(vsnprintf.o)
 .debug_loc     0x000034e6      0x305 C:/Freescale/CW MCU v10.5/MCU/ARM_GCC_Support/ewl/lib/armv6-m\libc.a(__strtoul.o)
 .debug_loc     0x000037eb      0x14a C:/Freescale/CW MCU v10.5/MCU/ARM_GCC_Support/ewl/lib/armv6-m\libc.a(__filll_mem.o)
 .debug_loc     0x00003935       0x77 C:/Freescale/CW MCU v10.5/MCU/ARM_GCC_Support/ewl/lib/armv6-m\libc.a(memchr.o)
 .debug_loc     0x000039ac       0x59 C:/Freescale/CW MCU v10.5/MCU/ARM_GCC_Support/ewl/lib/armv6-m\libc.a(memcpy.o)
 .debug_loc     0x00003a05       0xaf C:/Freescale/CW MCU v10.5/MCU/ARM_GCC_Support/ewl/lib/armv6-m\libc.a(strchr.o)
 .debug_loc     0x00003ab4       0x9d C:/Freescale/CW MCU v10.5/MCU/ARM_GCC_Support/ewl/lib/armv6-m\librt.a(gcc_ctor_dtor.o)
 .debug_loc     0x00003b51       0xd9 C:/Freescale/CW MCU v10.5/MCU/ARM_GCC_Support/ewl/lib/armv6-m\librt.a(ROMCopy.o)
 .debug_loc     0x00003c2a      0x197 C:/Freescale/CW MCU v10.5/MCU/ARM_GCC_Support/ewl/lib/armv6-m\librt.a(__arm_eabi_init.o)

.debug_aranges  0x00000000      0x7c0
 .debug_aranges
                0x00000000       0x28 ./Project_Settings/Startup_Code/kinetis_sysinit.o
 .debug_aranges
                0x00000028       0x30 ./Project_Settings/Startup_Code/__arm_start.o
 .debug_aranges
                0x00000058       0x20 ./Project_Settings/Startup_Code/__arm_end.o
 .debug_aranges
                0x00000078       0x48 ./sources/TFC/TFC_arm_cm0.o
 .debug_aranges
                0x000000c0       0x50 ./sources/TFC/TFC_UART.o
 .debug_aranges
                0x00000110       0x68 ./sources/TFC/TFC_Terminal.o
 .debug_aranges
                0x00000178       0x58 ./sources/TFC/TFC_Servo.o
 .debug_aranges
                0x000001d0       0x50 ./sources/TFC/TFC_Queue.o
 .debug_aranges
                0x00000220       0x28 ./sources/TFC/TFC_Motor.o
 .debug_aranges
                0x00000248       0x28 ./sources/TFC/TFC_LineScanCamera.o
 .debug_aranges
                0x00000270       0xf8 ./sources/TFC/TFC_CrystalClock.o
 .debug_aranges
                0x00000368       0x30 ./sources/TFC/TFC_BoardSupport.o
 .debug_aranges
                0x00000398       0x30 ./sources/TFC/TFC_ARM_SysTick.o
 .debug_aranges
                0x000003c8       0x60 ./sources/TFC/TFC_ADC.o
 .debug_aranges
                0x00000428       0x28 ./sources/TFC/TFC.o
 .debug_aranges
                0x00000450       0x20 ./sources/main.o
 .debug_aranges
                0x00000470       0x20 C:/Freescale/CW MCU v10.5/MCU/ARM_GCC_Support/ewl/lib/armv6-m\libc.a(sscanf.o)
 .debug_aranges
                0x00000490       0x20 C:/Freescale/CW MCU v10.5/MCU/ARM_GCC_Support/ewl/lib/armv6-m\libc.a(vsprintf.o)
 .debug_aranges
                0x000004b0       0x28 C:/Freescale/CW MCU v10.5/MCU/ARM_GCC_Support/ewl/lib/armv6-m\libc.a(vsscanf.o)
 .debug_aranges
                0x000004d8       0x20 C:/Freescale/CW MCU v10.5/MCU/ARM_GCC_Support/ewl/lib/armv6-m\libc.a(exit.o)
 .debug_aranges
                0x000004f8       0x20 C:/Freescale/CW MCU v10.5/MCU/ARM_GCC_Support/ewl/lib/armv6-m\libc.a(memset.o)
 .debug_aranges
                0x00000518       0x20 C:/Freescale/CW MCU v10.5/MCU/ARM_GCC_Support/ewl/lib/armv6-m\libc.a(strcmp.o)
 .debug_aranges
                0x00000538       0x20 C:/Freescale/CW MCU v10.5/MCU/ARM_GCC_Support/ewl/lib/armv6-m\libc.a(strcpy.o)
 .debug_aranges
                0x00000558       0x20 C:/Freescale/CW MCU v10.5/MCU/ARM_GCC_Support/ewl/lib/armv6-m\libc.a(strlen.o)
 .debug_aranges
                0x00000578       0x28 C:/Freescale/CW MCU v10.5/MCU/ARM_GCC_Support/ewl/lib/armv6-m\libc.a(printformat_.o)
 .debug_aranges
                0x000005a0       0x20 C:/Freescale/CW MCU v10.5/MCU/ARM_GCC_Support/ewl/lib/armv6-m\libc.a(scanformat_.o)
 .debug_aranges
                0x000005c0       0x88 C:/Freescale/CW MCU v10.5/MCU/ARM_GCC_Support/ewl/lib/armv6-m\libc.a(ctype_aeabi.o)
 .debug_aranges
                0x00000648       0x28 C:/Freescale/CW MCU v10.5/MCU/ARM_GCC_Support/ewl/lib/armv6-m\libc.a(vsnprintf.o)
 .debug_aranges
                0x00000670       0x20 C:/Freescale/CW MCU v10.5/MCU/ARM_GCC_Support/ewl/lib/armv6-m\libc.a(__strtoul.o)
 .debug_aranges
                0x00000690       0x20 C:/Freescale/CW MCU v10.5/MCU/ARM_GCC_Support/ewl/lib/armv6-m\libc.a(__filll_mem.o)
 .debug_aranges
                0x000006b0       0x20 C:/Freescale/CW MCU v10.5/MCU/ARM_GCC_Support/ewl/lib/armv6-m\libc.a(memchr.o)
 .debug_aranges
                0x000006d0       0x20 C:/Freescale/CW MCU v10.5/MCU/ARM_GCC_Support/ewl/lib/armv6-m\libc.a(memcpy.o)
 .debug_aranges
                0x000006f0       0x20 C:/Freescale/CW MCU v10.5/MCU/ARM_GCC_Support/ewl/lib/armv6-m\libc.a(strchr.o)
 .debug_aranges
                0x00000710       0x28 C:/Freescale/CW MCU v10.5/MCU/ARM_GCC_Support/ewl/lib/armv6-m\librt.a(gcc_ctor_dtor.o)
 .debug_aranges
                0x00000738       0x30 C:/Freescale/CW MCU v10.5/MCU/ARM_GCC_Support/ewl/lib/armv6-m\librt.a(ROMCopy.o)
 .debug_aranges
                0x00000768       0x58 C:/Freescale/CW MCU v10.5/MCU/ARM_GCC_Support/ewl/lib/armv6-m\librt.a(__arm_eabi_init.o)

.debug_macinfo  0x00000000   0x22cf81
 .debug_macinfo
                0x00000000    0x264f0 ./Project_Settings/Startup_Code/kinetis_sysinit.o
 .debug_macinfo
                0x000264f0     0x3e6d ./Project_Settings/Startup_Code/__arm_start.o
 .debug_macinfo
                0x0002a35d     0x3456 ./Project_Settings/Startup_Code/__arm_end.o
 .debug_macinfo
                0x0002d7b3    0x26567 ./sources/TFC/TFC_arm_cm0.o
 .debug_macinfo
                0x00053d1a    0x275d8 ./sources/TFC/TFC_UART.o
 .debug_macinfo
                0x0007b2f2    0x2766c ./sources/TFC/TFC_Terminal.o
 .debug_macinfo
                0x000a295e    0x27704 ./sources/TFC/TFC_Servo.o
 .debug_macinfo
                0x000ca062    0x275d8 ./sources/TFC/TFC_Queue.o
 .debug_macinfo
                0x000f163a    0x2769d ./sources/TFC/TFC_Motor.o
 .debug_macinfo
                0x00118cd7    0x275d8 ./sources/TFC/TFC_LineScanCamera.o
 .debug_macinfo
                0x001402af    0x276cf ./sources/TFC/TFC_CrystalClock.o
 .debug_macinfo
                0x0016797e    0x275d8 ./sources/TFC/TFC_BoardSupport.o
 .debug_macinfo
                0x0018ef56    0x275d8 ./sources/TFC/TFC_ARM_SysTick.o
 .debug_macinfo
                0x001b652e    0x27e9b ./sources/TFC/TFC_ADC.o
 .debug_macinfo
                0x001de3c9    0x275d8 ./sources/TFC/TFC.o
 .debug_macinfo
                0x002059a1    0x275e0 ./sources/main.o

.debug_line     0x00000000     0x57f1
 .debug_line    0x00000000      0x21a ./Project_Settings/Startup_Code/kinetis_sysinit.o
 .debug_line    0x0000021a      0x29d ./Project_Settings/Startup_Code/__arm_start.o
 .debug_line    0x000004b7      0x266 ./Project_Settings/Startup_Code/__arm_end.o
 .debug_line    0x0000071d      0x296 ./sources/TFC/TFC_arm_cm0.o
 .debug_line    0x000009b3      0x49f ./sources/TFC/TFC_UART.o
 .debug_line    0x00000e52      0x513 ./sources/TFC/TFC_Terminal.o
 .debug_line    0x00001365      0x480 ./sources/TFC/TFC_Servo.o
 .debug_line    0x000017e5      0x479 ./sources/TFC/TFC_Queue.o
 .debug_line    0x00001c5e      0x422 ./sources/TFC/TFC_Motor.o
 .debug_line    0x00002080      0x408 ./sources/TFC/TFC_LineScanCamera.o
 .debug_line    0x00002488      0xb3a ./sources/TFC/TFC_CrystalClock.o
 .debug_line    0x00002fc2      0x426 ./sources/TFC/TFC_BoardSupport.o
 .debug_line    0x000033e8      0x41a ./sources/TFC/TFC_ARM_SysTick.o
 .debug_line    0x00003802      0x50c ./sources/TFC/TFC_ADC.o
 .debug_line    0x00003d0e      0x3f2 ./sources/TFC/TFC.o
 .debug_line    0x00004100      0x453 ./sources/main.o
 .debug_line    0x00004553       0x92 C:/Freescale/CW MCU v10.5/MCU/ARM_GCC_Support/ewl/lib/armv6-m\libc.a(sscanf.o)
 .debug_line    0x000045e5       0x94 C:/Freescale/CW MCU v10.5/MCU/ARM_GCC_Support/ewl/lib/armv6-m\libc.a(vsprintf.o)
 .debug_line    0x00004679       0xc8 C:/Freescale/CW MCU v10.5/MCU/ARM_GCC_Support/ewl/lib/armv6-m\libc.a(vsscanf.o)
 .debug_line    0x00004741       0x8d C:/Freescale/CW MCU v10.5/MCU/ARM_GCC_Support/ewl/lib/armv6-m\libc.a(exit.o)
 .debug_line    0x000047ce       0x90 C:/Freescale/CW MCU v10.5/MCU/ARM_GCC_Support/ewl/lib/armv6-m\libc.a(memset.o)
 .debug_line    0x0000485e       0x83 C:/Freescale/CW MCU v10.5/MCU/ARM_GCC_Support/ewl/lib/armv6-m\libc.a(strcmp.o)
 .debug_line    0x000048e1       0x7d C:/Freescale/CW MCU v10.5/MCU/ARM_GCC_Support/ewl/lib/armv6-m\libc.a(strcpy.o)
 .debug_line    0x0000495e       0x85 C:/Freescale/CW MCU v10.5/MCU/ARM_GCC_Support/ewl/lib/armv6-m\libc.a(strlen.o)
 .debug_line    0x000049e3      0x2c3 C:/Freescale/CW MCU v10.5/MCU/ARM_GCC_Support/ewl/lib/armv6-m\libc.a(printformat_.o)
 .debug_line    0x00004ca6      0x2be C:/Freescale/CW MCU v10.5/MCU/ARM_GCC_Support/ewl/lib/armv6-m\libc.a(scanformat_.o)
 .debug_line    0x00004f64      0x1be C:/Freescale/CW MCU v10.5/MCU/ARM_GCC_Support/ewl/lib/armv6-m\libc.a(ctype_aeabi.o)
 .debug_line    0x00005122       0xd4 C:/Freescale/CW MCU v10.5/MCU/ARM_GCC_Support/ewl/lib/armv6-m\libc.a(vsnprintf.o)
 .debug_line    0x000051f6      0x11e C:/Freescale/CW MCU v10.5/MCU/ARM_GCC_Support/ewl/lib/armv6-m\libc.a(__strtoul.o)
 .debug_line    0x00005314       0xf6 C:/Freescale/CW MCU v10.5/MCU/ARM_GCC_Support/ewl/lib/armv6-m\libc.a(__filll_mem.o)
 .debug_line    0x0000540a       0x9f C:/Freescale/CW MCU v10.5/MCU/ARM_GCC_Support/ewl/lib/armv6-m\libc.a(memchr.o)
 .debug_line    0x000054a9       0x8b C:/Freescale/CW MCU v10.5/MCU/ARM_GCC_Support/ewl/lib/armv6-m\libc.a(memcpy.o)
 .debug_line    0x00005534       0x7d C:/Freescale/CW MCU v10.5/MCU/ARM_GCC_Support/ewl/lib/armv6-m\libc.a(strchr.o)
 .debug_line    0x000055b1       0x6c C:/Freescale/CW MCU v10.5/MCU/ARM_GCC_Support/ewl/lib/armv6-m\librt.a(gcc_ctor_dtor.o)
 .debug_line    0x0000561d       0xbd C:/Freescale/CW MCU v10.5/MCU/ARM_GCC_Support/ewl/lib/armv6-m\librt.a(ROMCopy.o)
 .debug_line    0x000056da      0x117 C:/Freescale/CW MCU v10.5/MCU/ARM_GCC_Support/ewl/lib/armv6-m\librt.a(__arm_eabi_init.o)

.debug_str      0x00000000     0x1cf1
 .debug_str     0x00000000      0x29b ./Project_Settings/Startup_Code/kinetis_sysinit.o
                                0x2c2 (size before relaxing)
 .debug_str     0x0000029b       0x85 ./Project_Settings/Startup_Code/__arm_start.o
                                0x19c (size before relaxing)
 .debug_str     0x00000320       0x41 ./Project_Settings/Startup_Code/__arm_end.o
                                 0xd3 (size before relaxing)
 .debug_str     0x00000361       0xa4 ./sources/TFC/TFC_arm_cm0.o
                                0x23c (size before relaxing)
 .debug_str     0x00000405      0x423 ./sources/TFC/TFC_UART.o
                                0x652 (size before relaxing)
 .debug_str     0x00000828      0x1e9 ./sources/TFC/TFC_Terminal.o
                                0x389 (size before relaxing)
 .debug_str     0x00000a11      0x110 ./sources/TFC/TFC_Servo.o
                                0x58c (size before relaxing)
 .debug_str     0x00000b21       0xa4 ./sources/TFC/TFC_Queue.o
                                0x227 (size before relaxing)
 .debug_str     0x00000bc5       0x50 ./sources/TFC/TFC_Motor.o
                                0x2c3 (size before relaxing)
 .debug_str     0x00000c15      0x133 ./sources/TFC/TFC_LineScanCamera.o
                                0x3d3 (size before relaxing)
 .debug_str     0x00000d48      0x23f ./sources/TFC/TFC_CrystalClock.o
                                0x468 (size before relaxing)
 .debug_str     0x00000f87       0x6b ./sources/TFC/TFC_BoardSupport.o
                                0x2de (size before relaxing)
 .debug_str     0x00000ff2       0x9a ./sources/TFC/TFC_ARM_SysTick.o
                                0x1c2 (size before relaxing)
 .debug_str     0x0000108c      0x204 ./sources/TFC/TFC_ADC.o
                                0x794 (size before relaxing)
 .debug_str     0x00001290       0x27 ./sources/TFC/TFC.o
                                0x180 (size before relaxing)
 .debug_str     0x000012b7       0x77 ./sources/main.o
                                0x20d (size before relaxing)
 .debug_str     0x0000132e       0x3e C:/Freescale/CW MCU v10.5/MCU/ARM_GCC_Support/ewl/lib/armv6-m\libc.a(sscanf.o)
                                0x161 (size before relaxing)
 .debug_str     0x0000136c       0x25 C:/Freescale/CW MCU v10.5/MCU/ARM_GCC_Support/ewl/lib/armv6-m\libc.a(vsprintf.o)
                                0x167 (size before relaxing)
 .debug_str     0x00001391       0x9c C:/Freescale/CW MCU v10.5/MCU/ARM_GCC_Support/ewl/lib/armv6-m\libc.a(vsscanf.o)
                                0x1e5 (size before relaxing)
 .debug_str     0x0000142d       0x2e C:/Freescale/CW MCU v10.5/MCU/ARM_GCC_Support/ewl/lib/armv6-m\libc.a(exit.o)
                                0x157 (size before relaxing)
 .debug_str     0x0000145b       0x23 C:/Freescale/CW MCU v10.5/MCU/ARM_GCC_Support/ewl/lib/armv6-m\libc.a(memset.o)
                                0x140 (size before relaxing)
 .debug_str     0x0000147e       0x26 C:/Freescale/CW MCU v10.5/MCU/ARM_GCC_Support/ewl/lib/armv6-m\libc.a(strcmp.o)
                                0x152 (size before relaxing)
 .debug_str     0x000014a4       0x1c C:/Freescale/CW MCU v10.5/MCU/ARM_GCC_Support/ewl/lib/armv6-m\libc.a(strcpy.o)
                                0x142 (size before relaxing)
 .debug_str     0x000014c0       0x1c C:/Freescale/CW MCU v10.5/MCU/ARM_GCC_Support/ewl/lib/armv6-m\libc.a(strlen.o)
                                0x140 (size before relaxing)
 .debug_str     0x000014dc      0x21d C:/Freescale/CW MCU v10.5/MCU/ARM_GCC_Support/ewl/lib/armv6-m\libc.a(printformat_.o)
                                0x3b3 (size before relaxing)
 .debug_str     0x000016f9      0x14b C:/Freescale/CW MCU v10.5/MCU/ARM_GCC_Support/ewl/lib/armv6-m\libc.a(scanformat_.o)
                                0x3f9 (size before relaxing)
 .debug_str     0x00001844       0x9d C:/Freescale/CW MCU v10.5/MCU/ARM_GCC_Support/ewl/lib/armv6-m\libc.a(ctype_aeabi.o)
                                0x1bc (size before relaxing)
 .debug_str     0x000018e1       0x7c C:/Freescale/CW MCU v10.5/MCU/ARM_GCC_Support/ewl/lib/armv6-m\libc.a(vsnprintf.o)
                                0x1cc (size before relaxing)
 .debug_str     0x0000195d       0x61 C:/Freescale/CW MCU v10.5/MCU/ARM_GCC_Support/ewl/lib/armv6-m\libc.a(__strtoul.o)
                                0x1fb (size before relaxing)
 .debug_str     0x000019be       0x25 C:/Freescale/CW MCU v10.5/MCU/ARM_GCC_Support/ewl/lib/armv6-m\libc.a(__filll_mem.o)
                                0x152 (size before relaxing)
 .debug_str     0x000019e3       0x1c C:/Freescale/CW MCU v10.5/MCU/ARM_GCC_Support/ewl/lib/armv6-m\libc.a(memchr.o)
                                0x148 (size before relaxing)
 .debug_str     0x000019ff       0x1c C:/Freescale/CW MCU v10.5/MCU/ARM_GCC_Support/ewl/lib/armv6-m\libc.a(memcpy.o)
                                0x138 (size before relaxing)
 .debug_str     0x00001a1b       0x1c C:/Freescale/CW MCU v10.5/MCU/ARM_GCC_Support/ewl/lib/armv6-m\libc.a(strchr.o)
                                0x137 (size before relaxing)
 .debug_str     0x00001a37      0x126 C:/Freescale/CW MCU v10.5/MCU/ARM_GCC_Support/ewl/lib/armv6-m\librt.a(gcc_ctor_dtor.o)
                                0x181 (size before relaxing)
 .debug_str     0x00001b5d       0x9c C:/Freescale/CW MCU v10.5/MCU/ARM_GCC_Support/ewl/lib/armv6-m\librt.a(ROMCopy.o)
                                0x13c (size before relaxing)
 .debug_str     0x00001bf9       0xf8 C:/Freescale/CW MCU v10.5/MCU/ARM_GCC_Support/ewl/lib/armv6-m\librt.a(__arm_eabi_init.o)
                                0x1b5 (size before relaxing)

.comment        0x00000000       0x79
 .comment       0x00000000       0x79 ./Project_Settings/Startup_Code/kinetis_sysinit.o
                                 0x7a (size before relaxing)
 .comment       0x00000000       0x7a ./Project_Settings/Startup_Code/__arm_start.o
 .comment       0x00000000       0x7a ./Project_Settings/Startup_Code/__arm_end.o
 .comment       0x00000000       0x7a ./sources/TFC/TFC_arm_cm0.o
 .comment       0x00000000       0x7a ./sources/TFC/TFC_UART.o
 .comment       0x00000000       0x7a ./sources/TFC/TFC_Terminal.o
 .comment       0x00000000       0x7a ./sources/TFC/TFC_Servo.o
 .comment       0x00000000       0x7a ./sources/TFC/TFC_Queue.o
 .comment       0x00000000       0x7a ./sources/TFC/TFC_Motor.o
 .comment       0x00000000       0x7a ./sources/TFC/TFC_LineScanCamera.o
 .comment       0x00000000       0x7a ./sources/TFC/TFC_CrystalClock.o
 .comment       0x00000000       0x7a ./sources/TFC/TFC_BoardSupport.o
 .comment       0x00000000       0x7a ./sources/TFC/TFC_ARM_SysTick.o
 .comment       0x00000000       0x7a ./sources/TFC/TFC_ADC.o
 .comment       0x00000000       0x7a ./sources/TFC/TFC.o
 .comment       0x00000000       0x7a ./sources/main.o
 .comment       0x00000000       0x7a C:/Freescale/CW MCU v10.5/MCU/ARM_GCC_Support/ewl/lib/armv6-m\libc.a(sscanf.o)
 .comment       0x00000000       0x7a C:/Freescale/CW MCU v10.5/MCU/ARM_GCC_Support/ewl/lib/armv6-m\libc.a(vsprintf.o)
 .comment       0x00000000       0x7a C:/Freescale/CW MCU v10.5/MCU/ARM_GCC_Support/ewl/lib/armv6-m\libc.a(vsscanf.o)
 .comment       0x00000000       0x7a C:/Freescale/CW MCU v10.5/MCU/ARM_GCC_Support/ewl/lib/armv6-m\libc.a(exit.o)
 .comment       0x00000000       0x7a C:/Freescale/CW MCU v10.5/MCU/ARM_GCC_Support/ewl/lib/armv6-m\libc.a(memset.o)
 .comment       0x00000000       0x7a C:/Freescale/CW MCU v10.5/MCU/ARM_GCC_Support/ewl/lib/armv6-m\libc.a(strcmp.o)
 .comment       0x00000000       0x7a C:/Freescale/CW MCU v10.5/MCU/ARM_GCC_Support/ewl/lib/armv6-m\libc.a(strcpy.o)
 .comment       0x00000000       0x7a C:/Freescale/CW MCU v10.5/MCU/ARM_GCC_Support/ewl/lib/armv6-m\libc.a(strlen.o)
 .comment       0x00000000       0x7a C:/Freescale/CW MCU v10.5/MCU/ARM_GCC_Support/ewl/lib/armv6-m\libc.a(printformat_.o)
 .comment       0x00000000       0x7a C:/Freescale/CW MCU v10.5/MCU/ARM_GCC_Support/ewl/lib/armv6-m\libc.a(scanformat_.o)
 .comment       0x00000000       0x7a C:/Freescale/CW MCU v10.5/MCU/ARM_GCC_Support/ewl/lib/armv6-m\libc.a(ctype_aeabi.o)
 .comment       0x00000000       0x7a C:/Freescale/CW MCU v10.5/MCU/ARM_GCC_Support/ewl/lib/armv6-m\libc.a(vsnprintf.o)
 .comment       0x00000000       0x7a C:/Freescale/CW MCU v10.5/MCU/ARM_GCC_Support/ewl/lib/armv6-m\libc.a(__strtoul.o)
 .comment       0x00000000       0x7a C:/Freescale/CW MCU v10.5/MCU/ARM_GCC_Support/ewl/lib/armv6-m\libc.a(__filll_mem.o)
 .comment       0x00000000       0x7a C:/Freescale/CW MCU v10.5/MCU/ARM_GCC_Support/ewl/lib/armv6-m\libc.a(memchr.o)
 .comment       0x00000000       0x7a C:/Freescale/CW MCU v10.5/MCU/ARM_GCC_Support/ewl/lib/armv6-m\libc.a(memcpy.o)
 .comment       0x00000000       0x7a C:/Freescale/CW MCU v10.5/MCU/ARM_GCC_Support/ewl/lib/armv6-m\libc.a(strchr.o)
 .comment       0x00000000       0x7a C:/Freescale/CW MCU v10.5/MCU/ARM_GCC_Support/ewl/lib/armv6-m\librt.a(gcc_ctor_dtor.o)
 .comment       0x00000000       0x7a C:/Freescale/CW MCU v10.5/MCU/ARM_GCC_Support/ewl/lib/armv6-m\librt.a(ROMCopy.o)
 .comment       0x00000000       0x7a C:/Freescale/CW MCU v10.5/MCU/ARM_GCC_Support/ewl/lib/armv6-m\librt.a(__arm_eabi_init.o)

.debug_frame    0x00000000     0x1668
 .debug_frame   0x00000000       0x48 ./Project_Settings/Startup_Code/kinetis_sysinit.o
 .debug_frame   0x00000048       0x4c ./Project_Settings/Startup_Code/__arm_start.o
 .debug_frame   0x00000094       0x30 ./Project_Settings/Startup_Code/__arm_end.o
 .debug_frame   0x000000c4       0xcc ./sources/TFC/TFC_arm_cm0.o
 .debug_frame   0x00000190       0xe8 ./sources/TFC/TFC_UART.o
 .debug_frame   0x00000278      0x150 ./sources/TFC/TFC_Terminal.o
 .debug_frame   0x000003c8      0x120 ./sources/TFC/TFC_Servo.o
 .debug_frame   0x000004e8       0xf4 ./sources/TFC/TFC_Queue.o
 .debug_frame   0x000005dc       0x50 ./sources/TFC/TFC_Motor.o
 .debug_frame   0x0000062c       0x50 ./sources/TFC/TFC_LineScanCamera.o
 .debug_frame   0x0000067c      0x390 ./sources/TFC/TFC_CrystalClock.o
 .debug_frame   0x00000a0c       0x6c ./sources/TFC/TFC_BoardSupport.o
 .debug_frame   0x00000a78       0x70 ./sources/TFC/TFC_ARM_SysTick.o
 .debug_frame   0x00000ae8      0x128 ./sources/TFC/TFC_ADC.o
 .debug_frame   0x00000c10       0x48 ./sources/TFC/TFC.o
 .debug_frame   0x00000c58       0x30 ./sources/main.o
 .debug_frame   0x00000c88       0x2c C:/Freescale/CW MCU v10.5/MCU/ARM_GCC_Support/ewl/lib/armv6-m\libc.a(sscanf.o)
 .debug_frame   0x00000cb4       0x28 C:/Freescale/CW MCU v10.5/MCU/ARM_GCC_Support/ewl/lib/armv6-m\libc.a(vsprintf.o)
 .debug_frame   0x00000cdc       0x48 C:/Freescale/CW MCU v10.5/MCU/ARM_GCC_Support/ewl/lib/armv6-m\libc.a(vsscanf.o)
 .debug_frame   0x00000d24       0x2c C:/Freescale/CW MCU v10.5/MCU/ARM_GCC_Support/ewl/lib/armv6-m\libc.a(exit.o)
 .debug_frame   0x00000d50       0x28 C:/Freescale/CW MCU v10.5/MCU/ARM_GCC_Support/ewl/lib/armv6-m\libc.a(memset.o)
 .debug_frame   0x00000d78       0x28 C:/Freescale/CW MCU v10.5/MCU/ARM_GCC_Support/ewl/lib/armv6-m\libc.a(strcmp.o)
 .debug_frame   0x00000da0       0x28 C:/Freescale/CW MCU v10.5/MCU/ARM_GCC_Support/ewl/lib/armv6-m\libc.a(strcpy.o)
 .debug_frame   0x00000dc8       0x28 C:/Freescale/CW MCU v10.5/MCU/ARM_GCC_Support/ewl/lib/armv6-m\libc.a(strlen.o)
 .debug_frame   0x00000df0       0x54 C:/Freescale/CW MCU v10.5/MCU/ARM_GCC_Support/ewl/lib/armv6-m\libc.a(printformat_.o)
 .debug_frame   0x00000e44       0x34 C:/Freescale/CW MCU v10.5/MCU/ARM_GCC_Support/ewl/lib/armv6-m\libc.a(scanformat_.o)
 .debug_frame   0x00000e78      0x158 C:/Freescale/CW MCU v10.5/MCU/ARM_GCC_Support/ewl/lib/armv6-m\libc.a(ctype_aeabi.o)
 .debug_frame   0x00000fd0       0x4c C:/Freescale/CW MCU v10.5/MCU/ARM_GCC_Support/ewl/lib/armv6-m\libc.a(vsnprintf.o)
 .debug_frame   0x0000101c       0x30 C:/Freescale/CW MCU v10.5/MCU/ARM_GCC_Support/ewl/lib/armv6-m\libc.a(__strtoul.o)
 .debug_frame   0x0000104c       0x2c C:/Freescale/CW MCU v10.5/MCU/ARM_GCC_Support/ewl/lib/armv6-m\libc.a(__filll_mem.o)
 .debug_frame   0x00001078       0x28 C:/Freescale/CW MCU v10.5/MCU/ARM_GCC_Support/ewl/lib/armv6-m\libc.a(memchr.o)
 .debug_frame   0x000010a0       0x28 C:/Freescale/CW MCU v10.5/MCU/ARM_GCC_Support/ewl/lib/armv6-m\libc.a(memcpy.o)
 .debug_frame   0x000010c8       0x28 C:/Freescale/CW MCU v10.5/MCU/ARM_GCC_Support/ewl/lib/armv6-m\libc.a(strchr.o)
 .debug_frame   0x000010f0       0x20 c:/freescale/cw mcu v10.5/cross_tools/arm-none-eabi-gcc-4_7_3/bin/../lib/gcc/arm-none-eabi/4.7.3/armv6-m\libgcc.a(_udivsi3.o)
 .debug_frame   0x00001110       0x20 c:/freescale/cw mcu v10.5/cross_tools/arm-none-eabi-gcc-4_7_3/bin/../lib/gcc/arm-none-eabi/4.7.3/armv6-m\libgcc.a(_divsi3.o)
 .debug_frame   0x00001130       0x28 c:/freescale/cw mcu v10.5/cross_tools/arm-none-eabi-gcc-4_7_3/bin/../lib/gcc/arm-none-eabi/4.7.3/armv6-m\libgcc.a(_fixunssfsi.o)
 .debug_frame   0x00001158       0x3c c:/freescale/cw mcu v10.5/cross_tools/arm-none-eabi-gcc-4_7_3/bin/../lib/gcc/arm-none-eabi/4.7.3/armv6-m\libgcc.a(divsf3.o)
 .debug_frame   0x00001194       0x2c c:/freescale/cw mcu v10.5/cross_tools/arm-none-eabi-gcc-4_7_3/bin/../lib/gcc/arm-none-eabi/4.7.3/armv6-m\libgcc.a(eqsf2.o)
 .debug_frame   0x000011c0       0x30 c:/freescale/cw mcu v10.5/cross_tools/arm-none-eabi-gcc-4_7_3/bin/../lib/gcc/arm-none-eabi/4.7.3/armv6-m\libgcc.a(gesf2.o)
 .debug_frame   0x000011f0       0x30 c:/freescale/cw mcu v10.5/cross_tools/arm-none-eabi-gcc-4_7_3/bin/../lib/gcc/arm-none-eabi/4.7.3/armv6-m\libgcc.a(lesf2.o)
 .debug_frame   0x00001220       0x3c c:/freescale/cw mcu v10.5/cross_tools/arm-none-eabi-gcc-4_7_3/bin/../lib/gcc/arm-none-eabi/4.7.3/armv6-m\libgcc.a(mulsf3.o)
 .debug_frame   0x0000125c       0x30 c:/freescale/cw mcu v10.5/cross_tools/arm-none-eabi-gcc-4_7_3/bin/../lib/gcc/arm-none-eabi/4.7.3/armv6-m\libgcc.a(subsf3.o)
 .debug_frame   0x0000128c       0x28 c:/freescale/cw mcu v10.5/cross_tools/arm-none-eabi-gcc-4_7_3/bin/../lib/gcc/arm-none-eabi/4.7.3/armv6-m\libgcc.a(fixsfsi.o)
 .debug_frame   0x000012b4       0x2c c:/freescale/cw mcu v10.5/cross_tools/arm-none-eabi-gcc-4_7_3/bin/../lib/gcc/arm-none-eabi/4.7.3/armv6-m\libgcc.a(floatsisf.o)
 .debug_frame   0x000012e0       0x28 c:/freescale/cw mcu v10.5/cross_tools/arm-none-eabi-gcc-4_7_3/bin/../lib/gcc/arm-none-eabi/4.7.3/armv6-m\libgcc.a(floatunsisf.o)
 .debug_frame   0x00001308       0x3c c:/freescale/cw mcu v10.5/cross_tools/arm-none-eabi-gcc-4_7_3/bin/../lib/gcc/arm-none-eabi/4.7.3/armv6-m\libgcc.a(adddf3.o)
 .debug_frame   0x00001344       0x3c c:/freescale/cw mcu v10.5/cross_tools/arm-none-eabi-gcc-4_7_3/bin/../lib/gcc/arm-none-eabi/4.7.3/armv6-m\libgcc.a(divdf3.o)
 .debug_frame   0x00001380       0x34 c:/freescale/cw mcu v10.5/cross_tools/arm-none-eabi-gcc-4_7_3/bin/../lib/gcc/arm-none-eabi/4.7.3/armv6-m\libgcc.a(eqdf2.o)
 .debug_frame   0x000013b4       0x38 c:/freescale/cw mcu v10.5/cross_tools/arm-none-eabi-gcc-4_7_3/bin/../lib/gcc/arm-none-eabi/4.7.3/armv6-m\libgcc.a(gedf2.o)
 .debug_frame   0x000013ec       0x38 c:/freescale/cw mcu v10.5/cross_tools/arm-none-eabi-gcc-4_7_3/bin/../lib/gcc/arm-none-eabi/4.7.3/armv6-m\libgcc.a(ledf2.o)
 .debug_frame   0x00001424       0x3c c:/freescale/cw mcu v10.5/cross_tools/arm-none-eabi-gcc-4_7_3/bin/../lib/gcc/arm-none-eabi/4.7.3/armv6-m\libgcc.a(muldf3.o)
 .debug_frame   0x00001460       0x30 c:/freescale/cw mcu v10.5/cross_tools/arm-none-eabi-gcc-4_7_3/bin/../lib/gcc/arm-none-eabi/4.7.3/armv6-m\libgcc.a(floatsidf.o)
 .debug_frame   0x00001490       0x2c c:/freescale/cw mcu v10.5/cross_tools/arm-none-eabi-gcc-4_7_3/bin/../lib/gcc/arm-none-eabi/4.7.3/armv6-m\libgcc.a(floatunsidf.o)
 .debug_frame   0x000014bc       0x2c c:/freescale/cw mcu v10.5/cross_tools/arm-none-eabi-gcc-4_7_3/bin/../lib/gcc/arm-none-eabi/4.7.3/armv6-m\libgcc.a(extendsfdf2.o)
 .debug_frame   0x000014e8       0x30 c:/freescale/cw mcu v10.5/cross_tools/arm-none-eabi-gcc-4_7_3/bin/../lib/gcc/arm-none-eabi/4.7.3/armv6-m\libgcc.a(truncdfsf2.o)
 .debug_frame   0x00001518       0x40 C:/Freescale/CW MCU v10.5/MCU/ARM_GCC_Support/ewl/lib/armv6-m\librt.a(gcc_ctor_dtor.o)
 .debug_frame   0x00001558       0x54 C:/Freescale/CW MCU v10.5/MCU/ARM_GCC_Support/ewl/lib/armv6-m\librt.a(ROMCopy.o)
 .debug_frame   0x000015ac       0xbc C:/Freescale/CW MCU v10.5/MCU/ARM_GCC_Support/ewl/lib/armv6-m\librt.a(__arm_eabi_init.o)
