Archive member included because of file (symbol)

C:/Freescale/CW MCU v10.5/MCU/ARM_GCC_Support/ewl/lib/armv6-m\libc.a(sscanf.o)
                              ./sources/TFC/TFC_Terminal.o (sscanf)
C:/Freescale/CW MCU v10.5/MCU/ARM_GCC_Support/ewl/lib/armv6-m\libc.a(vsprintf.o)
                              ./sources/TFC/TFC_Queue.o (vsprintf)
C:/Freescale/CW MCU v10.5/MCU/ARM_GCC_Support/ewl/lib/armv6-m\libc.a(vsscanf.o)
                              C:/Freescale/CW MCU v10.5/MCU/ARM_GCC_Support/ewl/lib/armv6-m\libc.a(sscanf.o) (vsscanf)
C:/Freescale/CW MCU v10.5/MCU/ARM_GCC_Support/ewl/lib/armv6-m\libc.a(exit.o)
                              ./Project_Settings/Startup_Code/__arm_start.o (exit)
C:/Freescale/CW MCU v10.5/MCU/ARM_GCC_Support/ewl/lib/armv6-m\libc.a(memset.o)
                              ./Project_Settings/Startup_Code/__arm_start.o (memset)
C:/Freescale/CW MCU v10.5/MCU/ARM_GCC_Support/ewl/lib/armv6-m\libc.a(strcmp.o)
                              ./sources/TFC/TFC_Terminal.o (strcmp)
C:/Freescale/CW MCU v10.5/MCU/ARM_GCC_Support/ewl/lib/armv6-m\libc.a(strcpy.o)
                              ./sources/TFC/TFC_Terminal.o (strcpy)
C:/Freescale/CW MCU v10.5/MCU/ARM_GCC_Support/ewl/lib/armv6-m\libc.a(strlen.o)
                              ./sources/TFC/TFC_Queue.o (strlen)
C:/Freescale/CW MCU v10.5/MCU/ARM_GCC_Support/ewl/lib/armv6-m\libc.a(printformat_.o)
                              (__pformatter_)
C:/Freescale/CW MCU v10.5/MCU/ARM_GCC_Support/ewl/lib/armv6-m\libc.a(scanformat_.o)
                              (__sformatter)
C:/Freescale/CW MCU v10.5/MCU/ARM_GCC_Support/ewl/lib/armv6-m\libc.a(ctype_aeabi.o)
                              C:/Freescale/CW MCU v10.5/MCU/ARM_GCC_Support/ewl/lib/armv6-m\libc.a(scanformat_.o) (isspace)
C:/Freescale/CW MCU v10.5/MCU/ARM_GCC_Support/ewl/lib/armv6-m\libc.a(vsnprintf.o)
                              C:/Freescale/CW MCU v10.5/MCU/ARM_GCC_Support/ewl/lib/armv6-m\libc.a(vsprintf.o) (vsnprintf)
C:/Freescale/CW MCU v10.5/MCU/ARM_GCC_Support/ewl/lib/armv6-m\libc.a(__strtoul.o)
                              C:/Freescale/CW MCU v10.5/MCU/ARM_GCC_Support/ewl/lib/armv6-m\libc.a(scanformat_.o) (__strtoul)
C:/Freescale/CW MCU v10.5/MCU/ARM_GCC_Support/ewl/lib/armv6-m\libc.a(__filll_mem.o)
                              C:/Freescale/CW MCU v10.5/MCU/ARM_GCC_Support/ewl/lib/armv6-m\libc.a(memset.o) (__fill_mem)
C:/Freescale/CW MCU v10.5/MCU/ARM_GCC_Support/ewl/lib/armv6-m\libc.a(memchr.o)
                              C:/Freescale/CW MCU v10.5/MCU/ARM_GCC_Support/ewl/lib/armv6-m\libc.a(printformat_.o) (memchr)
C:/Freescale/CW MCU v10.5/MCU/ARM_GCC_Support/ewl/lib/armv6-m\libc.a(memcpy.o)
                              C:/Freescale/CW MCU v10.5/MCU/ARM_GCC_Support/ewl/lib/armv6-m\libc.a(scanformat_.o) (memcpy)
C:/Freescale/CW MCU v10.5/MCU/ARM_GCC_Support/ewl/lib/armv6-m\libc.a(strchr.o)
                              C:/Freescale/CW MCU v10.5/MCU/ARM_GCC_Support/ewl/lib/armv6-m\libc.a(printformat_.o) (strchr)
c:/freescale/cw mcu v10.5/cross_tools/arm-none-eabi-gcc-4_7_3/bin/../lib/gcc/arm-none-eabi/4.7.3/armv6-m\libgcc.a(_thumb1_case_sqi.o)
                              C:/Freescale/CW MCU v10.5/MCU/ARM_GCC_Support/ewl/lib/armv6-m\libc.a(__strtoul.o) (__gnu_thumb1_case_sqi)
c:/freescale/cw mcu v10.5/cross_tools/arm-none-eabi-gcc-4_7_3/bin/../lib/gcc/arm-none-eabi/4.7.3/armv6-m\libgcc.a(_thumb1_case_uqi.o)
                              C:/Freescale/CW MCU v10.5/MCU/ARM_GCC_Support/ewl/lib/armv6-m\libc.a(scanformat_.o) (__gnu_thumb1_case_uqi)
c:/freescale/cw mcu v10.5/cross_tools/arm-none-eabi-gcc-4_7_3/bin/../lib/gcc/arm-none-eabi/4.7.3/armv6-m\libgcc.a(_udivsi3.o)
                              ./sources/TFC/TFC_UART.o (__aeabi_uidiv)
c:/freescale/cw mcu v10.5/cross_tools/arm-none-eabi-gcc-4_7_3/bin/../lib/gcc/arm-none-eabi/4.7.3/armv6-m\libgcc.a(_divsi3.o)
                              ./sources/TFC/TFC_CrystalClock.o (__aeabi_idiv)
c:/freescale/cw mcu v10.5/cross_tools/arm-none-eabi-gcc-4_7_3/bin/../lib/gcc/arm-none-eabi/4.7.3/armv6-m\libgcc.a(_dvmd_tls.o)
                              c:/freescale/cw mcu v10.5/cross_tools/arm-none-eabi-gcc-4_7_3/bin/../lib/gcc/arm-none-eabi/4.7.3/armv6-m\libgcc.a(_udivsi3.o) (__aeabi_idiv0)
c:/freescale/cw mcu v10.5/cross_tools/arm-none-eabi-gcc-4_7_3/bin/../lib/gcc/arm-none-eabi/4.7.3/armv6-m\libgcc.a(_arm_cmpsf2.o)
                              ./sources/TFC/TFC_Motor.o (__aeabi_fcmplt)
c:/freescale/cw mcu v10.5/cross_tools/arm-none-eabi-gcc-4_7_3/bin/../lib/gcc/arm-none-eabi/4.7.3/armv6-m\libgcc.a(_fixunssfsi.o)
                              ./sources/TFC/TFC_Servo.o (__aeabi_f2uiz)
c:/freescale/cw mcu v10.5/cross_tools/arm-none-eabi-gcc-4_7_3/bin/../lib/gcc/arm-none-eabi/4.7.3/armv6-m\libgcc.a(addsf3.o)
                              ./sources/TFC/TFC_Servo.o (__aeabi_fadd)
c:/freescale/cw mcu v10.5/cross_tools/arm-none-eabi-gcc-4_7_3/bin/../lib/gcc/arm-none-eabi/4.7.3/armv6-m\libgcc.a(divsf3.o)
[...]
Memory Configuration

Name             Origin             Length             Attributes
m_interrupts     0x00000000         0x000000c0         xr
m_cfmprotrom     0x00000400         0x00000010         xr
m_text           0x00000800         0x0001f800         xr
m_data           0x1ffff000         0x00004000         xrw
*default*        0x00000000         0xffffffff

Linker script and memory map

LOAD ./.metadata/.plugins/org.eclipse.cdt.make.core/specs.o
LOAD ./Project_Settings/Startup_Code/kinetis_sysinit.o
LOAD ./Project_Settings/Startup_Code/__arm_start.o
LOAD ./Project_Settings/Startup_Code/__arm_end.o
LOAD ./sources/TFC/TFC_arm_cm0.o
LOAD ./sources/TFC/TFC_UART.o
LOAD ./sources/TFC/TFC_Terminal.o
LOAD ./sources/TFC/TFC_Servo.o
LOAD ./sources/TFC/TFC_Queue.o
LOAD ./sources/TFC/TFC_Motor.o
LOAD ./sources/TFC/TFC_LineScanCamera.o
LOAD ./sources/TFC/TFC_CrystalClock.o
LOAD ./sources/TFC/TFC_BoardSupport.o
LOAD ./sources/TFC/TFC_ARM_SysTick.o
LOAD ./sources/TFC/TFC_ADC.o
LOAD ./sources/TFC/TFC.o
LOAD ./sources/sa_mtb.o
LOAD ./sources/main.o
                0x00005360                __pformatter = __pformatter_
                [0x00005788]                __sformatter = __sformatter
START GROUP
LOAD C:/Freescale/CW MCU v10.5/MCU/ARM_GCC_Support/ewl/lib/armv6-m\libc.a
LOAD C:/Freescale/CW MCU v10.5/MCU/ARM_GCC_Support/ewl/lib/armv6-m\libm.a
LOAD c:/freescale/cw mcu v10.5/cross_tools/arm-none-eabi-gcc-4_7_3/bin/../lib/gcc/arm-none-eabi/4.7.3/armv6-m\libgcc.a
LOAD C:/Freescale/CW MCU v10.5/MCU/ARM_GCC_Support/ewl/lib/armv6-m\librt.a
LOAD C:/Freescale/CW MCU v10.5/MCU/ARM_GCC_Support/ewl/lib/armv6-m\libuart.a
END GROUP
                0x20003000                _estack = 0x20003000
                0x20003000                __SP_INIT = _estack
                0x00000400                __heap_size = 0x400
                0x00000400                __stack_size = 0x400

.interrupts     0x00000000       0xc0
                0x00000000                __vector_table = .
                0x00000000                . = ALIGN (0x4)
 *(.vectortable)
 .vectortable   0x00000000       0xc0 ./Project_Settings/Startup_Code/kinetis_sysinit.o
                0x00000000                InterruptVector
                0x000000c0                . = ALIGN (0x4)

.cfmprotect     0x00000400        0x0
                0x00000400                . = ALIGN (0x4)
 *(.cfmconfig)
                0x00000400                . = ALIGN (0x4)

.text           0x00000800     0x619c
                0x00000800                . = ALIGN (0x4)
 *(.text)
 .text          0x00000800       0x14 c:/freescale/cw mcu v10.5/cross_tools/arm-none-eabi-gcc-4_7_3/bin/../lib/gcc/arm-none-eabi/4.7.3/armv6-m\libgcc.a(_thumb1_case_sqi.o)
                0x00000800                __gnu_thumb1_case_sqi
 .text          0x00000814       0x14 c:/freescale/cw mcu v10.5/cross_tools/arm-none-eabi-gcc-4_7_3/bin/../lib/gcc/arm-none-eabi/4.7.3/armv6-m\libgcc.a(_thumb1_case_uqi.o)
                0x00000814                __gnu_thumb1_case_uqi
 .text          0x00000828       0x9c c:/freescale/cw mcu v10.5/cross_tools/arm-none-eabi-gcc-4_7_3/bin/../lib/gcc/arm-none-eabi/4.7.3/armv6-m\libgcc.a(_udivsi3.o)
                0x00000828                __aeabi_uidiv
                0x00000828                __udivsi3
                0x000008b0                __aeabi_uidivmod
 .text          0x000008c4       0xc0 c:/freescale/cw mcu v10.5/cross_tools/arm-none-eabi-gcc-4_7_3/bin/../lib/gcc/arm-none-eabi/4.7.3/armv6-m\libgcc.a(_divsi3.o)
                0x000008c4                __divsi3
                0x000008c4                __aeabi_idiv
                0x00000970                __aeabi_idivmod
 .text          0x00000984        0x4 c:/freescale/cw mcu v10.5/cross_tools/arm-none-eabi-gcc-4_7_3/bin/../lib/gcc/arm-none-eabi/4.7.3/armv6-m\libgcc.a(_dvmd_tls.o)
                0x00000984                __aeabi_idiv0
                0x00000984                __aeabi_ldiv0
 .text          0x00000988       0x74 c:/freescale/cw mcu v10.5/cross_tools/arm-none-eabi-gcc-4_7_3/bin/../lib/gcc/arm-none-eabi/4.7.3/armv6-m\libgcc.a(_arm_cmpsf2.o)
                0x00000988                __aeabi_cfrcmple
                0x00000990                __aeabi_cfcmpeq
                0x00000990                __aeabi_cfcmple
                0x000009a0                __aeabi_fcmpeq
                0x000009ac                __aeabi_fcmplt
                0x000009c0                __aeabi_fcmple
                0x000009d4                __aeabi_fcmpgt
                0x000009e8                __aeabi_fcmpge
 .text          0x000009fc       0x30 c:/freescale/cw mcu v10.5/cross_tools/arm-none-eabi-gcc-4_7_3/bin/../lib/gcc/arm-none-eabi/4.7.3/armv6-m\libgcc.a(_fixunssfsi.o)
                0x000009fc                __fixunssfsi
                0x000009fc                __aeabi_f2uiz
 .text          0x00000a2c      0x274 c:/freescale/cw mcu v10.5/cross_tools/arm-none-eabi-gcc-4_7_3/bin/../lib/gcc/arm-none-eabi/4.7.3/armv6-m\libgcc.a(divsf3.o)
                0x00000a2c                __aeabi_fdiv
 .text          0x00000ca0       0x50 c:/freescale/cw mcu v10.5/cross_tools/arm-none-eabi-gcc-4_7_3/bin/../lib/gcc/arm-none-eabi/4.7.3/armv6-m\libgcc.a(eqsf2.o)
                0x00000ca0                __eqsf2
                0x00000ca0                __nesf2
 .text          0x00000cf0       0x90 c:/freescale/cw mcu v10.5/cross_tools/arm-none-eabi-gcc-4_7_3/bin/../lib/gcc/arm-none-eabi/4.7.3/armv6-m\libgcc.a(gesf2.o)
                0x00000cf0                __gesf2
                0x00000cf0                __gtsf2
 .text          0x00000d80       0x90 c:/freescale/cw mcu v10.5/cross_tools/arm-none-eabi-gcc-4_7_3/bin/../lib/gcc/arm-none-eabi/4.7.3/armv6-m\libgcc.a(lesf2.o)
                0x00000d80                __ltsf2
                0x00000d80                __lesf2
 .text          0x00000e10      0x260 c:/freescale/cw mcu v10.5/cross_tools/arm-none-eabi-gcc-4_7_3/bin/../lib/gcc/arm-none-eabi/4.7.3/armv6-m\libgcc.a(mulsf3.o)
                0x00000e10                __aeabi_fmul
 .text          0x00001070      0x3ac c:/freescale/cw mcu v10.5/cross_tools/arm-none-eabi-gcc-4_7_3/bin/../lib/gcc/arm-none-eabi/4.7.3/armv6-m\libgcc.a(subsf3.o)
                0x00001070                __aeabi_fsub
 .text          0x0000141c       0x40 c:/freescale/cw mcu v10.5/cross_tools/arm-none-eabi-gcc-4_7_3/bin/../lib/gcc/arm-none-eabi/4.7.3/armv6-m\libgcc.a(fixsfsi.o)
                0x0000141c                __aeabi_f2iz
 .text          0x0000145c       0xa8 c:/freescale/cw mcu v10.5/cross_tools/arm-none-eabi-gcc-4_7_3/bin/../lib/gcc/arm-none-eabi/4.7.3/armv6-m\libgcc.a(floatsisf.o)
                0x0000145c                __aeabi_i2f
 .text          0x00001504       0xa8 c:/freescale/cw mcu v10.5/cross_tools/arm-none-eabi-gcc-4_7_3/bin/../lib/gcc/arm-none-eabi/4.7.3/armv6-m\libgcc.a(floatunsisf.o)
                0x00001504                __aeabi_ui2f
 .text          0x000015ac      0x758 c:/freescale/cw mcu v10.5/cross_tools/arm-none-eabi-gcc-4_7_3/bin/../lib/gcc/arm-none-eabi/4.7.3/armv6-m\libgcc.a(adddf3.o)
                0x000015ac                __aeabi_dadd
 .text          0x00001d04      0x5b8 c:/freescale/cw mcu v10.5/cross_tools/arm-none-eabi-gcc-4_7_3/bin/../lib/gcc/arm-none-eabi/4.7.3/armv6-m\libgcc.a(divdf3.o)
                0x00001d04                __aeabi_ddiv
 .text          0x000022bc      0x4e4 c:/freescale/cw mcu v10.5/cross_tools/arm-none-eabi-gcc-4_7_3/bin/../lib/gcc/arm-none-eabi/4.7.3/armv6-m\libgcc.a(muldf3.o)
                0x000022bc                __aeabi_dmul
 .text          0x000027a0       0x64 c:/freescale/cw mcu v10.5/cross_tools/arm-none-eabi-gcc-4_7_3/bin/../lib/gcc/arm-none-eabi/4.7.3/armv6-m\libgcc.a(floatunsidf.o)
                0x000027a0                __aeabi_ui2d
 .text          0x00002804       0xa8 c:/freescale/cw mcu v10.5/cross_tools/arm-none-eabi-gcc-4_7_3/bin/../lib/gcc/arm-none-eabi/4.7.3/armv6-m\libgcc.a(extendsfdf2.o)
                0x00002804                __aeabi_f2d
 .text          0x000028ac      0x134 c:/freescale/cw mcu v10.5/cross_tools/arm-none-eabi-gcc-4_7_3/bin/../lib/gcc/arm-none-eabi/4.7.3/armv6-m\libgcc.a(truncdfsf2.o)
                0x000028ac                __aeabi_d2f
 .text          0x000029e0       0x3c c:/freescale/cw mcu v10.5/cross_tools/arm-none-eabi-gcc-4_7_3/bin/../lib/gcc/arm-none-eabi/4.7.3/armv6-m\libgcc.a(_clzsi2.o)
                0x000029e0                __clzsi2
 *(.text*)
 .text.Default_Handler
                0x00002a1c        0xc ./Project_Settings/Startup_Code/kinetis_sysinit.o
                0x00002a1c                RTC_Alarm_IRQHandler
                0x00002a1c                I2C0_IRQHandler
                0x00002a1c                HardFault_Handler
                0x00002a1c                PendSV_Handler
                0x00002a1c                NMI_Handler
                0x00002a1c                I2C1_IRQHandler
                0x00002a1c                UART1_IRQHandler
                0x00002a1c                DMA2_IRQHandler
                0x00002a1c                TSI0_IRQHandler
                0x00002a1c                SPI1_IRQHandler
                0x00002a1c                PORTD_IRQHandler
                0x00002a1c                LPTimer_IRQHandler
                0x00002a1c                RTC_Seconds_IRQHandler
                0x00002a1c                MCG_IRQHandler
                0x00002a1c                UART2_IRQHandler
                0x00002a1c                Default_Handler
                0x00002a1c                LLW_IRQHandler
                0x00002a1c                SVC_Handler
                0x00002a1c                USBOTG_IRQHandler
                0x00002a1c                DMA3_IRQHandler
                0x00002a1c                DMA0_IRQHandler
                0x00002a1c                DAC0_IRQHandler
                0x00002a1c                PMC_IRQHandler
                0x00002a1c                SPI0_IRQHandler
                0x00002a1c                FTM0_IRQHandler
                0x00002a1c                PORTA_IRQHandler
                0x00002a1c                MCM_IRQHandler
                0x00002a1c                FTFL_IRQHandler
                0x00002a1c                FTM2_IRQHandler
                0x00002a1c                CMP0_IRQHandler
                0x00002a1c                DMA1_IRQHandler
 .text.__init_hardware
                0x00002a28       0x2c ./Project_Settings/Startup_Code/kinetis_sysinit.o
                0x00002a28                __init_hardware
 .text.zero_fill_bss
                0x00002a54       0x24 ./Project_Settings/Startup_Code/__arm_start.o
 .text.__thumb_startup
                0x00002a78       0x30 ./Project_Settings/Startup_Code/__arm_start.o
                0x00002a78                __thumb_startup
 .text._ExitProcess
                0x00002aa8        0xc ./Project_Settings/Startup_Code/__arm_end.o
                0x00002aa8                _ExitProcess
 .text.enable_irq
                0x00002ab4       0x6c ./sources/TFC/TFC_arm_cm0.o
                0x00002ab4                enable_irq
 .text.disable_irq
                0x00002b20       0x40 ./sources/TFC/TFC_arm_cm0.o
                0x00002b20                disable_irq
 .text.TFC_InitUARTs
                0x00002b60       0xd0 ./sources/TFC/TFC_UART.o
                0x00002b60                TFC_InitUARTs
 .text.TFC_UART_Process
                0x00002c30       0x40 ./sources/TFC/TFC_UART.o
                0x00002c30                TFC_UART_Process
 .text.UART0_IRQHandler
                0x00002c70       0x78 ./sources/TFC/TFC_UART.o
                0x00002c70                UART0_IRQHandler
 .text.uart0_init
                0x00002ce8      0x22c ./sources/TFC/TFC_UART.o
                0x00002ce8                uart0_init
 .text.TerminalBootMsg
                0x00002f14       0x6c ./sources/TFC/TFC_Terminal.o
                0x00002f14                TerminalBootMsg
 .text.TFC_InitTerminal
                0x00002f80       0x20 ./sources/TFC/TFC_Terminal.o
                0x00002f80                TFC_InitTerminal
 .text.TerminalCmd_Help
                0x00002fa0       0xa4 ./sources/TFC/TFC_Terminal.o
                0x00002fa0                TerminalCmd_Help
 .text.TerminalCmd_E
                0x00003044       0x30 ./sources/TFC/TFC_Terminal.o
                0x00003044                TerminalCmd_E
 .text.TerminalCmd_D
                0x00003074       0x3c ./sources/TFC/TFC_Terminal.o
                0x00003074                TerminalCmd_D
 .text.TerminalCmd_GetLineScan
                0x000030b0      0x118 ./sources/TFC/TFC_Terminal.o
                0x000030b0                TerminalCmd_GetLineScan
 .text.TerminalCmd_S
                0x000031c8       0xa8 ./sources/TFC/TFC_Terminal.o
                0x000031c8                TerminalCmd_S
 .text.TerminalCmd_H
                0x00003270       0xa8 ./sources/TFC/TFC_Terminal.o
                0x00003270                TerminalCmd_H
 .text.TFC_ProcessTerminal
                0x00003318      0x2c0 ./sources/TFC/TFC_Terminal.o
                0x00003318                TFC_ProcessTerminal
 .text.TFC_SetServo
                0x000035d8       0x88 ./sources/TFC/TFC_Servo.o
                0x000035d8                TFC_SetServo
 .text.TFC_SetServoDutyCycle
                0x00003660       0x34 ./sources/TFC/TFC_Servo.o
                0x00003660                TFC_SetServoDutyCycle
 .text.FTM1_IRQHandler
                0x00003694       0x40 ./sources/TFC/TFC_Servo.o
                0x00003694                FTM1_IRQHandler
 .text.TFC_SetServoLookup
                0x000036d4       0x50 ./sources/TFC/TFC_Servo.o
                0x000036d4                TFC_SetServoLookup
 .text.TFC_InitServos
                0x00003724       0xb8 ./sources/TFC/TFC_Servo.o
                0x00003724                TFC_InitServos
 .text.InitByteQueue
                0x000037dc       0x6c ./sources/TFC/TFC_Queue.o
                0x000037dc                InitByteQueue
 .text.BytesInQueue
                0x00003848       0x50 ./sources/TFC/TFC_Queue.o
                0x00003848                BytesInQueue
 .text.ByteEnqueue
                0x00003898       0x64 ./sources/TFC/TFC_Queue.o
                0x00003898                ByteEnqueue
 .text.ByteArrayEnqueue
                0x000038fc       0x58 ./sources/TFC/TFC_Queue.o
                0x000038fc                ByteArrayEnqueue
 .text.Qprintf  0x00003954       0x50 ./sources/TFC/TFC_Queue.o
                0x00003954                Qprintf
 .text.ByteDequeue
                0x000039a4       0x5c ./sources/TFC/TFC_Queue.o
                0x000039a4                ByteDequeue
 .text.ForcedByteDequeue
                0x00003a00       0x58 ./sources/TFC/TFC_Queue.o
                0x00003a00                ForcedByteDequeue
 .text.TFC_InitMotorPWM
                0x00003a58       0xd4 ./sources/TFC/TFC_Motor.o
                0x00003a58                TFC_InitMotorPWM
 *fill*         0x00003b2c        0x4 00
 .text.TFC_SetMotorPWM
                0x00003b30      0x140 ./sources/TFC/TFC_Motor.o
                0x00003b30                TFC_SetMotorPWM
 .text.TFC_InitLineScanCamera
                0x00003c70       0xb4 ./sources/TFC/TFC_LineScanCamera.o
                0x00003c70                TFC_InitLineScanCamera
 *fill*         0x00003d24        0x4 00
 .text.TFC_SetLineScanExposureTime
                0x00003d28       0x70 ./sources/TFC/TFC_LineScanCamera.o
                0x00003d28                TFC_SetLineScanExposureTime
 .text.TFC_InitClock
                0x00003d98       0x24 ./sources/TFC/TFC_CrystalClock.o
                0x00003d98                TFC_InitClock
 .text.pll_init
                0x00003dbc      0x548 ./sources/TFC/TFC_CrystalClock.o
                0x00003dbc                pll_init
 .text.TFC_InitGPIO
                0x00004304       0xb4 ./sources/TFC/TFC_BoardSupport.o
                0x00004304                TFC_InitGPIO
 .text.TFC_SetBatteryLED_Level
                0x000043b8       0x78 ./sources/TFC/TFC_BoardSupport.o
                0x000043b8                TFC_SetBatteryLED_Level
 .text.TFC_GetDIP_Switch
                0x00004430       0x2c ./sources/TFC/TFC_BoardSupport.o
                0x00004430                TFC_GetDIP_Switch
 .text.TFC_InitSysTick
                0x0000445c       0x4c ./sources/TFC/TFC_ARM_SysTick.o
                0x0000445c                TFC_InitSysTick
 .text.SysTick_Handler
                0x000044a8       0x60 ./sources/TFC/TFC_ARM_SysTick.o
                0x000044a8                SysTick_Handler
 .text.ADC_Cal  0x00004508      0x1b4 ./sources/TFC/TFC_ADC.o
                0x00004508                ADC_Cal
 .text.ADC_Config_Alt
                0x000046bc       0x60 ./sources/TFC/TFC_ADC.o
                0x000046bc                ADC_Config_Alt
 .text.InitADC0
                0x0000471c       0x90 ./sources/TFC/TFC_ADC.o
                0x0000471c                InitADC0
 .text.TFC_InitADCs
                0x000047ac       0x70 ./sources/TFC/TFC_ADC.o
                0x000047ac                TFC_InitADCs
 .text.PIT_IRQHandler
                0x0000481c       0x40 ./sources/TFC/TFC_ADC.o
                0x0000481c                PIT_IRQHandler
 .text.ADC0_IRQHandler
                0x0000485c      0x224 ./sources/TFC/TFC_ADC.o
                0x0000485c                ADC0_IRQHandler
 .text.TFC_Init
                0x00004a80       0x44 ./sources/TFC/TFC.o
                0x00004a80                TFC_Init
 .text.TFC_Task
                0x00004ac4       0x10 ./sources/TFC/TFC.o
                0x00004ac4                TFC_Task
 .text.main     0x00004ad4      0x5d8 ./sources/main.o
                0x00004ad4                main
 .text.sscanf   0x000050ac       0x18 C:/Freescale/CW MCU v10.5/MCU/ARM_GCC_Support/ewl/lib/armv6-m\libc.a(sscanf.o)
                0x000050ac                sscanf
 .text.vsprintf
                0x000050c4       0x12 C:/Freescale/CW MCU v10.5/MCU/ARM_GCC_Support/ewl/lib/armv6-m\libc.a(vsprintf.o)
                0x000050c4                vsprintf
 .text.__StringRead
                0x000050d6       0x3c C:/Freescale/CW MCU v10.5/MCU/ARM_GCC_Support/ewl/lib/armv6-m\libc.a(vsscanf.o)
                0x000050d6                __StringRead
 *fill*         0x00005112        0x2 00
 .text.vsscanf  0x00005114       0x30 C:/Freescale/CW MCU v10.5/MCU/ARM_GCC_Support/ewl/lib/armv6-m\libc.a(vsscanf.o)
                0x00005114                vsscanf
 .text.exit     0x00005144       0x38 C:/Freescale/CW MCU v10.5/MCU/ARM_GCC_Support/ewl/lib/armv6-m\libc.a(exit.o)
                0x00005144                exit
 .text.memset   0x0000517c        0xc C:/Freescale/CW MCU v10.5/MCU/ARM_GCC_Support/ewl/lib/armv6-m\libc.a(memset.o)
                0x0000517c                memset
 .text.strcmp   0x00005188       0x1c C:/Freescale/CW MCU v10.5/MCU/ARM_GCC_Support/ewl/lib/armv6-m\libc.a(strcmp.o)
                0x00005188                strcmp
 .text.strcpy   0x000051a4       0x10 C:/Freescale/CW MCU v10.5/MCU/ARM_GCC_Support/ewl/lib/armv6-m\libc.a(strcpy.o)
                0x000051a4                strcpy
 .text.strlen   0x000051b4       0x10 C:/Freescale/CW MCU v10.5/MCU/ARM_GCC_Support/ewl/lib/armv6-m\libc.a(strlen.o)
                0x000051b4                strlen
 .text.long2str.isra.0
                0x000051c4      0x19c C:/Freescale/CW MCU v10.5/MCU/ARM_GCC_Support/ewl/lib/armv6-m\libc.a(printformat_.o)
 .text.__pformatter_
                0x00005360      0x428 C:/Freescale/CW MCU v10.5/MCU/ARM_GCC_Support/ewl/lib/armv6-m\libc.a(printformat_.o)
                0x00005360                __pformatter_
 .text.__sformatter
                0x00005788      0x698 C:/Freescale/CW MCU v10.5/MCU/ARM_GCC_Support/ewl/lib/armv6-m\libc.a(scanformat_.o)
                0x00005788                __sformatter
 .text.isalpha  0x00005e20       0x20 C:/Freescale/CW MCU v10.5/MCU/ARM_GCC_Support/ewl/lib/armv6-m\libc.a(ctype_aeabi.o)
                0x00005e20                isalpha
 .text.isspace  0x00005e40       0x20 C:/Freescale/CW MCU v10.5/MCU/ARM_GCC_Support/ewl/lib/armv6-m\libc.a(ctype_aeabi.o)
                0x00005e40                isspace
 .text.toupper  0x00005e60        0xe C:/Freescale/CW MCU v10.5/MCU/ARM_GCC_Support/ewl/lib/armv6-m\libc.a(ctype_aeabi.o)
                0x00005e60                toupper
 .text.__StringWrite
                0x00005e6e       0x26 C:/Freescale/CW MCU v10.5/MCU/ARM_GCC_Support/ewl/lib/armv6-m\libc.a(vsnprintf.o)
                0x00005e6e                __StringWrite
 .text.vsnprintf
                0x00005e94       0x38 C:/Freescale/CW MCU v10.5/MCU/ARM_GCC_Support/ewl/lib/armv6-m\libc.a(vsnprintf.o)
                0x00005e94                vsnprintf
 .text.__strtoul
                0x00005ecc      0x1ce C:/Freescale/CW MCU v10.5/MCU/ARM_GCC_Support/ewl/lib/armv6-m\libc.a(__strtoul.o)
                0x00005ecc                __strtoul
 .text.__fill_mem
                0x0000609a       0x7e C:/Freescale/CW MCU v10.5/MCU/ARM_GCC_Support/ewl/lib/armv6-m\libc.a(__filll_mem.o)
                0x0000609a                __fill_mem
 .text.memchr   0x00006118       0x1a C:/Freescale/CW MCU v10.5/MCU/ARM_GCC_Support/ewl/lib/armv6-m\libc.a(memchr.o)
                0x00006118                memchr
 .text.memcpy   0x00006132       0x12 C:/Freescale/CW MCU v10.5/MCU/ARM_GCC_Support/ewl/lib/armv6-m\libc.a(memcpy.o)
                0x00006132                memcpy
 .text.strchr   0x00006144       0x1e C:/Freescale/CW MCU v10.5/MCU/ARM_GCC_Support/ewl/lib/armv6-m\libc.a(strchr.o)
                0x00006144                strchr
 *fill*         0x00006162        0x2 00
 .text.__init_cpp
                0x00006164       0x48 C:/Freescale/CW MCU v10.5/MCU/ARM_GCC_Support/ewl/lib/armv6-m\librt.a(gcc_ctor_dtor.o)
                0x00006164                __init_cpp
 .text.__fini_cpp
                0x000061ac       0x34 C:/Freescale/CW MCU v10.5/MCU/ARM_GCC_Support/ewl/lib/armv6-m\librt.a(gcc_ctor_dtor.o)
                0x000061ac                __fini_cpp
 .text.__copy_rom_section
                0x000061e0       0x48 C:/Freescale/CW MCU v10.5/MCU/ARM_GCC_Support/ewl/lib/armv6-m\librt.a(ROMCopy.o)
                0x000061e0                __copy_rom_section
 .text.__copy_rom_sections_to_ram
                0x00006228       0x34 C:/Freescale/CW MCU v10.5/MCU/ARM_GCC_Support/ewl/lib/armv6-m\librt.a(ROMCopy.o)
                0x00006228                __copy_rom_sections_to_ram
 .text.__destroy_global_chain
                0x0000625c       0x1c C:/Freescale/CW MCU v10.5/MCU/ARM_GCC_Support/ewl/lib/armv6-m\librt.a(__arm_eabi_init.o)
                0x0000625c                __destroy_global_chain
 .text.__init_registers
                0x00006278       0x1c C:/Freescale/CW MCU v10.5/MCU/ARM_GCC_Support/ewl/lib/armv6-m\librt.a(__arm_eabi_init.o)
                0x00006278                __init_registers
 .text.__init_user
                0x00006294        0x4 C:/Freescale/CW MCU v10.5/MCU/ARM_GCC_Support/ewl/lib/armv6-m\librt.a(__arm_eabi_init.o)
                0x00006294                __init_user
 *(.rodata)
 .rodata        0x00006298      0x364 ./sources/TFC/TFC_Terminal.o
 .rodata        0x000065fc       0x40 c:/freescale/cw mcu v10.5/cross_tools/arm-none-eabi-gcc-4_7_3/bin/../lib/gcc/arm-none-eabi/4.7.3/armv6-m\libgcc.a(divsf3.o)
 .rodata        0x0000663c       0x40 c:/freescale/cw mcu v10.5/cross_tools/arm-none-eabi-gcc-4_7_3/bin/../lib/gcc/arm-none-eabi/4.7.3/armv6-m\libgcc.a(mulsf3.o)
 .rodata        0x0000667c       0x40 c:/freescale/cw mcu v10.5/cross_tools/arm-none-eabi-gcc-4_7_3/bin/../lib/gcc/arm-none-eabi/4.7.3/armv6-m\libgcc.a(divdf3.o)
 .rodata        0x000066bc       0x40 c:/freescale/cw mcu v10.5/cross_tools/arm-none-eabi-gcc-4_7_3/bin/../lib/gcc/arm-none-eabi/4.7.3/armv6-m\libgcc.a(muldf3.o)
 *(.rodata*)
 .rodata.lookupDC
                0x000066fc      0x194 ./sources/TFC/TFC_Servo.o
 .rodata.str1.1
                0x00006890        0x1 C:/Freescale/CW MCU v10.5/MCU/ARM_GCC_Support/ewl/lib/armv6-m\libc.a(printformat_.o)
 .rodata.CSWTCH.20
                0x00006891        0x5 C:/Freescale/CW MCU v10.5/MCU/ARM_GCC_Support/ewl/lib/armv6-m\libc.a(printformat_.o)
 .rodata.CSWTCH.21
                0x00006896        0x5 C:/Freescale/CW MCU v10.5/MCU/ARM_GCC_Support/ewl/lib/armv6-m\libc.a(printformat_.o)
 .rodata.__aeabi_ctype_table_C
                0x0000689b      0x101 C:/Freescale/CW MCU v10.5/MCU/ARM_GCC_Support/ewl/lib/armv6-m\libc.a(ctype_aeabi.o)
                0x0000689b                __aeabi_ctype_table_C
 *(.glue_7)
 .glue_7        0x00000000        0x0 linker stubs
 *(.glue_7t)
 .glue_7t       0x00000000        0x0 linker stubs
 *(.eh_frame)
 *(.init)
 *(.fini)
                0x0000699c                . = ALIGN (0x4)
                0x0000699c                _etext = .

.vfp11_veneer   0x0000699c        0x0
 .vfp11_veneer  0x00000000        0x0 linker stubs

.v4_bx          0x0000699c        0x0
 .v4_bx         0x00000000        0x0 linker stubs

.iplt           0x0000699c        0x0
 .iplt          0x00000000        0x0 ./.metadata/.plugins/org.eclipse.cdt.make.core/specs.o

.rel.dyn        0x0000699c        0x0
 .rel.iplt      0x00000000        0x0 ./.metadata/.plugins/org.eclipse.cdt.make.core/specs.o

.ARM.extab
 *(.ARM.extab* .gnu.linkonce.armextab.*)

.ARM            0x0000699c        0x0
                0x0000699c                __exidx_start = .
 *(.ARM.exidx*)
                0x0000699c                __exidx_end = .

.ctors          0x0000699c        0x0
                0x0000699c                __CTOR_LIST__ = .
 *crtbegin.o(.ctors)
 *(EXCLUDE_FILE(*crtend.o) .ctors)
 *(SORT(.ctors.*))
 *(.ctors)
                0x0000699c                __CTOR_END__ = .

.dtors          0x0000699c        0x0
                0x0000699c                __DTOR_LIST__ = .
 *crtbegin.o(.dtors)
 *(EXCLUDE_FILE(*crtend.o) .dtors)
 *(SORT(.dtors.*))
 *(.dtors)
                0x0000699c                __DTOR_END__ = .

.preinit_array  0x0000699c        0x0
                0x0000699c                PROVIDE (__preinit_array_start, .)
 *(.preinit_array*)
                0x0000699c                PROVIDE (__preinit_array_end, .)

.init_array     0x0000699c        0x0
                0x0000699c                PROVIDE (__init_array_start, .)
 *(SORT(.init_array.*))
 *(.init_array*)
                0x0000699c                PROVIDE (__init_array_end, .)

.fini_array     0x0000699c        0x0
                0x0000699c                PROVIDE (__fini_array_start, .)
 *(SORT(.fini_array.*))
 *(.fini_array*)
                0x0000699c                PROVIDE (__fini_array_end, .)
                0x0000699c                ___ROM_AT = .

.mtb            0x1ffff000        0x0
                0x1ffff000                . = ALIGN (0x8)
                0x1ffff000                _mtb_start = .
 *(.mtb_buf)
                0x1ffff000                . = ALIGN (0x8)
                0x1ffff000                _mtb_end = .

.data           0x1ffff000       0x48 load address 0x0000699c
                0x1ffff000                . = ALIGN (0x4)
                0x1ffff000                _sdata = .
 *(.data)
 *(.data*)
 .data.MyTerminalCallbackRecords
                0x1ffff000       0x48 ./sources/TFC/TFC_Terminal.o
                0x1ffff000                MyTerminalCallbackRecords
                0x1ffff048                . = ALIGN (0x4)
                0x1ffff048                _edata = .
                0x00000048                ___data_size = (_edata - _sdata)

.igot.plt       0x1ffff048        0x0 load address 0x000069e4
 .igot.plt      0x00000000        0x0 ./.metadata/.plugins/org.eclipse.cdt.make.core/specs.o
                0x1ffff048                . = ALIGN (0x4)

.bss            0x1ffff048      0xe7c load address 0x000069e4
                0x1ffff048                __START_BSS = .
                0x1ffff048                PROVIDE (__bss_start__, __START_BSS)
 *(.bss)
 *(.bss*)
 .bss.argv      0x1ffff048        0x4 ./Project_Settings/Startup_Code/__arm_start.o
 .bss.StringBuffer
                0x1ffff04c      0x100 ./sources/TFC/TFC_Queue.o
 .bss.LineScanImageReady
                0x1ffff14c        0x1 ./sources/TFC/TFC_LineScanCamera.o
                0x1ffff14c                LineScanImageReady
 *fill*         0x1ffff14d        0x3 00
 .bss.DelayTimerTick
                0x1ffff150        0x4 ./sources/TFC/TFC_ARM_SysTick.o
 .bss.CurrentADC_State
                0x1ffff154        0x1 ./sources/TFC/TFC_ADC.o
 .bss.CurrentLineScanPixel
                0x1ffff155        0x1 ./sources/TFC/TFC_ADC.o
                0x1ffff155                CurrentLineScanPixel
 .bss.CurrentLineScanChannel
                0x1ffff156        0x1 ./sources/TFC/TFC_ADC.o
                0x1ffff156                CurrentLineScanChannel
 *fill*         0x1ffff157        0x1 00
 .bss.__stdio_exit
                0x1ffff158        0x4 C:/Freescale/CW MCU v10.5/MCU/ARM_GCC_Support/ewl/lib/armv6-m\libc.a(exit.o)
                0x1ffff158                __stdio_exit
 .bss.__console_exit
                0x1ffff15c        0x4 C:/Freescale/CW MCU v10.5/MCU/ARM_GCC_Support/ewl/lib/armv6-m\libc.a(exit.o)
                0x1ffff15c                __console_exit
 .bss.__S_romp  0x1ffff160        0xc C:/Freescale/CW MCU v10.5/MCU/ARM_GCC_Support/ewl/lib/armv6-m\librt.a(ROMCopy.o)
 .bss.__global_destructor_chain
                0x1ffff16c        0x4 C:/Freescale/CW MCU v10.5/MCU/ARM_GCC_Support/ewl/lib/armv6-m\librt.a(__arm_eabi_init.o)
                0x1ffff16c                __global_destructor_chain
 *(COMMON)
 COMMON         0x1ffff170      0x898 ./sources/TFC/TFC_UART.o
                0x1ffff170                SDA_SERIAL_INCOMING_QUEUE
                0x1ffff17c                SDA_SERIAL_OUTGOING_QUEUE
                0x1ffff188                SDA_SERIAL_INCOMING_QUEUE_Storage
                0x1ffff208                SDA_SERIAL_OUTGOING_QUEUE_Storage
 COMMON         0x1ffffa08       0x86 ./sources/TFC/TFC_Terminal.o
                0x1ffffa08                CmdFound
                0x1ffffa09                NextCharIn
                0x1ffffa0c                TerminalLineBuf
                0x1ffffa4c                TerminalArgs
                0x1ffffa6c                TerminalCmdBuf
                0x1ffffa8d                TerminalPos
 *fill*         0x1ffffa8e        0x2 00
 COMMON         0x1ffffa90        0x5 ./sources/TFC/TFC_Servo.o
                0x1ffffa90                current
                0x1ffffa94                ServoTickVar
 *fill*         0x1ffffa95        0x3 00
 COMMON         0x1ffffa98      0x414 ./sources/TFC/TFC_LineScanCamera.o
                0x1ffffa98                LineScanWorkingBuffer
                0x1ffffa9c                LineScanImage1
                0x1ffffaa0                LineScanImage0Buffer
                0x1ffffca0                LineScanImage0WorkingBuffer
                0x1ffffca4                LineScanImage1Buffer
                0x1ffffea4                LineScanImage0
                0x1ffffea8                LineScanImage1WorkingBuffer
 COMMON         0x1ffffeac       0x10 ./sources/TFC/TFC_ARM_SysTick.o
                0x1ffffeac                TFC_Ticker
 COMMON         0x1ffffebc        0x6 ./sources/TFC/TFC_ADC.o
                0x1ffffebc                PotADC_Value
                0x1ffffec0                BatSenseADC_Value
                0x1ffffec4                . = ALIGN (0x4)
 *fill*         0x1ffffec2        0x2 00
                0x1ffffec4                __END_BSS = .
                0x1ffffec4                PROVIDE (__bss_end__, __END_BSS)
                0x000069e4                _romp_at = (___ROM_AT + SIZEOF (.data))

.romp           0x1ffffec4       0x18 load address 0x000069e4
                0x000069e4                __S_romp = _romp_at
                0x1ffffec4        0x4 LONG 0x699c ___ROM_AT
                0x1ffffec8        0x4 LONG 0x1ffff000 _sdata
                0x1ffffecc        0x4 LONG 0x48 ___data_size
                0x1ffffed0        0x4 LONG 0x0
                0x1ffffed4        0x4 LONG 0x0
                0x1ffffed8        0x4 LONG 0x0

._user_heap_stack
                0x1ffffedc      0x800 load address 0x000069fc
                0x1ffffedc                . = ALIGN (0x4)
                0x1ffffedc                PROVIDE (end, .)
                0x1ffffedc                PROVIDE (_end, .)
                0x1ffffedc                __heap_addr = .
                0x200002dc                . = (. + __heap_size)
 *fill*         0x1ffffedc      0x400 00
                0x200006dc                . = (. + __stack_size)
 *fill*         0x200002dc      0x400 00
                0x200006dc                . = ALIGN (0x4)

.ARM.attributes
                0x00000000       0x31
 *(.ARM.attributes)
 .ARM.attributes
                0x00000000       0x31 ./Project_Settings/Startup_Code/kinetis_sysinit.o
 .ARM.attributes
                0x00000031       0x31 ./Project_Settings/Startup_Code/__arm_start.o
 .ARM.attributes
                0x00000062       0x31 ./Project_Settings/Startup_Code/__arm_end.o
 .ARM.attributes
                0x00000093       0x31 ./sources/TFC/TFC_arm_cm0.o
 .ARM.attributes
                0x000000c4       0x31 ./sources/TFC/TFC_UART.o
 .ARM.attributes
                0x000000f5       0x31 ./sources/TFC/TFC_Terminal.o
 .ARM.attributes
                0x00000126       0x31 ./sources/TFC/TFC_Servo.o
 .ARM.attributes
                0x00000157       0x31 ./sources/TFC/TFC_Queue.o
 .ARM.attributes
                0x00000188       0x31 ./sources/TFC/TFC_Motor.o
 .ARM.attributes
                0x000001b9       0x31 ./sources/TFC/TFC_LineScanCamera.o
 .ARM.attributes
                0x000001ea       0x31 ./sources/TFC/TFC_CrystalClock.o
 .ARM.attributes
                0x0000021b       0x31 ./sources/TFC/TFC_BoardSupport.o
 .ARM.attributes
                0x0000024c       0x31 ./sources/TFC/TFC_ARM_SysTick.o
 .ARM.attributes
                0x0000027d       0x31 ./sources/TFC/TFC_ADC.o
 .ARM.attributes
                0x000002ae       0x31 ./sources/TFC/TFC.o
 .ARM.attributes
                0x000002df       0x31 ./sources/main.o
 .ARM.attributes
                0x00000310       0x31 C:/Freescale/CW MCU v10.5/MCU/ARM_GCC_Support/ewl/lib/armv6-m\libc.a(sscanf.o)
 .ARM.attributes
                0x00000341       0x31 C:/Freescale/CW MCU v10.5/MCU/ARM_GCC_Support/ewl/lib/armv6-m\libc.a(vsprintf.o)
 .ARM.attributes
                0x00000372       0x31 C:/Freescale/CW MCU v10.5/MCU/ARM_GCC_Support/ewl/lib/armv6-m\libc.a(vsscanf.o)
 .ARM.attributes
                0x000003a3       0x31 C:/Freescale/CW MCU v10.5/MCU/ARM_GCC_Support/ewl/lib/armv6-m\libc.a(exit.o)
 .ARM.attributes
                0x000003d4       0x31 C:/Freescale/CW MCU v10.5/MCU/ARM_GCC_Support/ewl/lib/armv6-m\libc.a(memset.o)
 .ARM.attributes
                0x00000405       0x31 C:/Freescale/CW MCU v10.5/MCU/ARM_GCC_Support/ewl/lib/armv6-m\libc.a(strcmp.o)
 .ARM.attributes
                0x00000436       0x31 C:/Freescale/CW MCU v10.5/MCU/ARM_GCC_Support/ewl/lib/armv6-m\libc.a(strcpy.o)
 .ARM.attributes
                0x00000467       0x31 C:/Freescale/CW MCU v10.5/MCU/ARM_GCC_Support/ewl/lib/armv6-m\libc.a(strlen.o)
 .ARM.attributes
                0x00000498       0x31 C:/Freescale/CW MCU v10.5/MCU/ARM_GCC_Support/ewl/lib/armv6-m\libc.a(printformat_.o)
 .ARM.attributes
                0x000004c9       0x31 C:/Freescale/CW MCU v10.5/MCU/ARM_GCC_Support/ewl/lib/armv6-m\libc.a(scanformat_.o)
 .ARM.attributes
                0x000004fa       0x31 C:/Freescale/CW MCU v10.5/MCU/ARM_GCC_Support/ewl/lib/armv6-m\libc.a(ctype_aeabi.o)
 .ARM.attributes
                0x0000052b       0x31 C:/Freescale/CW MCU v10.5/MCU/ARM_GCC_Support/ewl/lib/armv6-m\libc.a(vsnprintf.o)
 .ARM.attributes
                0x0000055c       0x31 C:/Freescale/CW MCU v10.5/MCU/ARM_GCC_Support/ewl/lib/armv6-m\libc.a(__strtoul.o)
 .ARM.attributes
                0x0000058d       0x31 C:/Freescale/CW MCU v10.5/MCU/ARM_GCC_Support/ewl/lib/armv6-m\libc.a(__filll_mem.o)
 .ARM.attributes
                0x000005be       0x31 C:/Freescale/CW MCU v10.5/MCU/ARM_GCC_Support/ewl/lib/armv6-m\libc.a(memchr.o)
 .ARM.attributes
                0x000005ef       0x31 C:/Freescale/CW MCU v10.5/MCU/ARM_GCC_Support/ewl/lib/armv6-m\libc.a(memcpy.o)
 .ARM.attributes
                0x00000620       0x31 C:/Freescale/CW MCU v10.5/MCU/ARM_GCC_Support/ewl/lib/armv6-m\libc.a(strchr.o)
 .ARM.attributes
                0x00000651       0x1e c:/freescale/cw mcu v10.5/cross_tools/arm-none-eabi-gcc-4_7_3/bin/../lib/gcc/arm-none-eabi/4.7.3/armv6-m\libgcc.a(_thumb1_case_sqi.o)
 .ARM.attributes
                0x0000066f       0x1e c:/freescale/cw mcu v10.5/cross_tools/arm-none-eabi-gcc-4_7_3/bin/../lib/gcc/arm-none-eabi/4.7.3/armv6-m\libgcc.a(_thumb1_case_uqi.o)
 .ARM.attributes
                0x0000068d       0x1e c:/freescale/cw mcu v10.5/cross_tools/arm-none-eabi-gcc-4_7_3/bin/../lib/gcc/arm-none-eabi/4.7.3/armv6-m\libgcc.a(_udivsi3.o)
 .ARM.attributes
                0x000006ab       0x1e c:/freescale/cw mcu v10.5/cross_tools/arm-none-eabi-gcc-4_7_3/bin/../lib/gcc/arm-none-eabi/4.7.3/armv6-m\libgcc.a(_divsi3.o)
 .ARM.attributes
                0x000006c9       0x1e c:/freescale/cw mcu v10.5/cross_tools/arm-none-eabi-gcc-4_7_3/bin/../lib/gcc/arm-none-eabi/4.7.3/armv6-m\libgcc.a(_dvmd_tls.o)
 .ARM.attributes
                0x000006e7       0x1e c:/freescale/cw mcu v10.5/cross_tools/arm-none-eabi-gcc-4_7_3/bin/../lib/gcc/arm-none-eabi/4.7.3/armv6-m\libgcc.a(_arm_cmpsf2.o)
 .ARM.attributes
                0x00000705       0x2c c:/freescale/cw mcu v10.5/cross_tools/arm-none-eabi-gcc-4_7_3/bin/../lib/gcc/arm-none-eabi/4.7.3/armv6-m\libgcc.a(_fixunssfsi.o)
 .ARM.attributes
                0x00000731       0x2c c:/freescale/cw mcu v10.5/cross_tools/arm-none-eabi-gcc-4_7_3/bin/../lib/gcc/arm-none-eabi/4.7.3/armv6-m\libgcc.a(divsf3.o)
 .ARM.attributes
                0x0000075d       0x2c c:/freescale/cw mcu v10.5/cross_tools/arm-none-eabi-gcc-4_7_3/bin/../lib/gcc/arm-none-eabi/4.7.3/armv6-m\libgcc.a(eqsf2.o)
 .ARM.attributes
                0x00000789       0x2c c:/freescale/cw mcu v10.5/cross_tools/arm-none-eabi-gcc-4_7_3/bin/../lib/gcc/arm-none-eabi/4.7.3/armv6-m\libgcc.a(gesf2.o)
 .ARM.attributes
                0x000007b5       0x2c c:/freescale/cw mcu v10.5/cross_tools/arm-none-eabi-gcc-4_7_3/bin/../lib/gcc/arm-none-eabi/4.7.3/armv6-m\libgcc.a(lesf2.o)
 .ARM.attributes
                0x000007e1       0x2c c:/freescale/cw mcu v10.5/cross_tools/arm-none-eabi-gcc-4_7_3/bin/../lib/gcc/arm-none-eabi/4.7.3/armv6-m\libgcc.a(mulsf3.o)
 .ARM.attributes
                0x0000080d       0x2c c:/freescale/cw mcu v10.5/cross_tools/arm-none-eabi-gcc-4_7_3/bin/../lib/gcc/arm-none-eabi/4.7.3/armv6-m\libgcc.a(subsf3.o)
 .ARM.attributes
                0x00000839       0x2c c:/freescale/cw mcu v10.5/cross_tools/arm-none-eabi-gcc-4_7_3/bin/../lib/gcc/arm-none-eabi/4.7.3/armv6-m\libgcc.a(fixsfsi.o)
 .ARM.attributes
                0x00000865       0x2c c:/freescale/cw mcu v10.5/cross_tools/arm-none-eabi-gcc-4_7_3/bin/../lib/gcc/arm-none-eabi/4.7.3/armv6-m\libgcc.a(floatsisf.o)
 .ARM.attributes
                0x00000891       0x2c c:/freescale/cw mcu v10.5/cross_tools/arm-none-eabi-gcc-4_7_3/bin/../lib/gcc/arm-none-eabi/4.7.3/armv6-m\libgcc.a(floatunsisf.o)
 .ARM.attributes
                0x000008bd       0x2c c:/freescale/cw mcu v10.5/cross_tools/arm-none-eabi-gcc-4_7_3/bin/../lib/gcc/arm-none-eabi/4.7.3/armv6-m\libgcc.a(adddf3.o)
 .ARM.attributes
                0x000008e9       0x2c c:/freescale/cw mcu v10.5/cross_tools/arm-none-eabi-gcc-4_7_3/bin/../lib/gcc/arm-none-eabi/4.7.3/armv6-m\libgcc.a(divdf3.o)
 .ARM.attributes
                0x00000915       0x2c c:/freescale/cw mcu v10.5/cross_tools/arm-none-eabi-gcc-4_7_3/bin/../lib/gcc/arm-none-eabi/4.7.3/armv6-m\libgcc.a(muldf3.o)
 .ARM.attributes
                0x00000941       0x2c c:/freescale/cw mcu v10.5/cross_tools/arm-none-eabi-gcc-4_7_3/bin/../lib/gcc/arm-none-eabi/4.7.3/armv6-m\libgcc.a(floatunsidf.o)
 .ARM.attributes
                0x0000096d       0x2c c:/freescale/cw mcu v10.5/cross_tools/arm-none-eabi-gcc-4_7_3/bin/../lib/gcc/arm-none-eabi/4.7.3/armv6-m\libgcc.a(extendsfdf2.o)
 .ARM.attributes
                0x00000999       0x2c c:/freescale/cw mcu v10.5/cross_tools/arm-none-eabi-gcc-4_7_3/bin/../lib/gcc/arm-none-eabi/4.7.3/armv6-m\libgcc.a(truncdfsf2.o)
 .ARM.attributes
                0x000009c5       0x1e c:/freescale/cw mcu v10.5/cross_tools/arm-none-eabi-gcc-4_7_3/bin/../lib/gcc/arm-none-eabi/4.7.3/armv6-m\libgcc.a(_clzsi2.o)
 .ARM.attributes
                0x000009e3       0x31 C:/Freescale/CW MCU v10.5/MCU/ARM_GCC_Support/ewl/lib/armv6-m\librt.a(gcc_ctor_dtor.o)
 .ARM.attributes
                0x00000a14       0x31 C:/Freescale/CW MCU v10.5/MCU/ARM_GCC_Support/ewl/lib/armv6-m\librt.a(ROMCopy.o)
 .ARM.attributes
                0x00000a45       0x31 C:/Freescale/CW MCU v10.5/MCU/ARM_GCC_Support/ewl/lib/armv6-m\librt.a(__arm_eabi_init.o)
OUTPUT(FRDM-TRC.elf elf32-littlearm)

.debug_info     0x00000000     0x71c6
 .debug_info    0x00000000      0x447 ./Project_Settings/Startup_Code/kinetis_sysinit.o
 .debug_info    0x00000447      0x12a ./Project_Settings/Startup_Code/__arm_start.o
 .debug_info    0x00000571       0x54 ./Project_Settings/Startup_Code/__arm_end.o
 .debug_info    0x000005c5      0x3cb ./sources/TFC/TFC_arm_cm0.o
 .debug_info    0x00000990      0x84b ./sources/TFC/TFC_UART.o
 .debug_info    0x000011db      0x494 ./sources/TFC/TFC_Terminal.o
 .debug_info    0x0000166f      0x6f7 ./sources/TFC/TFC_Servo.o
 .debug_info    0x00001d66      0x302 ./sources/TFC/TFC_Queue.o
 .debug_info    0x00002068      0x495 ./sources/TFC/TFC_Motor.o
 .debug_info    0x000024fd      0x5c7 ./sources/TFC/TFC_LineScanCamera.o
 .debug_info    0x00002ac4      0xda8 ./sources/TFC/TFC_CrystalClock.o
 .debug_info    0x0000386c      0x426 ./sources/TFC/TFC_BoardSupport.o
 .debug_info    0x00003c92      0x19c ./sources/TFC/TFC_ARM_SysTick.o
 .debug_info    0x00003e2e      0xb37 ./sources/TFC/TFC_ADC.o
 .debug_info    0x00004965      0x128 ./sources/TFC/TFC.o
 .debug_info    0x00004a8d      0x26a ./sources/main.o
 .debug_info    0x00004cf7      0x118 C:/Freescale/CW MCU v10.5/MCU/ARM_GCC_Support/ewl/lib/armv6-m\libc.a(sscanf.o)
 .debug_info    0x00004e0f      0x12a C:/Freescale/CW MCU v10.5/MCU/ARM_GCC_Support/ewl/lib/armv6-m\libc.a(vsprintf.o)
 .debug_info    0x00004f39      0x253 C:/Freescale/CW MCU v10.5/MCU/ARM_GCC_Support/ewl/lib/armv6-m\libc.a(vsscanf.o)
 .debug_info    0x0000518c       0xe8 C:/Freescale/CW MCU v10.5/MCU/ARM_GCC_Support/ewl/lib/armv6-m\libc.a(exit.o)
 .debug_info    0x00005274       0xec C:/Freescale/CW MCU v10.5/MCU/ARM_GCC_Support/ewl/lib/armv6-m\libc.a(memset.o)
 .debug_info    0x00005360      0x114 C:/Freescale/CW MCU v10.5/MCU/ARM_GCC_Support/ewl/lib/armv6-m\libc.a(strcmp.o)
 .debug_info    0x00005474      0x109 C:/Freescale/CW MCU v10.5/MCU/ARM_GCC_Support/ewl/lib/armv6-m\libc.a(strcpy.o)
 .debug_info    0x0000557d       0xea C:/Freescale/CW MCU v10.5/MCU/ARM_GCC_Support/ewl/lib/armv6-m\libc.a(strlen.o)
 .debug_info    0x00005667      0x50d C:/Freescale/CW MCU v10.5/MCU/ARM_GCC_Support/ewl/lib/armv6-m\libc.a(printformat_.o)
 .debug_info    0x00005b74      0x568 C:/Freescale/CW MCU v10.5/MCU/ARM_GCC_Support/ewl/lib/armv6-m\libc.a(scanformat_.o)
 .debug_info    0x000060dc      0x313 C:/Freescale/CW MCU v10.5/MCU/ARM_GCC_Support/ewl/lib/armv6-m\libc.a(ctype_aeabi.o)
 .debug_info    0x000063ef      0x205 C:/Freescale/CW MCU v10.5/MCU/ARM_GCC_Support/ewl/lib/armv6-m\libc.a(vsnprintf.o)
 .debug_info    0x000065f4      0x1d6 C:/Freescale/CW MCU v10.5/MCU/ARM_GCC_Support/ewl/lib/armv6-m\libc.a(__strtoul.o)
 .debug_info    0x000067ca      0x137 C:/Freescale/CW MCU v10.5/MCU/ARM_GCC_Support/ewl/lib/armv6-m\libc.a(__filll_mem.o)
 .debug_info    0x00006901      0x121 C:/Freescale/CW MCU v10.5/MCU/ARM_GCC_Support/ewl/lib/armv6-m\libc.a(memchr.o)
 .debug_info    0x00006a22      0x10f C:/Freescale/CW MCU v10.5/MCU/ARM_GCC_Support/ewl/lib/armv6-m\libc.a(memcpy.o)
 .debug_info    0x00006b31      0x10b C:/Freescale/CW MCU v10.5/MCU/ARM_GCC_Support/ewl/lib/armv6-m\libc.a(strchr.o)
 .debug_info    0x00006c3c      0x136 C:/Freescale/CW MCU v10.5/MCU/ARM_GCC_Support/ewl/lib/armv6-m\librt.a(gcc_ctor_dtor.o)
 .debug_info    0x00006d72      0x19b C:/Freescale/CW MCU v10.5/MCU/ARM_GCC_Support/ewl/lib/armv6-m\librt.a(ROMCopy.o)
 .debug_info    0x00006f0d      0x2b9 C:/Freescale/CW MCU v10.5/MCU/ARM_GCC_Support/ewl/lib/armv6-m\librt.a(__arm_eabi_init.o)

.debug_abbrev   0x00000000     0x2153
 .debug_abbrev  0x00000000       0xe7 ./Project_Settings/Startup_Code/kinetis_sysinit.o
 .debug_abbrev  0x000000e7       0x92 ./Project_Settings/Startup_Code/__arm_start.o
 .debug_abbrev  0x00000179       0x4c ./Project_Settings/Startup_Code/__arm_end.o
 .debug_abbrev  0x000001c5      0x102 ./sources/TFC/TFC_arm_cm0.o
 .debug_abbrev  0x000002c7      0x180 ./sources/TFC/TFC_UART.o
 .debug_abbrev  0x00000447      0x143 ./sources/TFC/TFC_Terminal.o
 .debug_abbrev  0x0000058a      0x12c ./sources/TFC/TFC_Servo.o
 .debug_abbrev  0x000006b6      0x107 ./sources/TFC/TFC_Queue.o
 .debug_abbrev  0x000007bd       0xef ./sources/TFC/TFC_Motor.o
 .debug_abbrev  0x000008ac      0x10f ./sources/TFC/TFC_LineScanCamera.o
 .debug_abbrev  0x000009bb      0x1a0 ./sources/TFC/TFC_CrystalClock.o
 .debug_abbrev  0x00000b5b      0x106 ./sources/TFC/TFC_BoardSupport.o
 .debug_abbrev  0x00000c61       0xfb ./sources/TFC/TFC_ARM_SysTick.o
 .debug_abbrev  0x00000d5c      0x1d5 ./sources/TFC/TFC_ADC.o
 .debug_abbrev  0x00000f31       0x83 ./sources/TFC/TFC.o
 .debug_abbrev  0x00000fb4       0xd3 ./sources/main.o
 .debug_abbrev  0x00001087       0xb1 C:/Freescale/CW MCU v10.5/MCU/ARM_GCC_Support/ewl/lib/armv6-m\libc.a(sscanf.o)
 .debug_abbrev  0x00001138       0x9d C:/Freescale/CW MCU v10.5/MCU/ARM_GCC_Support/ewl/lib/armv6-m\libc.a(vsprintf.o)
 .debug_abbrev  0x000011d5      0x15f C:/Freescale/CW MCU v10.5/MCU/ARM_GCC_Support/ewl/lib/armv6-m\libc.a(vsscanf.o)
 .debug_abbrev  0x00001334       0x7a C:/Freescale/CW MCU v10.5/MCU/ARM_GCC_Support/ewl/lib/armv6-m\libc.a(exit.o)
 .debug_abbrev  0x000013ae       0x62 C:/Freescale/CW MCU v10.5/MCU/ARM_GCC_Support/ewl/lib/armv6-m\libc.a(memset.o)
 .debug_abbrev  0x00001410       0x89 C:/Freescale/CW MCU v10.5/MCU/ARM_GCC_Support/ewl/lib/armv6-m\libc.a(strcmp.o)
 .debug_abbrev  0x00001499       0x78 C:/Freescale/CW MCU v10.5/MCU/ARM_GCC_Support/ewl/lib/armv6-m\libc.a(strcpy.o)
 .debug_abbrev  0x00001511       0x7a C:/Freescale/CW MCU v10.5/MCU/ARM_GCC_Support/ewl/lib/armv6-m\libc.a(strlen.o)
 .debug_abbrev  0x0000158b      0x200 C:/Freescale/CW MCU v10.5/MCU/ARM_GCC_Support/ewl/lib/armv6-m\libc.a(printformat_.o)
 .debug_abbrev  0x0000178b      0x1f0 C:/Freescale/CW MCU v10.5/MCU/ARM_GCC_Support/ewl/lib/armv6-m\libc.a(scanformat_.o)
 .debug_abbrev  0x0000197b       0x9e C:/Freescale/CW MCU v10.5/MCU/ARM_GCC_Support/ewl/lib/armv6-m\libc.a(ctype_aeabi.o)
 .debug_abbrev  0x00001a19       0xf0 C:/Freescale/CW MCU v10.5/MCU/ARM_GCC_Support/ewl/lib/armv6-m\libc.a(vsnprintf.o)
 .debug_abbrev  0x00001b09       0xc2 C:/Freescale/CW MCU v10.5/MCU/ARM_GCC_Support/ewl/lib/armv6-m\libc.a(__strtoul.o)
 .debug_abbrev  0x00001bcb       0x78 C:/Freescale/CW MCU v10.5/MCU/ARM_GCC_Support/ewl/lib/armv6-m\libc.a(__filll_mem.o)
 .debug_abbrev  0x00001c43       0x95 C:/Freescale/CW MCU v10.5/MCU/ARM_GCC_Support/ewl/lib/armv6-m\libc.a(memchr.o)
 .debug_abbrev  0x00001cd8       0x95 C:/Freescale/CW MCU v10.5/MCU/ARM_GCC_Support/ewl/lib/armv6-m\libc.a(memcpy.o)
 .debug_abbrev  0x00001d6d       0x7a C:/Freescale/CW MCU v10.5/MCU/ARM_GCC_Support/ewl/lib/armv6-m\libc.a(strchr.o)
 .debug_abbrev  0x00001de7       0x99 C:/Freescale/CW MCU v10.5/MCU/ARM_GCC_Support/ewl/lib/armv6-m\librt.a(gcc_ctor_dtor.o)
 .debug_abbrev  0x00001e80      0x120 C:/Freescale/CW MCU v10.5/MCU/ARM_GCC_Support/ewl/lib/armv6-m\librt.a(ROMCopy.o)
 .debug_abbrev  0x00001fa0      0x1b3 C:/Freescale/CW MCU v10.5/MCU/ARM_GCC_Support/ewl/lib/armv6-m\librt.a(__arm_eabi_init.o)

.debug_loc      0x00000000     0x3dc1
 .debug_loc     0x00000000       0x58 ./Project_Settings/Startup_Code/kinetis_sysinit.o
 .debug_loc     0x00000058       0x2c ./Project_Settings/Startup_Code/__arm_start.o
 .debug_loc     0x00000084       0x38 ./Project_Settings/Startup_Code/__arm_end.o
 .debug_loc     0x000000bc      0x138 ./sources/TFC/TFC_arm_cm0.o
 .debug_loc     0x000001f4      0x170 ./sources/TFC/TFC_UART.o
 .debug_loc     0x00000364      0x218 ./sources/TFC/TFC_Terminal.o
 .debug_loc     0x0000057c      0x1a8 ./sources/TFC/TFC_Servo.o
 .debug_loc     0x00000724      0x194 ./sources/TFC/TFC_Queue.o
 .debug_loc     0x000008b8       0x64 ./sources/TFC/TFC_Motor.o
 .debug_loc     0x0000091c       0x64 ./sources/TFC/TFC_LineScanCamera.o
 .debug_loc     0x00000980      0x614 ./sources/TFC/TFC_CrystalClock.o
 .debug_loc     0x00000f94       0x9c ./sources/TFC/TFC_BoardSupport.o
 .debug_loc     0x00001030       0xa8 ./sources/TFC/TFC_ARM_SysTick.o
 .debug_loc     0x000010d8      0x1d4 ./sources/TFC/TFC_ADC.o
 .debug_loc     0x000012ac       0x58 ./sources/TFC/TFC.o
 .debug_loc     0x00001304       0x3a ./sources/main.o
 .debug_loc     0x0000133e       0x3f C:/Freescale/CW MCU v10.5/MCU/ARM_GCC_Support/ewl/lib/armv6-m\libc.a(sscanf.o)
 .debug_loc     0x0000137d       0x64 C:/Freescale/CW MCU v10.5/MCU/ARM_GCC_Support/ewl/lib/armv6-m\libc.a(vsprintf.o)
 .debug_loc     0x000013e1      0x16c C:/Freescale/CW MCU v10.5/MCU/ARM_GCC_Support/ewl/lib/armv6-m\libc.a(vsscanf.o)
 .debug_loc     0x0000154d       0x3e C:/Freescale/CW MCU v10.5/MCU/ARM_GCC_Support/ewl/lib/armv6-m\libc.a(exit.o)
 .debug_loc     0x0000158b       0x6f C:/Freescale/CW MCU v10.5/MCU/ARM_GCC_Support/ewl/lib/armv6-m\libc.a(memset.o)
 .debug_loc     0x000015fa       0x64 C:/Freescale/CW MCU v10.5/MCU/ARM_GCC_Support/ewl/lib/armv6-m\libc.a(strcmp.o)
 .debug_loc     0x0000165e       0x20 C:/Freescale/CW MCU v10.5/MCU/ARM_GCC_Support/ewl/lib/armv6-m\libc.a(strcpy.o)
 .debug_loc     0x0000167e       0x33 C:/Freescale/CW MCU v10.5/MCU/ARM_GCC_Support/ewl/lib/armv6-m\libc.a(strlen.o)
 .debug_loc     0x000016b1     0x104b C:/Freescale/CW MCU v10.5/MCU/ARM_GCC_Support/ewl/lib/armv6-m\libc.a(printformat_.o)
 .debug_loc     0x000026fc      0x9d8 C:/Freescale/CW MCU v10.5/MCU/ARM_GCC_Support/ewl/lib/armv6-m\libc.a(scanformat_.o)
 .debug_loc     0x000030d4      0x30d C:/Freescale/CW MCU v10.5/MCU/ARM_GCC_Support/ewl/lib/armv6-m\libc.a(ctype_aeabi.o)
 .debug_loc     0x000033e1      0x105 C:/Freescale/CW MCU v10.5/MCU/ARM_GCC_Support/ewl/lib/armv6-m\libc.a(vsnprintf.o)
 .debug_loc     0x000034e6      0x305 C:/Freescale/CW MCU v10.5/MCU/ARM_GCC_Support/ewl/lib/armv6-m\libc.a(__strtoul.o)
 .debug_loc     0x000037eb      0x14a C:/Freescale/CW MCU v10.5/MCU/ARM_GCC_Support/ewl/lib/armv6-m\libc.a(__filll_mem.o)
 .debug_loc     0x00003935       0x77 C:/Freescale/CW MCU v10.5/MCU/ARM_GCC_Support/ewl/lib/armv6-m\libc.a(memchr.o)
 .debug_loc     0x000039ac       0x59 C:/Freescale/CW MCU v10.5/MCU/ARM_GCC_Support/ewl/lib/armv6-m\libc.a(memcpy.o)
 .debug_loc     0x00003a05       0xaf C:/Freescale/CW MCU v10.5/MCU/ARM_GCC_Support/ewl/lib/armv6-m\libc.a(strchr.o)
 .debug_loc     0x00003ab4       0x9d C:/Freescale/CW MCU v10.5/MCU/ARM_GCC_Support/ewl/lib/armv6-m\librt.a(gcc_ctor_dtor.o)
 .debug_loc     0x00003b51       0xd9 C:/Freescale/CW MCU v10.5/MCU/ARM_GCC_Support/ewl/lib/armv6-m\librt.a(ROMCopy.o)
 .debug_loc     0x00003c2a      0x197 C:/Freescale/CW MCU v10.5/MCU/ARM_GCC_Support/ewl/lib/armv6-m\librt.a(__arm_eabi_init.o)

.debug_aranges  0x00000000      0x7c0
 .debug_aranges
                0x00000000       0x28 ./Project_Settings/Startup_Code/kinetis_sysinit.o
 .debug_aranges
                0x00000028       0x30 ./Project_Settings/Startup_Code/__arm_start.o
 .debug_aranges
                0x00000058       0x20 ./Project_Settings/Startup_Code/__arm_end.o
 .debug_aranges
                0x00000078       0x48 ./sources/TFC/TFC_arm_cm0.o
 .debug_aranges
                0x000000c0       0x50 ./sources/TFC/TFC_UART.o
 .debug_aranges
                0x00000110       0x68 ./sources/TFC/TFC_Terminal.o
 .debug_aranges
                0x00000178       0x58 ./sources/TFC/TFC_Servo.o
 .debug_aranges
                0x000001d0       0x50 ./sources/TFC/TFC_Queue.o
 .debug_aranges
                0x00000220       0x28 ./sources/TFC/TFC_Motor.o
 .debug_aranges
                0x00000248       0x28 ./sources/TFC/TFC_LineScanCamera.o
 .debug_aranges
                0x00000270       0xf8 ./sources/TFC/TFC_CrystalClock.o
 .debug_aranges
                0x00000368       0x30 ./sources/TFC/TFC_BoardSupport.o
 .debug_aranges
                0x00000398       0x30 ./sources/TFC/TFC_ARM_SysTick.o
 .debug_aranges
                0x000003c8       0x60 ./sources/TFC/TFC_ADC.o
 .debug_aranges
                0x00000428       0x28 ./sources/TFC/TFC.o
 .debug_aranges
                0x00000450       0x20 ./sources/main.o
 .debug_aranges
                0x00000470       0x20 C:/Freescale/CW MCU v10.5/MCU/ARM_GCC_Support/ewl/lib/armv6-m\libc.a(sscanf.o)
 .debug_aranges
                0x00000490       0x20 C:/Freescale/CW MCU v10.5/MCU/ARM_GCC_Support/ewl/lib/armv6-m\libc.a(vsprintf.o)
 .debug_aranges
                0x000004b0       0x28 C:/Freescale/CW MCU v10.5/MCU/ARM_GCC_Support/ewl/lib/armv6-m\libc.a(vsscanf.o)
 .debug_aranges
                0x000004d8       0x20 C:/Freescale/CW MCU v10.5/MCU/ARM_GCC_Support/ewl/lib/armv6-m\libc.a(exit.o)
 .debug_aranges
                0x000004f8       0x20 C:/Freescale/CW MCU v10.5/MCU/ARM_GCC_Support/ewl/lib/armv6-m\libc.a(memset.o)
 .debug_aranges
                0x00000518       0x20 C:/Freescale/CW MCU v10.5/MCU/ARM_GCC_Support/ewl/lib/armv6-m\libc.a(strcmp.o)
 .debug_aranges
                0x00000538       0x20 C:/Freescale/CW MCU v10.5/MCU/ARM_GCC_Support/ewl/lib/armv6-m\libc.a(strcpy.o)
 .debug_aranges
                0x00000558       0x20 C:/Freescale/CW MCU v10.5/MCU/ARM_GCC_Support/ewl/lib/armv6-m\libc.a(strlen.o)
 .debug_aranges
                0x00000578       0x28 C:/Freescale/CW MCU v10.5/MCU/ARM_GCC_Support/ewl/lib/armv6-m\libc.a(printformat_.o)
 .debug_aranges
                0x000005a0       0x20 C:/Freescale/CW MCU v10.5/MCU/ARM_GCC_Support/ewl/lib/armv6-m\libc.a(scanformat_.o)
 .debug_aranges
                0x000005c0       0x88 C:/Freescale/CW MCU v10.5/MCU/ARM_GCC_Support/ewl/lib/armv6-m\libc.a(ctype_aeabi.o)
 .debug_aranges
                0x00000648       0x28 C:/Freescale/CW MCU v10.5/MCU/ARM_GCC_Support/ewl/lib/armv6-m\libc.a(vsnprintf.o)
 .debug_aranges
                0x00000670       0x20 C:/Freescale/CW MCU v10.5/MCU/ARM_GCC_Support/ewl/lib/armv6-m\libc.a(__strtoul.o)
 .debug_aranges
                0x00000690       0x20 C:/Freescale/CW MCU v10.5/MCU/ARM_GCC_Support/ewl/lib/armv6-m\libc.a(__filll_mem.o)
 .debug_aranges
                0x000006b0       0x20 C:/Freescale/CW MCU v10.5/MCU/ARM_GCC_Support/ewl/lib/armv6-m\libc.a(memchr.o)
 .debug_aranges
                0x000006d0       0x20 C:/Freescale/CW MCU v10.5/MCU/ARM_GCC_Support/ewl/lib/armv6-m\libc.a(memcpy.o)
 .debug_aranges
                0x000006f0       0x20 C:/Freescale/CW MCU v10.5/MCU/ARM_GCC_Support/ewl/lib/armv6-m\libc.a(strchr.o)
 .debug_aranges
                0x00000710       0x28 C:/Freescale/CW MCU v10.5/MCU/ARM_GCC_Support/ewl/lib/armv6-m\librt.a(gcc_ctor_dtor.o)
 .debug_aranges
                0x00000738       0x30 C:/Freescale/CW MCU v10.5/MCU/ARM_GCC_Support/ewl/lib/armv6-m\librt.a(ROMCopy.o)
 .debug_aranges
                0x00000768       0x58 C:/Freescale/CW MCU v10.5/MCU/ARM_GCC_Support/ewl/lib/armv6-m\librt.a(__arm_eabi_init.o)

.debug_macinfo  0x00000000   0x22cf69
 .debug_macinfo
                0x00000000    0x264f0 ./Project_Settings/Startup_Code/kinetis_sysinit.o
 .debug_macinfo
                0x000264f0     0x3e6d ./Project_Settings/Startup_Code/__arm_start.o
 .debug_macinfo
                0x0002a35d     0x3456 ./Project_Settings/Startup_Code/__arm_end.o
 .debug_macinfo
                0x0002d7b3    0x26567 ./sources/TFC/TFC_arm_cm0.o
 .debug_macinfo
                0x00053d1a    0x275d8 ./sources/TFC/TFC_UART.o
 .debug_macinfo
                0x0007b2f2    0x2766c ./sources/TFC/TFC_Terminal.o
 .debug_macinfo
                0x000a295e    0x27704 ./sources/TFC/TFC_Servo.o
 .debug_macinfo
                0x000ca062    0x275d8 ./sources/TFC/TFC_Queue.o
 .debug_macinfo
                0x000f163a    0x27685 ./sources/TFC/TFC_Motor.o
 .debug_macinfo
                0x00118cbf    0x275d8 ./sources/TFC/TFC_LineScanCamera.o
 .debug_macinfo
                0x00140297    0x276cf ./sources/TFC/TFC_CrystalClock.o
 .debug_macinfo
                0x00167966    0x275d8 ./sources/TFC/TFC_BoardSupport.o
 .debug_macinfo
                0x0018ef3e    0x275d8 ./sources/TFC/TFC_ARM_SysTick.o
 .debug_macinfo
                0x001b6516    0x27e9b ./sources/TFC/TFC_ADC.o
 .debug_macinfo
                0x001de3b1    0x275d8 ./sources/TFC/TFC.o
 .debug_macinfo
                0x00205989    0x275e0 ./sources/main.o

.debug_line     0x00000000     0x54dd
 .debug_line    0x00000000      0x1fe ./Project_Settings/Startup_Code/kinetis_sysinit.o
 .debug_line    0x000001fe      0x281 ./Project_Settings/Startup_Code/__arm_start.o
 .debug_line    0x0000047f      0x266 ./Project_Settings/Startup_Code/__arm_end.o
 .debug_line    0x000006e5      0x25e ./sources/TFC/TFC_arm_cm0.o
 .debug_line    0x00000943      0x467 ./sources/TFC/TFC_UART.o
 .debug_line    0x00000daa      0x4da ./sources/TFC/TFC_Terminal.o
 .debug_line    0x00001284      0x448 ./sources/TFC/TFC_Servo.o
 .debug_line    0x000016cc      0x441 ./sources/TFC/TFC_Queue.o
 .debug_line    0x00001b0d      0x3e8 ./sources/TFC/TFC_Motor.o
 .debug_line    0x00001ef5      0x3d0 ./sources/TFC/TFC_LineScanCamera.o
 .debug_line    0x000022c5      0xb02 ./sources/TFC/TFC_CrystalClock.o
 .debug_line    0x00002dc7      0x3ee ./sources/TFC/TFC_BoardSupport.o
 .debug_line    0x000031b5      0x3e2 ./sources/TFC/TFC_ARM_SysTick.o
 .debug_line    0x00003597      0x4d4 ./sources/TFC/TFC_ADC.o
 .debug_line    0x00003a6b      0x3bb ./sources/TFC/TFC.o
 .debug_line    0x00003e26      0x419 ./sources/main.o
 .debug_line    0x0000423f       0x92 C:/Freescale/CW MCU v10.5/MCU/ARM_GCC_Support/ewl/lib/armv6-m\libc.a(sscanf.o)
 .debug_line    0x000042d1       0x94 C:/Freescale/CW MCU v10.5/MCU/ARM_GCC_Support/ewl/lib/armv6-m\libc.a(vsprintf.o)
 .debug_line    0x00004365       0xc8 C:/Freescale/CW MCU v10.5/MCU/ARM_GCC_Support/ewl/lib/armv6-m\libc.a(vsscanf.o)
 .debug_line    0x0000442d       0x8d C:/Freescale/CW MCU v10.5/MCU/ARM_GCC_Support/ewl/lib/armv6-m\libc.a(exit.o)
 .debug_line    0x000044ba       0x90 C:/Freescale/CW MCU v10.5/MCU/ARM_GCC_Support/ewl/lib/armv6-m\libc.a(memset.o)
 .debug_line    0x0000454a       0x83 C:/Freescale/CW MCU v10.5/MCU/ARM_GCC_Support/ewl/lib/armv6-m\libc.a(strcmp.o)
 .debug_line    0x000045cd       0x7d C:/Freescale/CW MCU v10.5/MCU/ARM_GCC_Support/ewl/lib/armv6-m\libc.a(strcpy.o)
 .debug_line    0x0000464a       0x85 C:/Freescale/CW MCU v10.5/MCU/ARM_GCC_Support/ewl/lib/armv6-m\libc.a(strlen.o)
 .debug_line    0x000046cf      0x2c3 C:/Freescale/CW MCU v10.5/MCU/ARM_GCC_Support/ewl/lib/armv6-m\libc.a(printformat_.o)
 .debug_line    0x00004992      0x2be C:/Freescale/CW MCU v10.5/MCU/ARM_GCC_Support/ewl/lib/armv6-m\libc.a(scanformat_.o)
 .debug_line    0x00004c50      0x1be C:/Freescale/CW MCU v10.5/MCU/ARM_GCC_Support/ewl/lib/armv6-m\libc.a(ctype_aeabi.o)
 .debug_line    0x00004e0e       0xd4 C:/Freescale/CW MCU v10.5/MCU/ARM_GCC_Support/ewl/lib/armv6-m\libc.a(vsnprintf.o)
 .debug_line    0x00004ee2      0x11e C:/Freescale/CW MCU v10.5/MCU/ARM_GCC_Support/ewl/lib/armv6-m\libc.a(__strtoul.o)
 .debug_line    0x00005000       0xf6 C:/Freescale/CW MCU v10.5/MCU/ARM_GCC_Support/ewl/lib/armv6-m\libc.a(__filll_mem.o)
 .debug_line    0x000050f6       0x9f C:/Freescale/CW MCU v10.5/MCU/ARM_GCC_Support/ewl/lib/armv6-m\libc.a(memchr.o)
 .debug_line    0x00005195       0x8b C:/Freescale/CW MCU v10.5/MCU/ARM_GCC_Support/ewl/lib/armv6-m\libc.a(memcpy.o)
 .debug_line    0x00005220       0x7d C:/Freescale/CW MCU v10.5/MCU/ARM_GCC_Support/ewl/lib/armv6-m\libc.a(strchr.o)
 .debug_line    0x0000529d       0x6c C:/Freescale/CW MCU v10.5/MCU/ARM_GCC_Support/ewl/lib/armv6-m\librt.a(gcc_ctor_dtor.o)
 .debug_line    0x00005309       0xbd C:/Freescale/CW MCU v10.5/MCU/ARM_GCC_Support/ewl/lib/armv6-m\librt.a(ROMCopy.o)
 .debug_line    0x000053c6      0x117 C:/Freescale/CW MCU v10.5/MCU/ARM_GCC_Support/ewl/lib/armv6-m\librt.a(__arm_eabi_init.o)

.debug_str      0x00000000     0x1ccf
 .debug_str     0x00000000      0x27f ./Project_Settings/Startup_Code/kinetis_sysinit.o
                                0x2a6 (size before relaxing)
 .debug_str     0x0000027f       0x85 ./Project_Settings/Startup_Code/__arm_start.o
                                0x180 (size before relaxing)
 .debug_str     0x00000304       0x41 ./Project_Settings/Startup_Code/__arm_end.o
                                 0xb7 (size before relaxing)
 .debug_str     0x00000345       0xa4 ./sources/TFC/TFC_arm_cm0.o
                                0x220 (size before relaxing)
 .debug_str     0x000003e9      0x423 ./sources/TFC/TFC_UART.o
                                0x636 (size before relaxing)
 .debug_str     0x0000080c      0x1e9 ./sources/TFC/TFC_Terminal.o
                                0x36d (size before relaxing)
 .debug_str     0x000009f5      0x110 ./sources/TFC/TFC_Servo.o
                                0x570 (size before relaxing)
 .debug_str     0x00000b05       0xa4 ./sources/TFC/TFC_Queue.o
                                0x20b (size before relaxing)
 .debug_str     0x00000ba9       0x4a ./sources/TFC/TFC_Motor.o
                                0x2aa (size before relaxing)
 .debug_str     0x00000bf3      0x133 ./sources/TFC/TFC_LineScanCamera.o
                                0x3b7 (size before relaxing)
 .debug_str     0x00000d26      0x23f ./sources/TFC/TFC_CrystalClock.o
                                0x44c (size before relaxing)
 .debug_str     0x00000f65       0x6b ./sources/TFC/TFC_BoardSupport.o
                                0x2c2 (size before relaxing)
 .debug_str     0x00000fd0       0x9a ./sources/TFC/TFC_ARM_SysTick.o
                                0x1a6 (size before relaxing)
 .debug_str     0x0000106a      0x204 ./sources/TFC/TFC_ADC.o
                                0x778 (size before relaxing)
 .debug_str     0x0000126e       0x27 ./sources/TFC/TFC.o
                                0x164 (size before relaxing)
 .debug_str     0x00001295       0x77 ./sources/main.o
                                0x1f1 (size before relaxing)
 .debug_str     0x0000130c       0x3e C:/Freescale/CW MCU v10.5/MCU/ARM_GCC_Support/ewl/lib/armv6-m\libc.a(sscanf.o)
                                0x161 (size before relaxing)
 .debug_str     0x0000134a       0x25 C:/Freescale/CW MCU v10.5/MCU/ARM_GCC_Support/ewl/lib/armv6-m\libc.a(vsprintf.o)
                                0x167 (size before relaxing)
 .debug_str     0x0000136f       0x9c C:/Freescale/CW MCU v10.5/MCU/ARM_GCC_Support/ewl/lib/armv6-m\libc.a(vsscanf.o)
                                0x1e5 (size before relaxing)
 .debug_str     0x0000140b       0x2e C:/Freescale/CW MCU v10.5/MCU/ARM_GCC_Support/ewl/lib/armv6-m\libc.a(exit.o)
                                0x157 (size before relaxing)
 .debug_str     0x00001439       0x23 C:/Freescale/CW MCU v10.5/MCU/ARM_GCC_Support/ewl/lib/armv6-m\libc.a(memset.o)
                                0x140 (size before relaxing)
 .debug_str     0x0000145c       0x26 C:/Freescale/CW MCU v10.5/MCU/ARM_GCC_Support/ewl/lib/armv6-m\libc.a(strcmp.o)
                                0x152 (size before relaxing)
 .debug_str     0x00001482       0x1c C:/Freescale/CW MCU v10.5/MCU/ARM_GCC_Support/ewl/lib/armv6-m\libc.a(strcpy.o)
                                0x142 (size before relaxing)
 .debug_str     0x0000149e       0x1c C:/Freescale/CW MCU v10.5/MCU/ARM_GCC_Support/ewl/lib/armv6-m\libc.a(strlen.o)
                                0x140 (size before relaxing)
 .debug_str     0x000014ba      0x21d C:/Freescale/CW MCU v10.5/MCU/ARM_GCC_Support/ewl/lib/armv6-m\libc.a(printformat_.o)
                                0x3b3 (size before relaxing)
 .debug_str     0x000016d7      0x14b C:/Freescale/CW MCU v10.5/MCU/ARM_GCC_Support/ewl/lib/armv6-m\libc.a(scanformat_.o)
                                0x3f9 (size before relaxing)
 .debug_str     0x00001822       0x9d C:/Freescale/CW MCU v10.5/MCU/ARM_GCC_Support/ewl/lib/armv6-m\libc.a(ctype_aeabi.o)
                                0x1bc (size before relaxing)
 .debug_str     0x000018bf       0x7c C:/Freescale/CW MCU v10.5/MCU/ARM_GCC_Support/ewl/lib/armv6-m\libc.a(vsnprintf.o)
                                0x1cc (size before relaxing)
 .debug_str     0x0000193b       0x61 C:/Freescale/CW MCU v10.5/MCU/ARM_GCC_Support/ewl/lib/armv6-m\libc.a(__strtoul.o)
                                0x1fb (size before relaxing)
 .debug_str     0x0000199c       0x25 C:/Freescale/CW MCU v10.5/MCU/ARM_GCC_Support/ewl/lib/armv6-m\libc.a(__filll_mem.o)
                                0x152 (size before relaxing)
 .debug_str     0x000019c1       0x1c C:/Freescale/CW MCU v10.5/MCU/ARM_GCC_Support/ewl/lib/armv6-m\libc.a(memchr.o)
                                0x148 (size before relaxing)
 .debug_str     0x000019dd       0x1c C:/Freescale/CW MCU v10.5/MCU/ARM_GCC_Support/ewl/lib/armv6-m\libc.a(memcpy.o)
                                0x138 (size before relaxing)
 .debug_str     0x000019f9       0x1c C:/Freescale/CW MCU v10.5/MCU/ARM_GCC_Support/ewl/lib/armv6-m\libc.a(strchr.o)
                                0x137 (size before relaxing)
 .debug_str     0x00001a15      0x126 C:/Freescale/CW MCU v10.5/MCU/ARM_GCC_Support/ewl/lib/armv6-m\librt.a(gcc_ctor_dtor.o)
                                0x181 (size before relaxing)
 .debug_str     0x00001b3b       0x9c C:/Freescale/CW MCU v10.5/MCU/ARM_GCC_Support/ewl/lib/armv6-m\librt.a(ROMCopy.o)
                                0x13c (size before relaxing)
 .debug_str     0x00001bd7       0xf8 C:/Freescale/CW MCU v10.5/MCU/ARM_GCC_Support/ewl/lib/armv6-m\librt.a(__arm_eabi_init.o)
                                0x1b5 (size before relaxing)

.comment        0x00000000       0x79
 .comment       0x00000000       0x79 ./Project_Settings/Startup_Code/kinetis_sysinit.o
                                 0x7a (size before relaxing)
 .comment       0x00000000       0x7a ./Project_Settings/Startup_Code/__arm_start.o
 .comment       0x00000000       0x7a ./Project_Settings/Startup_Code/__arm_end.o
 .comment       0x00000000       0x7a ./sources/TFC/TFC_arm_cm0.o
 .comment       0x00000000       0x7a ./sources/TFC/TFC_UART.o
 .comment       0x00000000       0x7a ./sources/TFC/TFC_Terminal.o
 .comment       0x00000000       0x7a ./sources/TFC/TFC_Servo.o
 .comment       0x00000000       0x7a ./sources/TFC/TFC_Queue.o
 .comment       0x00000000       0x7a ./sources/TFC/TFC_Motor.o
 .comment       0x00000000       0x7a ./sources/TFC/TFC_LineScanCamera.o
 .comment       0x00000000       0x7a ./sources/TFC/TFC_CrystalClock.o
 .comment       0x00000000       0x7a ./sources/TFC/TFC_BoardSupport.o
 .comment       0x00000000       0x7a ./sources/TFC/TFC_ARM_SysTick.o
 .comment       0x00000000       0x7a ./sources/TFC/TFC_ADC.o
 .comment       0x00000000       0x7a ./sources/TFC/TFC.o
 .comment       0x00000000       0x7a ./sources/main.o
 .comment       0x00000000       0x7a C:/Freescale/CW MCU v10.5/MCU/ARM_GCC_Support/ewl/lib/armv6-m\libc.a(sscanf.o)
 .comment       0x00000000       0x7a C:/Freescale/CW MCU v10.5/MCU/ARM_GCC_Support/ewl/lib/armv6-m\libc.a(vsprintf.o)
 .comment       0x00000000       0x7a C:/Freescale/CW MCU v10.5/MCU/ARM_GCC_Support/ewl/lib/armv6-m\libc.a(vsscanf.o)
 .comment       0x00000000       0x7a C:/Freescale/CW MCU v10.5/MCU/ARM_GCC_Support/ewl/lib/armv6-m\libc.a(exit.o)
 .comment       0x00000000       0x7a C:/Freescale/CW MCU v10.5/MCU/ARM_GCC_Support/ewl/lib/armv6-m\libc.a(memset.o)
 .comment       0x00000000       0x7a C:/Freescale/CW MCU v10.5/MCU/ARM_GCC_Support/ewl/lib/armv6-m\libc.a(strcmp.o)
 .comment       0x00000000       0x7a C:/Freescale/CW MCU v10.5/MCU/ARM_GCC_Support/ewl/lib/armv6-m\libc.a(strcpy.o)
 .comment       0x00000000       0x7a C:/Freescale/CW MCU v10.5/MCU/ARM_GCC_Support/ewl/lib/armv6-m\libc.a(strlen.o)
 .comment       0x00000000       0x7a C:/Freescale/CW MCU v10.5/MCU/ARM_GCC_Support/ewl/lib/armv6-m\libc.a(printformat_.o)
 .comment       0x00000000       0x7a C:/Freescale/CW MCU v10.5/MCU/ARM_GCC_Support/ewl/lib/armv6-m\libc.a(scanformat_.o)
 .comment       0x00000000       0x7a C:/Freescale/CW MCU v10.5/MCU/ARM_GCC_Support/ewl/lib/armv6-m\libc.a(ctype_aeabi.o)
 .comment       0x00000000       0x7a C:/Freescale/CW MCU v10.5/MCU/ARM_GCC_Support/ewl/lib/armv6-m\libc.a(vsnprintf.o)
 .comment       0x00000000       0x7a C:/Freescale/CW MCU v10.5/MCU/ARM_GCC_Support/ewl/lib/armv6-m\libc.a(__strtoul.o)
 .comment       0x00000000       0x7a C:/Freescale/CW MCU v10.5/MCU/ARM_GCC_Support/ewl/lib/armv6-m\libc.a(__filll_mem.o)
 .comment       0x00000000       0x7a C:/Freescale/CW MCU v10.5/MCU/ARM_GCC_Support/ewl/lib/armv6-m\libc.a(memchr.o)
 .comment       0x00000000       0x7a C:/Freescale/CW MCU v10.5/MCU/ARM_GCC_Support/ewl/lib/armv6-m\libc.a(memcpy.o)
 .comment       0x00000000       0x7a C:/Freescale/CW MCU v10.5/MCU/ARM_GCC_Support/ewl/lib/armv6-m\libc.a(strchr.o)
 .comment       0x00000000       0x7a C:/Freescale/CW MCU v10.5/MCU/ARM_GCC_Support/ewl/lib/armv6-m\librt.a(gcc_ctor_dtor.o)
 .comment       0x00000000       0x7a C:/Freescale/CW MCU v10.5/MCU/ARM_GCC_Support/ewl/lib/armv6-m\librt.a(ROMCopy.o)
 .comment       0x00000000       0x7a C:/Freescale/CW MCU v10.5/MCU/ARM_GCC_Support/ewl/lib/armv6-m\librt.a(__arm_eabi_init.o)

.debug_frame    0x00000000     0x1598
 .debug_frame   0x00000000       0x48 ./Project_Settings/Startup_Code/kinetis_sysinit.o
 .debug_frame   0x00000048       0x4c ./Project_Settings/Startup_Code/__arm_start.o
 .debug_frame   0x00000094       0x30 ./Project_Settings/Startup_Code/__arm_end.o
 .debug_frame   0x000000c4       0xcc ./sources/TFC/TFC_arm_cm0.o
 .debug_frame   0x00000190       0xe8 ./sources/TFC/TFC_UART.o
 .debug_frame   0x00000278      0x150 ./sources/TFC/TFC_Terminal.o
 .debug_frame   0x000003c8      0x120 ./sources/TFC/TFC_Servo.o
 .debug_frame   0x000004e8       0xf4 ./sources/TFC/TFC_Queue.o
 .debug_frame   0x000005dc       0x54 ./sources/TFC/TFC_Motor.o
 .debug_frame   0x00000630       0x50 ./sources/TFC/TFC_LineScanCamera.o
 .debug_frame   0x00000680      0x390 ./sources/TFC/TFC_CrystalClock.o
 .debug_frame   0x00000a10       0x6c ./sources/TFC/TFC_BoardSupport.o
 .debug_frame   0x00000a7c       0x70 ./sources/TFC/TFC_ARM_SysTick.o
 .debug_frame   0x00000aec      0x128 ./sources/TFC/TFC_ADC.o
 .debug_frame   0x00000c14       0x48 ./sources/TFC/TFC.o
 .debug_frame   0x00000c5c       0x30 ./sources/main.o
 .debug_frame   0x00000c8c       0x2c C:/Freescale/CW MCU v10.5/MCU/ARM_GCC_Support/ewl/lib/armv6-m\libc.a(sscanf.o)
 .debug_frame   0x00000cb8       0x28 C:/Freescale/CW MCU v10.5/MCU/ARM_GCC_Support/ewl/lib/armv6-m\libc.a(vsprintf.o)
 .debug_frame   0x00000ce0       0x48 C:/Freescale/CW MCU v10.5/MCU/ARM_GCC_Support/ewl/lib/armv6-m\libc.a(vsscanf.o)
 .debug_frame   0x00000d28       0x2c C:/Freescale/CW MCU v10.5/MCU/ARM_GCC_Support/ewl/lib/armv6-m\libc.a(exit.o)
 .debug_frame   0x00000d54       0x28 C:/Freescale/CW MCU v10.5/MCU/ARM_GCC_Support/ewl/lib/armv6-m\libc.a(memset.o)
 .debug_frame   0x00000d7c       0x28 C:/Freescale/CW MCU v10.5/MCU/ARM_GCC_Support/ewl/lib/armv6-m\libc.a(strcmp.o)
 .debug_frame   0x00000da4       0x28 C:/Freescale/CW MCU v10.5/MCU/ARM_GCC_Support/ewl/lib/armv6-m\libc.a(strcpy.o)
 .debug_frame   0x00000dcc       0x28 C:/Freescale/CW MCU v10.5/MCU/ARM_GCC_Support/ewl/lib/armv6-m\libc.a(strlen.o)
 .debug_frame   0x00000df4       0x54 C:/Freescale/CW MCU v10.5/MCU/ARM_GCC_Support/ewl/lib/armv6-m\libc.a(printformat_.o)
 .debug_frame   0x00000e48       0x34 C:/Freescale/CW MCU v10.5/MCU/ARM_GCC_Support/ewl/lib/armv6-m\libc.a(scanformat_.o)
 .debug_frame   0x00000e7c      0x158 C:/Freescale/CW MCU v10.5/MCU/ARM_GCC_Support/ewl/lib/armv6-m\libc.a(ctype_aeabi.o)
 .debug_frame   0x00000fd4       0x4c C:/Freescale/CW MCU v10.5/MCU/ARM_GCC_Support/ewl/lib/armv6-m\libc.a(vsnprintf.o)
 .debug_frame   0x00001020       0x30 C:/Freescale/CW MCU v10.5/MCU/ARM_GCC_Support/ewl/lib/armv6-m\libc.a(__strtoul.o)
 .debug_frame   0x00001050       0x2c C:/Freescale/CW MCU v10.5/MCU/ARM_GCC_Support/ewl/lib/armv6-m\libc.a(__filll_mem.o)
 .debug_frame   0x0000107c       0x28 C:/Freescale/CW MCU v10.5/MCU/ARM_GCC_Support/ewl/lib/armv6-m\libc.a(memchr.o)
 .debug_frame   0x000010a4       0x28 C:/Freescale/CW MCU v10.5/MCU/ARM_GCC_Support/ewl/lib/armv6-m\libc.a(memcpy.o)
 .debug_frame   0x000010cc       0x28 C:/Freescale/CW MCU v10.5/MCU/ARM_GCC_Support/ewl/lib/armv6-m\libc.a(strchr.o)
 .debug_frame   0x000010f4       0x20 c:/freescale/cw mcu v10.5/cross_tools/arm-none-eabi-gcc-4_7_3/bin/../lib/gcc/arm-none-eabi/4.7.3/armv6-m\libgcc.a(_udivsi3.o)
 .debug_frame   0x00001114       0x20 c:/freescale/cw mcu v10.5/cross_tools/arm-none-eabi-gcc-4_7_3/bin/../lib/gcc/arm-none-eabi/4.7.3/armv6-m\libgcc.a(_divsi3.o)
 .debug_frame   0x00001134       0x28 c:/freescale/cw mcu v10.5/cross_tools/arm-none-eabi-gcc-4_7_3/bin/../lib/gcc/arm-none-eabi/4.7.3/armv6-m\libgcc.a(_fixunssfsi.o)
 .debug_frame   0x0000115c       0x3c c:/freescale/cw mcu v10.5/cross_tools/arm-none-eabi-gcc-4_7_3/bin/../lib/gcc/arm-none-eabi/4.7.3/armv6-m\libgcc.a(divsf3.o)
 .debug_frame   0x00001198       0x2c c:/freescale/cw mcu v10.5/cross_tools/arm-none-eabi-gcc-4_7_3/bin/../lib/gcc/arm-none-eabi/4.7.3/armv6-m\libgcc.a(eqsf2.o)
 .debug_frame   0x000011c4       0x30 c:/freescale/cw mcu v10.5/cross_tools/arm-none-eabi-gcc-4_7_3/bin/../lib/gcc/arm-none-eabi/4.7.3/armv6-m\libgcc.a(gesf2.o)
 .debug_frame   0x000011f4       0x30 c:/freescale/cw mcu v10.5/cross_tools/arm-none-eabi-gcc-4_7_3/bin/../lib/gcc/arm-none-eabi/4.7.3/armv6-m\libgcc.a(lesf2.o)
 .debug_frame   0x00001224       0x3c c:/freescale/cw mcu v10.5/cross_tools/arm-none-eabi-gcc-4_7_3/bin/../lib/gcc/arm-none-eabi/4.7.3/armv6-m\libgcc.a(mulsf3.o)
 .debug_frame   0x00001260       0x30 c:/freescale/cw mcu v10.5/cross_tools/arm-none-eabi-gcc-4_7_3/bin/../lib/gcc/arm-none-eabi/4.7.3/armv6-m\libgcc.a(subsf3.o)
 .debug_frame   0x00001290       0x28 c:/freescale/cw mcu v10.5/cross_tools/arm-none-eabi-gcc-4_7_3/bin/../lib/gcc/arm-none-eabi/4.7.3/armv6-m\libgcc.a(fixsfsi.o)
 .debug_frame   0x000012b8       0x2c c:/freescale/cw mcu v10.5/cross_tools/arm-none-eabi-gcc-4_7_3/bin/../lib/gcc/arm-none-eabi/4.7.3/armv6-m\libgcc.a(floatsisf.o)
 .debug_frame   0x000012e4       0x28 c:/freescale/cw mcu v10.5/cross_tools/arm-none-eabi-gcc-4_7_3/bin/../lib/gcc/arm-none-eabi/4.7.3/armv6-m\libgcc.a(floatunsisf.o)
 .debug_frame   0x0000130c       0x3c c:/freescale/cw mcu v10.5/cross_tools/arm-none-eabi-gcc-4_7_3/bin/../lib/gcc/arm-none-eabi/4.7.3/armv6-m\libgcc.a(adddf3.o)
 .debug_frame   0x00001348       0x3c c:/freescale/cw mcu v10.5/cross_tools/arm-none-eabi-gcc-4_7_3/bin/../lib/gcc/arm-none-eabi/4.7.3/armv6-m\libgcc.a(divdf3.o)
 .debug_frame   0x00001384       0x3c c:/freescale/cw mcu v10.5/cross_tools/arm-none-eabi-gcc-4_7_3/bin/../lib/gcc/arm-none-eabi/4.7.3/armv6-m\libgcc.a(muldf3.o)
 .debug_frame   0x000013c0       0x2c c:/freescale/cw mcu v10.5/cross_tools/arm-none-eabi-gcc-4_7_3/bin/../lib/gcc/arm-none-eabi/4.7.3/armv6-m\libgcc.a(floatunsidf.o)
 .debug_frame   0x000013ec       0x2c c:/freescale/cw mcu v10.5/cross_tools/arm-none-eabi-gcc-4_7_3/bin/../lib/gcc/arm-none-eabi/4.7.3/armv6-m\libgcc.a(extendsfdf2.o)
 .debug_frame   0x00001418       0x30 c:/freescale/cw mcu v10.5/cross_tools/arm-none-eabi-gcc-4_7_3/bin/../lib/gcc/arm-none-eabi/4.7.3/armv6-m\libgcc.a(truncdfsf2.o)
 .debug_frame   0x00001448       0x40 C:/Freescale/CW MCU v10.5/MCU/ARM_GCC_Support/ewl/lib/armv6-m\librt.a(gcc_ctor_dtor.o)
 .debug_frame   0x00001488       0x54 C:/Freescale/CW MCU v10.5/MCU/ARM_GCC_Support/ewl/lib/armv6-m\librt.a(ROMCopy.o)
 .debug_frame   0x000014dc       0xbc C:/Freescale/CW MCU v10.5/MCU/ARM_GCC_Support/ewl/lib/armv6-m\librt.a(__arm_eabi_init.o)
